Archive member included because of file (symbol)

c:/siliconlabs/simplicitystudio/v3/developer/toolchains/gnu_arm/4.8_2013q4/bin/../lib/gcc/arm-none-eabi/4.8.3/../../../../arm-none-eabi/lib/armv6-m\libm.a(lib_a-w_sqrt.o)
                              ./src/gestureRecognition.o (sqrt)
c:/siliconlabs/simplicitystudio/v3/developer/toolchains/gnu_arm/4.8_2013q4/bin/../lib/gcc/arm-none-eabi/4.8.3/../../../../arm-none-eabi/lib/armv6-m\libm.a(lib_a-e_sqrt.o)
                              c:/siliconlabs/simplicitystudio/v3/developer/toolchains/gnu_arm/4.8_2013q4/bin/../lib/gcc/arm-none-eabi/4.8.3/../../../../arm-none-eabi/lib/armv6-m\libm.a(lib_a-w_sqrt.o) (__ieee754_sqrt)
c:/siliconlabs/simplicitystudio/v3/developer/toolchains/gnu_arm/4.8_2013q4/bin/../lib/gcc/arm-none-eabi/4.8.3/../../../../arm-none-eabi/lib/armv6-m\libm.a(lib_a-s_fpclassify.o)
                              c:/siliconlabs/simplicitystudio/v3/developer/toolchains/gnu_arm/4.8_2013q4/bin/../lib/gcc/arm-none-eabi/4.8.3/../../../../arm-none-eabi/lib/armv6-m\libm.a(lib_a-w_sqrt.o) (__fpclassifyd)
c:/siliconlabs/simplicitystudio/v3/developer/toolchains/gnu_arm/4.8_2013q4/bin/../lib/gcc/arm-none-eabi/4.8.3/../../../../arm-none-eabi/lib/armv6-m\libm.a(lib_a-s_lib_ver.o)
                              c:/siliconlabs/simplicitystudio/v3/developer/toolchains/gnu_arm/4.8_2013q4/bin/../lib/gcc/arm-none-eabi/4.8.3/../../../../arm-none-eabi/lib/armv6-m\libm.a(lib_a-w_sqrt.o) (__fdlib_version)
c:/siliconlabs/simplicitystudio/v3/developer/toolchains/gnu_arm/4.8_2013q4/bin/../lib/gcc/arm-none-eabi/4.8.3/../../../../arm-none-eabi/lib/armv6-m\libm.a(lib_a-s_matherr.o)
                              c:/siliconlabs/simplicitystudio/v3/developer/toolchains/gnu_arm/4.8_2013q4/bin/../lib/gcc/arm-none-eabi/4.8.3/../../../../arm-none-eabi/lib/armv6-m\libm.a(lib_a-w_sqrt.o) (matherr)
c:/siliconlabs/simplicitystudio/v3/developer/toolchains/gnu_arm/4.8_2013q4/bin/../lib/gcc/arm-none-eabi/4.8.3/armv6-m\libgcc.a(_udivsi3.o)
                              ./src/main.o (__aeabi_uidiv)
c:/siliconlabs/simplicitystudio/v3/developer/toolchains/gnu_arm/4.8_2013q4/bin/../lib/gcc/arm-none-eabi/4.8.3/armv6-m\libgcc.a(_divsi3.o)
                              ./src/gestureRecognition.o (__aeabi_idiv)
c:/siliconlabs/simplicitystudio/v3/developer/toolchains/gnu_arm/4.8_2013q4/bin/../lib/gcc/arm-none-eabi/4.8.3/armv6-m\libgcc.a(_dvmd_tls.o)
                              c:/siliconlabs/simplicitystudio/v3/developer/toolchains/gnu_arm/4.8_2013q4/bin/../lib/gcc/arm-none-eabi/4.8.3/armv6-m\libgcc.a(_udivsi3.o) (__aeabi_idiv0)
c:/siliconlabs/simplicitystudio/v3/developer/toolchains/gnu_arm/4.8_2013q4/bin/../lib/gcc/arm-none-eabi/4.8.3/armv6-m\libgcc.a(_arm_cmpdf2.o)
                              c:/siliconlabs/simplicitystudio/v3/developer/toolchains/gnu_arm/4.8_2013q4/bin/../lib/gcc/arm-none-eabi/4.8.3/../../../../arm-none-eabi/lib/armv6-m\libm.a(lib_a-w_sqrt.o) (__aeabi_dcmplt)
c:/siliconlabs/simplicitystudio/v3/developer/toolchains/gnu_arm/4.8_2013q4/bin/../lib/gcc/arm-none-eabi/4.8.3/armv6-m\libgcc.a(_arm_cmpsf2.o)
                              ./src/gestureRecognition.o (__aeabi_fcmpeq)
c:/siliconlabs/simplicitystudio/v3/developer/toolchains/gnu_arm/4.8_2013q4/bin/../lib/gcc/arm-none-eabi/4.8.3/armv6-m\libgcc.a(addsf3.o)
                              ./src/gestureRecognition.o (__aeabi_fadd)
c:/siliconlabs/simplicitystudio/v3/developer/toolchains/gnu_arm/4.8_2013q4/bin/../lib/gcc/arm-none-eabi/4.8.3/armv6-m\libgcc.a(divsf3.o)
                              ./src/gestureRecognition.o (__aeabi_fdiv)
c:/siliconlabs/simplicitystudio/v3/developer/toolchains/gnu_arm/4.8_2013q4/bin/../lib/gcc/arm-none-eabi/4.8.3/armv6-m\libgcc.a(eqsf2.o)
                              c:/siliconlabs/simplicitystudio/v3/developer/toolchains/gnu_arm/4.8_2013q4/bin/../lib/gcc/arm-none-eabi/4.8.3/armv6-m\libgcc.a(_arm_cmpsf2.o) (__eqsf2)
c:/siliconlabs/simplicitystudio/v3/developer/toolchains/gnu_arm/4.8_2013q4/bin/../lib/gcc/arm-none-eabi/4.8.3/armv6-m\libgcc.a(gesf2.o)
                              c:/siliconlabs/simplicitystudio/v3/developer/toolchains/gnu_arm/4.8_2013q4/bin/../lib/gcc/arm-none-eabi/4.8.3/armv6-m\libgcc.a(_arm_cmpsf2.o) (__gesf2)
c:/siliconlabs/simplicitystudio/v3/developer/toolchains/gnu_arm/4.8_2013q4/bin/../lib/gcc/arm-none-eabi/4.8.3/armv6-m\libgcc.a(lesf2.o)
                              c:/siliconlabs/simplicitystudio/v3/developer/toolchains/gnu_arm/4.8_2013q4/bin/../lib/gcc/arm-none-eabi/4.8.3/armv6-m\libgcc.a(_arm_cmpsf2.o) (__lesf2)
c:/siliconlabs/simplicitystudio/v3/developer/toolchains/gnu_arm/4.8_2013q4/bin/../lib/gcc/arm-none-eabi/4.8.3/armv6-m\libgcc.a(mulsf3.o)
                              ./src/gestureRecognition.o (__aeabi_fmul)
c:/siliconlabs/simplicitystudio/v3/developer/toolchains/gnu_arm/4.8_2013q4/bin/../lib/gcc/arm-none-eabi/4.8.3/armv6-m\libgcc.a(subsf3.o)
                              ./src/gestureRecognition.o (__aeabi_fsub)
[...]
Memory Configuration

Name             Origin             Length             Attributes
FLASH            0x00000000         0x00010000         xr
RAM              0x20000000         0x00002000         xrw
*default*        0x00000000         0xffffffff

Linker script and memory map

LOAD c:/siliconlabs/simplicitystudio/v3/developer/toolchains/gnu_arm/4.8_2013q4/bin/../lib/gcc/arm-none-eabi/4.8.3/armv6-m/crti.o
LOAD c:/siliconlabs/simplicitystudio/v3/developer/toolchains/gnu_arm/4.8_2013q4/bin/../lib/gcc/arm-none-eabi/4.8.3/armv6-m/crtbegin.o
LOAD c:/siliconlabs/simplicitystudio/v3/developer/toolchains/gnu_arm/4.8_2013q4/bin/../lib/gcc/arm-none-eabi/4.8.3/../../../../arm-none-eabi/lib/armv6-m/crt0.o
LOAD ./src/InitDevice.o
LOAD ./src/gestureRecognition.o
LOAD ./src/main.o
LOAD ./src/user_usart.o
LOAD ./emlib/em_cmu.o
LOAD ./emlib/em_emu.o
LOAD ./emlib/em_gpio.o
LOAD ./emlib/em_i2c.o
LOAD ./emlib/em_system.o
LOAD ./emlib/em_timer.o
LOAD ./emlib/em_usart.o
LOAD ./bglib/bglib_txrx.o
LOAD ./CMSIS/efm32hg/startup_gcc_efm32hg.o
LOAD ./CMSIS/efm32hg/system_efm32hg.o
LOAD ./BSP/bsp_stk_leds.o
LOAD c:/siliconlabs/simplicitystudio/v3/developer/toolchains/gnu_arm/4.8_2013q4/bin/../lib/gcc/arm-none-eabi/4.8.3/../../../../arm-none-eabi/lib/armv6-m\libm.a
START GROUP
LOAD c:/siliconlabs/simplicitystudio/v3/developer/toolchains/gnu_arm/4.8_2013q4/bin/../lib/gcc/arm-none-eabi/4.8.3/armv6-m\libgcc.a
LOAD c:/siliconlabs/simplicitystudio/v3/developer/toolchains/gnu_arm/4.8_2013q4/bin/../lib/gcc/arm-none-eabi/4.8.3/../../../../arm-none-eabi/lib/armv6-m\libc_s.a
LOAD c:/siliconlabs/simplicitystudio/v3/developer/toolchains/gnu_arm/4.8_2013q4/bin/../lib/gcc/arm-none-eabi/4.8.3/../../../../arm-none-eabi/lib/armv6-m\libnosys.a
END GROUP
START GROUP
LOAD c:/siliconlabs/simplicitystudio/v3/developer/toolchains/gnu_arm/4.8_2013q4/bin/../lib/gcc/arm-none-eabi/4.8.3/armv6-m\libgcc.a
LOAD c:/siliconlabs/simplicitystudio/v3/developer/toolchains/gnu_arm/4.8_2013q4/bin/../lib/gcc/arm-none-eabi/4.8.3/../../../../arm-none-eabi/lib/armv6-m\libg_s.a
LOAD c:/siliconlabs/simplicitystudio/v3/developer/toolchains/gnu_arm/4.8_2013q4/bin/../lib/gcc/arm-none-eabi/4.8.3/../../../../arm-none-eabi/lib/armv6-m\libc_s.a
END GROUP
START GROUP
LOAD c:/siliconlabs/simplicitystudio/v3/developer/toolchains/gnu_arm/4.8_2013q4/bin/../lib/gcc/arm-none-eabi/4.8.3/armv6-m\libgcc.a
LOAD c:/siliconlabs/simplicitystudio/v3/developer/toolchains/gnu_arm/4.8_2013q4/bin/../lib/gcc/arm-none-eabi/4.8.3/../../../../arm-none-eabi/lib/armv6-m\libc_s.a
END GROUP
LOAD c:/siliconlabs/simplicitystudio/v3/developer/toolchains/gnu_arm/4.8_2013q4/bin/../lib/gcc/arm-none-eabi/4.8.3/armv6-m/crtend.o
LOAD c:/siliconlabs/simplicitystudio/v3/developer/toolchains/gnu_arm/4.8_2013q4/bin/../lib/gcc/arm-none-eabi/4.8.3/armv6-m/crtn.o

.text           0x00000000     0xf0b0
 *(.vectors)
 .vectors       0x00000000       0x94 ./CMSIS/efm32hg/startup_gcc_efm32hg.o
                0x00000000                __Vectors
                0x00000094                __Vectors_End = .
                0x00000094                __Vectors_Size = (__Vectors_End - __Vectors)
                0x00000094                __end__ = .
 *(.text*)
 .text          0x00000094       0x60 c:/siliconlabs/simplicitystudio/v3/developer/toolchains/gnu_arm/4.8_2013q4/bin/../lib/gcc/arm-none-eabi/4.8.3/armv6-m/crtbegin.o
 .text          0x000000f4       0x78 c:/siliconlabs/simplicitystudio/v3/developer/toolchains/gnu_arm/4.8_2013q4/bin/../lib/gcc/arm-none-eabi/4.8.3/../../../../arm-none-eabi/lib/armv6-m/crt0.o
                0x000000f4                _start
                0x000000f4                _mainCRTStartup
 .text.enter_DefaultMode_from_RESET
                0x0000016c       0x1c ./src/InitDevice.o
                0x0000016c                enter_DefaultMode_from_RESET
 .text.CMU_enter_DefaultMode_from_RESET
                0x00000188       0x48 ./src/InitDevice.o
                0x00000188                CMU_enter_DefaultMode_from_RESET
 .text.USART0_enter_DefaultMode_from_RESET
                0x000001d0       0xac ./src/InitDevice.o
                0x000001d0                USART0_enter_DefaultMode_from_RESET
 .text.I2C0_enter_DefaultMode_from_RESET
                0x0000027c       0x48 ./src/InitDevice.o
                0x0000027c                I2C0_enter_DefaultMode_from_RESET
 .text.TIMER0_enter_DefaultMode_from_RESET
                0x000002c4      0x3b4 ./src/InitDevice.o
                0x000002c4                TIMER0_enter_DefaultMode_from_RESET
 .text.PORTIO_enter_DefaultMode_from_RESET
                0x00000678       0xf4 ./src/InitDevice.o
                0x00000678                PORTIO_enter_DefaultMode_from_RESET
 .text.deriveCorrelation
                0x0000076c      0x648 ./src/gestureRecognition.o
                0x0000076c                deriveCorrelation
 .text.compareSelfCorrleation
                0x00000db4      0x364 ./src/gestureRecognition.o
                0x00000db4                compareSelfCorrleation
 .text.weightedMovingAverage
                0x00001118       0xb4 ./src/gestureRecognition.o
                0x00001118                weightedMovingAverage
 .text.compareOtherCorrelation
                0x000011cc      0xc48 ./src/gestureRecognition.o
                0x000011cc                compareOtherCorrelation
 .text.normalizingFunction
                0x00001e14       0x90 ./src/gestureRecognition.o
                0x00001e14                normalizingFunction
 .text.crossCorrelation
                0x00001ea4      0x17c ./src/gestureRecognition.o
                0x00001ea4                crossCorrelation
 .text.assignDB_FRONT
                0x00002020       0xd0 ./src/gestureRecognition.o
                0x00002020                assignDB_FRONT
 .text.assignDB_RIGHT
                0x000020f0       0xd0 ./src/gestureRecognition.o
                0x000020f0                assignDB_RIGHT
 .text.assignDB_UP
                0x000021c0       0xd0 ./src/gestureRecognition.o
                0x000021c0                assignDB_UP
 .text.assignDB_CLOCK
                0x00002290       0xd0 ./src/gestureRecognition.o
                0x00002290                assignDB_CLOCK
 .text.assignDB_LOW
                0x00002360       0xd0 ./src/gestureRecognition.o
                0x00002360                assignDB_LOW
 .text.assignDB_FRONT_RL
                0x00002430       0xd0 ./src/gestureRecognition.o
                0x00002430                assignDB_FRONT_RL
 .text.assignDB_BACK_RL
                0x00002500       0xd0 ./src/gestureRecognition.o
                0x00002500                assignDB_BACK_RL
 .text.assignDB_RIGHT_FB
                0x000025d0       0xd0 ./src/gestureRecognition.o
                0x000025d0                assignDB_RIGHT_FB
 .text.assignDB_LEFT_FB
                0x000026a0       0xd0 ./src/gestureRecognition.o
                0x000026a0                assignDB_LEFT_FB
 .text.assignDB_UP_RL
                0x00002770       0xd0 ./src/gestureRecognition.o
                0x00002770                assignDB_UP_RL
 .text.assignDB_DOWN_RL
                0x00002840       0xd0 ./src/gestureRecognition.o
                0x00002840                assignDB_DOWN_RL
 .text.assignDB_RIGHT_UD
                0x00002910       0xd0 ./src/gestureRecognition.o
                0x00002910                assignDB_RIGHT_UD
 .text.assignDB_LEFT_UD
                0x000029e0       0xd0 ./src/gestureRecognition.o
                0x000029e0                assignDB_LEFT_UD
 .text.assignDB_UP_FB
                0x00002ab0       0xd0 ./src/gestureRecognition.o
                0x00002ab0                assignDB_UP_FB
 .text.assignDB_DOWN_FB
                0x00002b80       0xd0 ./src/gestureRecognition.o
                0x00002b80                assignDB_DOWN_FB
 .text.assignDB_FRONT_UD
                0x00002c50       0xd0 ./src/gestureRecognition.o
                0x00002c50                assignDB_FRONT_UD
 .text.assignDB_BACK_UD
                0x00002d20       0xd0 ./src/gestureRecognition.o
                0x00002d20                assignDB_BACK_UD
 .text.gestureRecognition
                0x00002df0      0xc40 ./src/gestureRecognition.o
                0x00002df0                gestureRecognition
 .text.NVIC_SetPriority
                0x00003a30       0xe0 ./src/main.o
 .text.SysTick_Config
                0x00003b10       0x48 ./src/main.o
 .text.CHIP_Init
                0x00003b58       0x40 ./src/main.o
 .text.SysTick_Handler
                0x00003b98       0x18 ./src/main.o
                0x00003b98                SysTick_Handler
 .text.Delay    0x00003bb0       0x28 ./src/main.o
                0x00003bb0                Delay
 .text.i2c_write_with_regaddr
                0x00003bd8       0x9c ./src/main.o
                0x00003bd8                i2c_write_with_regaddr
 .text.i2c_read_with_regaddr
                0x00003c74       0x9c ./src/main.o
                0x00003c74                i2c_read_with_regaddr
 .text.LED_blink
                0x00003d10       0x40 ./src/main.o
                0x00003d10                LED_blink
 .text.main     0x00003d50      0x254 ./src/main.o
                0x00003d50                main
 .text.get_key_value
                0x00003fa4      0x618 ./src/main.o
                0x00003fa4                get_key_value
 .text.NVIC_EnableIRQ
                0x000045bc       0x2c ./src/user_usart.o
 .text.NVIC_ClearPendingIRQ
                0x000045e8       0x34 ./src/user_usart.o
 .text.USART_IntClear
                0x0000461c       0x18 ./src/user_usart.o
 .text.USART_IntEnable
                0x00004634       0x1c ./src/user_usart.o
 .text.INT_Disable
                0x00004650       0x28 ./src/user_usart.o
 .text.INT_Enable
                0x00004678       0x38 ./src/user_usart.o
 .text.USART0_SEND
                0x000046b0       0x44 ./src/user_usart.o
                0x000046b0                USART0_SEND
 .text.USART0_RX_IRQHandler
                0x000046f4       0x64 ./src/user_usart.o
                0x000046f4                USART0_RX_IRQHandler
 .text.LEUART0_IRQHandler
                0x00004758        0x8 ./src/user_usart.o
                0x00004758                LEUART0_IRQHandler
 .text.init_uart_rx_buffer
                0x00004760       0x20 ./src/user_usart.o
                0x00004760                init_uart_rx_buffer
 .text.get_usart_rx_data_blocking
                0x00004780       0x84 ./src/user_usart.o
                0x00004780                get_usart_rx_data_blocking
 .text.init_user_usart
                0x00004804       0x30 ./src/user_usart.o
                0x00004804                init_user_usart
 .text.BUS_RegBitWrite
                0x00004834       0x3c ./emlib/em_cmu.o
 .text.CMU_FlashWaitStateControl
                0x00004870       0x7c ./emlib/em_cmu.o
 .text.CMU_FlashWaitStateMax
                0x000048ec       0x1c ./emlib/em_cmu.o
 .text.CMU_USBCClkGet
                0x00004908       0x58 ./emlib/em_cmu.o
 .text.CMU_AUXClkGet
                0x00004960       0x88 ./emlib/em_cmu.o
 .text.CMU_DBGClkGet
                0x000049e8       0x68 ./emlib/em_cmu.o
 .text.CMU_LFClkGet
                0x00004a50       0x8c ./emlib/em_cmu.o
 .text.CMU_Sync
                0x00004adc       0x2c ./emlib/em_cmu.o
 .text.CMU_ClockEnable
                0x00004b08       0xb4 ./emlib/em_cmu.o
                0x00004b08                CMU_ClockEnable
 .text.CMU_ClockFreqGet
                0x00004bbc      0x170 ./emlib/em_cmu.o
                0x00004bbc                CMU_ClockFreqGet
 .text.CMU_ClockSelectGet
                0x00004d2c      0x1e4 ./emlib/em_cmu.o
                0x00004d2c                CMU_ClockSelectGet
 .text.CMU_ClockSelectSet
                0x00004f10      0x244 ./emlib/em_cmu.o
                0x00004f10                CMU_ClockSelectSet
 .text.CMU_OscillatorEnable
                0x00005154       0xc8 ./emlib/em_cmu.o
                0x00005154                CMU_OscillatorEnable
 .text.EMU_UpdateOscConfig
                0x0000521c       0x18 ./emlib/em_emu.o
                0x0000521c                EMU_UpdateOscConfig
 .text.GPIO_PinModeSet
                0x00005234      0x1a8 ./emlib/em_gpio.o
                0x00005234                GPIO_PinModeSet
 .text.BUS_RegBitWrite
                0x000053dc       0x3c ./emlib/em_i2c.o
 .text.I2C_BusFreqSet
                0x00005418       0x98 ./emlib/em_i2c.o
                0x00005418                I2C_BusFreqSet
 .text.I2C_Init
                0x000054b0       0x5c ./emlib/em_i2c.o
                0x000054b0                I2C_Init
 .text.I2C_Transfer
                0x0000550c      0x404 ./emlib/em_i2c.o
                0x0000550c                I2C_Transfer
 .text.I2C_TransferInit
                0x00005910       0xb8 ./emlib/em_i2c.o
                0x00005910                I2C_TransferInit
 .text.TIMER_EnableDTI
                0x000059c8       0x3c ./emlib/em_timer.o
 .text.TIMER_GetDTIFault
                0x00005a04       0x18 ./emlib/em_timer.o
 .text.TIMER_ClearDTIFault
                0x00005a1c       0x18 ./emlib/em_timer.o
 .text.TIMER_Init
                0x00005a34       0xfc ./emlib/em_timer.o
                0x00005a34                TIMER_Init
 .text.TIMER_InitCC
                0x00005b30       0xbc ./emlib/em_timer.o
                0x00005b30                TIMER_InitCC
 .text.TIMER_InitDTI
                0x00005bec      0x10c ./emlib/em_timer.o
                0x00005bec                TIMER_InitDTI
 .text.USART_BaudrateAsyncSet
                0x00005cf8       0xc8 ./emlib/em_usart.o
                0x00005cf8                USART_BaudrateAsyncSet
 .text.USART_InitAsync
                0x00005dc0       0x94 ./emlib/em_usart.o
                0x00005dc0                USART_InitAsync
 .text.USART_InitPrsTrigger
                0x00005e54       0x5c ./emlib/em_usart.o
                0x00005e54                USART_InitPrsTrigger
 .text.USART_Reset
                0x00005eb0       0x98 ./emlib/em_usart.o
                0x00005eb0                USART_Reset
 .text.USART_Rx
                0x00005f48       0x24 ./emlib/em_usart.o
                0x00005f48                USART_Rx
 .text.USART_Tx
                0x00005f6c       0x28 ./emlib/em_usart.o
                0x00005f6c                USART_Tx
 .text.on_message_send
                0x00005f94       0x68 ./bglib/bglib_txrx.o
                0x00005f94                on_message_send
 .text.handle_bt_rx
                0x00005ffc      0x5a8 ./bglib/bglib_txrx.o
                0x00005ffc                handle_bt_rx
 .text          0x000065a4       0x30 ./CMSIS/efm32hg/startup_gcc_efm32hg.o
                0x000065a4                Reset_Handler
                0x000065d0                USART0_TX_IRQHandler
                0x000065d0                I2C0_IRQHandler
                0x000065d0                HardFault_Handler
                0x000065d0                USART1_RX_IRQHandler
                0x000065d0                PendSV_Handler
                0x000065d0                NMI_Handler
                0x000065d0                USART1_TX_IRQHandler
                0x000065d0                MSC_IRQHandler
                0x000065d0                ADC0_IRQHandler
                0x000065d0                GPIO_EVEN_IRQHandler
                0x000065d0                RTC_IRQHandler
                0x000065d0                TIMER0_IRQHandler
                0x000065d0                TIMER2_IRQHandler
                0x000065d0                TIMER1_IRQHandler
                0x000065d0                Default_Handler
                0x000065d0                PCNT0_IRQHandler
                0x000065d0                USB_IRQHandler
                0x000065d0                ACMP0_IRQHandler
                0x000065d0                SVC_Handler
                0x000065d0                CMU_IRQHandler
                0x000065d0                GPIO_ODD_IRQHandler
                0x000065d0                AES_IRQHandler
                0x000065d0                VCMP_IRQHandler
                0x000065d0                DMA_IRQHandler
 .text.SystemCoreClockGet
                0x000065d4       0x3c ./CMSIS/efm32hg/system_efm32hg.o
                0x000065d4                SystemCoreClockGet
 .text.SystemHFClockGet
                0x00006610       0xe8 ./CMSIS/efm32hg/system_efm32hg.o
                0x00006610                SystemHFClockGet
 .text.SystemInit
                0x000066f8        0x8 ./CMSIS/efm32hg/system_efm32hg.o
                0x000066f8                SystemInit
 .text.SystemLFRCOClockGet
                0x00006700       0x10 ./CMSIS/efm32hg/system_efm32hg.o
                0x00006700                SystemLFRCOClockGet
 .text.SystemULFRCOClockGet
                0x00006710       0x10 ./CMSIS/efm32hg/system_efm32hg.o
                0x00006710                SystemULFRCOClockGet
 .text.SystemLFXOClockGet
                0x00006720       0x14 ./CMSIS/efm32hg/system_efm32hg.o
                0x00006720                SystemLFXOClockGet
 .text.GPIO_PinOutClear
                0x00006734       0x6c ./BSP/bsp_stk_leds.o
 .text.GPIO_PinOutSet
                0x000067a0       0x6c ./BSP/bsp_stk_leds.o
 .text.BSP_LedsInit
                0x0000680c       0x64 ./BSP/bsp_stk_leds.o
                0x0000680c                BSP_LedsInit
 .text.BSP_LedsSet
                0x00006870       0x74 ./BSP/bsp_stk_leds.o
                0x00006870                BSP_LedsSet
 *fill*         0x000068e4        0x4 
 .text.sqrt     0x000068e8       0xc0 c:/siliconlabs/simplicitystudio/v3/developer/toolchains/gnu_arm/4.8_2013q4/bin/../lib/gcc/arm-none-eabi/4.8.3/../../../../arm-none-eabi/lib/armv6-m\libm.a(lib_a-w_sqrt.o)
                0x000068e8                sqrt
 .text.__ieee754_sqrt
                0x000069a8      0x1cc c:/siliconlabs/simplicitystudio/v3/developer/toolchains/gnu_arm/4.8_2013q4/bin/../lib/gcc/arm-none-eabi/4.8.3/../../../../arm-none-eabi/lib/armv6-m\libm.a(lib_a-e_sqrt.o)
                0x000069a8                __ieee754_sqrt
 .text.__fpclassifyd
                0x00006b74       0x60 c:/siliconlabs/simplicitystudio/v3/developer/toolchains/gnu_arm/4.8_2013q4/bin/../lib/gcc/arm-none-eabi/4.8.3/../../../../arm-none-eabi/lib/armv6-m\libm.a(lib_a-s_fpclassify.o)
                0x00006b74                __fpclassifyd
 .text.matherr  0x00006bd4        0x4 c:/siliconlabs/simplicitystudio/v3/developer/toolchains/gnu_arm/4.8_2013q4/bin/../lib/gcc/arm-none-eabi/4.8.3/../../../../arm-none-eabi/lib/armv6-m\libm.a(lib_a-s_matherr.o)
                0x00006bd4                matherr
 .text          0x00006bd8       0x9c c:/siliconlabs/simplicitystudio/v3/developer/toolchains/gnu_arm/4.8_2013q4/bin/../lib/gcc/arm-none-eabi/4.8.3/armv6-m\libgcc.a(_udivsi3.o)
                0x00006bd8                __aeabi_uidiv
                0x00006bd8                __udivsi3
                0x00006c60                __aeabi_uidivmod
 .text          0x00006c74       0xc0 c:/siliconlabs/simplicitystudio/v3/developer/toolchains/gnu_arm/4.8_2013q4/bin/../lib/gcc/arm-none-eabi/4.8.3/armv6-m\libgcc.a(_divsi3.o)
                0x00006c74                __divsi3
                0x00006c74                __aeabi_idiv
                0x00006d20                __aeabi_idivmod
 .text          0x00006d34        0x4 c:/siliconlabs/simplicitystudio/v3/developer/toolchains/gnu_arm/4.8_2013q4/bin/../lib/gcc/arm-none-eabi/4.8.3/armv6-m\libgcc.a(_dvmd_tls.o)
                0x00006d34                __aeabi_idiv0
                0x00006d34                __aeabi_ldiv0
 .text          0x00006d38       0x7c c:/siliconlabs/simplicitystudio/v3/developer/toolchains/gnu_arm/4.8_2013q4/bin/../lib/gcc/arm-none-eabi/4.8.3/armv6-m\libgcc.a(_arm_cmpdf2.o)
                0x00006d38                __aeabi_cdrcmple
                0x00006d48                __aeabi_cdcmple
                0x00006d48                __aeabi_cdcmpeq
                0x00006d58                __aeabi_dcmpeq
                0x00006d64                __aeabi_dcmplt
                0x00006d78                __aeabi_dcmple
                0x00006d8c                __aeabi_dcmpgt
                0x00006da0                __aeabi_dcmpge
 .text          0x00006db4       0x74 c:/siliconlabs/simplicitystudio/v3/developer/toolchains/gnu_arm/4.8_2013q4/bin/../lib/gcc/arm-none-eabi/4.8.3/armv6-m\libgcc.a(_arm_cmpsf2.o)
                0x00006db4                __aeabi_cfrcmple
                0x00006dbc                __aeabi_cfcmpeq
                0x00006dbc                __aeabi_cfcmple
                0x00006dcc                __aeabi_fcmpeq
                0x00006dd8                __aeabi_fcmplt
                0x00006dec                __aeabi_fcmple
                0x00006e00                __aeabi_fcmpgt
                0x00006e14                __aeabi_fcmpge
 .text          0x00006e28      0x2d8 c:/siliconlabs/simplicitystudio/v3/developer/toolchains/gnu_arm/4.8_2013q4/bin/../lib/gcc/arm-none-eabi/4.8.3/armv6-m\libgcc.a(addsf3.o)
                0x00006e28                __aeabi_fadd
 .text          0x00007100      0x24c c:/siliconlabs/simplicitystudio/v3/developer/toolchains/gnu_arm/4.8_2013q4/bin/../lib/gcc/arm-none-eabi/4.8.3/armv6-m\libgcc.a(divsf3.o)
                0x00007100                __aeabi_fdiv
 .text          0x0000734c       0x50 c:/siliconlabs/simplicitystudio/v3/developer/toolchains/gnu_arm/4.8_2013q4/bin/../lib/gcc/arm-none-eabi/4.8.3/armv6-m\libgcc.a(eqsf2.o)
                0x0000734c                __eqsf2
                0x0000734c                __nesf2
 .text          0x0000739c       0x90 c:/siliconlabs/simplicitystudio/v3/developer/toolchains/gnu_arm/4.8_2013q4/bin/../lib/gcc/arm-none-eabi/4.8.3/armv6-m\libgcc.a(gesf2.o)
                0x0000739c                __gesf2
                0x0000739c                __gtsf2
 .text          0x0000742c       0x90 c:/siliconlabs/simplicitystudio/v3/developer/toolchains/gnu_arm/4.8_2013q4/bin/../lib/gcc/arm-none-eabi/4.8.3/armv6-m\libgcc.a(lesf2.o)
                0x0000742c                __ltsf2
                0x0000742c                __lesf2
 .text          0x000074bc      0x258 c:/siliconlabs/simplicitystudio/v3/developer/toolchains/gnu_arm/4.8_2013q4/bin/../lib/gcc/arm-none-eabi/4.8.3/armv6-m\libgcc.a(mulsf3.o)
                0x000074bc                __aeabi_fmul
 .text          0x00007714      0x2ec c:/siliconlabs/simplicitystudio/v3/developer/toolchains/gnu_arm/4.8_2013q4/bin/../lib/gcc/arm-none-eabi/4.8.3/armv6-m\libgcc.a(subsf3.o)
                0x00007714                __aeabi_fsub
 .text          0x00007a00       0x40 c:/siliconlabs/simplicitystudio/v3/developer/toolchains/gnu_arm/4.8_2013q4/bin/../lib/gcc/arm-none-eabi/4.8.3/armv6-m\libgcc.a(fixsfsi.o)
                0x00007a00                __aeabi_f2iz
 .text          0x00007a40       0xb8 c:/siliconlabs/simplicitystudio/v3/developer/toolchains/gnu_arm/4.8_2013q4/bin/../lib/gcc/arm-none-eabi/4.8.3/armv6-m\libgcc.a(floatsisf.o)
                0x00007a40                __aeabi_i2f
 .text          0x00007af8      0x648 c:/siliconlabs/simplicitystudio/v3/developer/toolchains/gnu_arm/4.8_2013q4/bin/../lib/gcc/arm-none-eabi/4.8.3/armv6-m\libgcc.a(adddf3.o)
                0x00007af8                __aeabi_dadd
 .text          0x00008140      0x650 c:/siliconlabs/simplicitystudio/v3/developer/toolchains/gnu_arm/4.8_2013q4/bin/../lib/gcc/arm-none-eabi/4.8.3/armv6-m\libgcc.a(divdf3.o)
                0x00008140                __aeabi_ddiv
 .text          0x00008790       0x94 c:/siliconlabs/simplicitystudio/v3/developer/toolchains/gnu_arm/4.8_2013q4/bin/../lib/gcc/arm-none-eabi/4.8.3/armv6-m\libgcc.a(eqdf2.o)
                0x00008790                __nedf2
                0x00008790                __eqdf2
 .text          0x00008824       0xf4 c:/siliconlabs/simplicitystudio/v3/developer/toolchains/gnu_arm/4.8_2013q4/bin/../lib/gcc/arm-none-eabi/4.8.3/armv6-m\libgcc.a(gedf2.o)
                0x00008824                __gedf2
                0x00008824                __gtdf2
 .text          0x00008918      0x108 c:/siliconlabs/simplicitystudio/v3/developer/toolchains/gnu_arm/4.8_2013q4/bin/../lib/gcc/arm-none-eabi/4.8.3/armv6-m\libgcc.a(ledf2.o)
                0x00008918                __ledf2
                0x00008918                __ltdf2
 .text          0x00008a20      0x524 c:/siliconlabs/simplicitystudio/v3/developer/toolchains/gnu_arm/4.8_2013q4/bin/../lib/gcc/arm-none-eabi/4.8.3/armv6-m\libgcc.a(muldf3.o)
                0x00008a20                __aeabi_dmul
 .text          0x00008f44      0x66c c:/siliconlabs/simplicitystudio/v3/developer/toolchains/gnu_arm/4.8_2013q4/bin/../lib/gcc/arm-none-eabi/4.8.3/armv6-m\libgcc.a(subdf3.o)
                0x00008f44                __aeabi_dsub
 .text          0x000095b0       0xa4 c:/siliconlabs/simplicitystudio/v3/developer/toolchains/gnu_arm/4.8_2013q4/bin/../lib/gcc/arm-none-eabi/4.8.3/armv6-m\libgcc.a(extendsfdf2.o)
                0x000095b0                __aeabi_f2d
 .text          0x00009654      0x118 c:/siliconlabs/simplicitystudio/v3/developer/toolchains/gnu_arm/4.8_2013q4/bin/../lib/gcc/arm-none-eabi/4.8.3/armv6-m\libgcc.a(truncdfsf2.o)
                0x00009654                __aeabi_d2f
 .text          0x0000976c       0x3c c:/siliconlabs/simplicitystudio/v3/developer/toolchains/gnu_arm/4.8_2013q4/bin/../lib/gcc/arm-none-eabi/4.8.3/armv6-m\libgcc.a(_clzsi2.o)
                0x0000976c                __clzsi2
 .text.abs      0x000097a8        0x8 c:/siliconlabs/simplicitystudio/v3/developer/toolchains/gnu_arm/4.8_2013q4/bin/../lib/gcc/arm-none-eabi/4.8.3/../../../../arm-none-eabi/lib/armv6-m\libc_s.a(lib_a-abs.o)
                0x000097a8                abs
 .text.__errno  0x000097b0        0xc c:/siliconlabs/simplicitystudio/v3/developer/toolchains/gnu_arm/4.8_2013q4/bin/../lib/gcc/arm-none-eabi/4.8.3/../../../../arm-none-eabi/lib/armv6-m\libc_s.a(lib_a-errno.o)
                0x000097b0                __errno
 .text.exit     0x000097bc       0x2c c:/siliconlabs/simplicitystudio/v3/developer/toolchains/gnu_arm/4.8_2013q4/bin/../lib/gcc/arm-none-eabi/4.8.3/../../../../arm-none-eabi/lib/armv6-m\libc_s.a(lib_a-exit.o)
                0x000097bc                exit
 .text.__libc_init_array
                0x000097e8       0x4c c:/siliconlabs/simplicitystudio/v3/developer/toolchains/gnu_arm/4.8_2013q4/bin/../lib/gcc/arm-none-eabi/4.8.3/../../../../arm-none-eabi/lib/armv6-m\libc_s.a(lib_a-init.o)
                0x000097e8                __libc_init_array
 .text.memcpy   0x00009834       0x12 c:/siliconlabs/simplicitystudio/v3/developer/toolchains/gnu_arm/4.8_2013q4/bin/../lib/gcc/arm-none-eabi/4.8.3/../../../../arm-none-eabi/lib/armv6-m\libc_s.a(lib_a-memcpy-stub.o)
                0x00009834                memcpy
 .text.memset   0x00009846       0x10 c:/siliconlabs/simplicitystudio/v3/developer/toolchains/gnu_arm/4.8_2013q4/bin/../lib/gcc/arm-none-eabi/4.8.3/../../../../arm-none-eabi/lib/armv6-m\libc_s.a(lib_a-memset.o)
                0x00009846                memset
 *fill*         0x00009856        0x2 
 .text.printf   0x00009858       0x34 c:/siliconlabs/simplicitystudio/v3/developer/toolchains/gnu_arm/4.8_2013q4/bin/../lib/gcc/arm-none-eabi/4.8.3/../../../../arm-none-eabi/lib/armv6-m\libc_s.a(lib_a-printf.o)
                0x00009858                iprintf
                0x00009858                printf
 .text.strlen   0x0000988c        0xe c:/siliconlabs/simplicitystudio/v3/developer/toolchains/gnu_arm/4.8_2013q4/bin/../lib/gcc/arm-none-eabi/4.8.3/../../../../arm-none-eabi/lib/armv6-m\libc_s.a(lib_a-strlen.o)
                0x0000988c                strlen
 .text.__sfputc_r
                0x0000989a       0x2a c:/siliconlabs/simplicitystudio/v3/developer/toolchains/gnu_arm/4.8_2013q4/bin/../lib/gcc/arm-none-eabi/4.8.3/../../../../arm-none-eabi/lib/armv6-m\libc_s.a(lib_a-vfprintf.o)
 .text.__sfputs_r
                0x000098c4       0x24 c:/siliconlabs/simplicitystudio/v3/developer/toolchains/gnu_arm/4.8_2013q4/bin/../lib/gcc/arm-none-eabi/4.8.3/../../../../arm-none-eabi/lib/armv6-m\libc_s.a(lib_a-vfprintf.o)
                0x000098c4                __sfputs_r
 .text._vfprintf_r
                0x000098e8      0x210 c:/siliconlabs/simplicitystudio/v3/developer/toolchains/gnu_arm/4.8_2013q4/bin/../lib/gcc/arm-none-eabi/4.8.3/../../../../arm-none-eabi/lib/armv6-m\libc_s.a(lib_a-vfprintf.o)
                0x000098e8                _vfprintf_r
                0x000098e8                _vfiprintf_r
 .text._printf_common
                0x00009af8       0xe8 c:/siliconlabs/simplicitystudio/v3/developer/toolchains/gnu_arm/4.8_2013q4/bin/../lib/gcc/arm-none-eabi/4.8.3/../../../../arm-none-eabi/lib/armv6-m\libc_s.a(lib_a-vfprintf_i.o)
                0x00009af8                _printf_common
 .text._printf_i
                0x00009be0      0x22c c:/siliconlabs/simplicitystudio/v3/developer/toolchains/gnu_arm/4.8_2013q4/bin/../lib/gcc/arm-none-eabi/4.8.3/../../../../arm-none-eabi/lib/armv6-m\libc_s.a(lib_a-vfprintf_i.o)
                0x00009be0                _printf_i
 .text.__swbuf_r
                0x00009e0c       0xb0 c:/siliconlabs/simplicitystudio/v3/developer/toolchains/gnu_arm/4.8_2013q4/bin/../lib/gcc/arm-none-eabi/4.8.3/../../../../arm-none-eabi/lib/armv6-m\libc_s.a(lib_a-wbuf.o)
                0x00009e0c                __swbuf_r
 .text.__swsetup_r
                0x00009ebc       0xe4 c:/siliconlabs/simplicitystudio/v3/developer/toolchains/gnu_arm/4.8_2013q4/bin/../lib/gcc/arm-none-eabi/4.8.3/../../../../arm-none-eabi/lib/armv6-m\libc_s.a(lib_a-wsetup.o)
                0x00009ebc                __swsetup_r
 .text.__sflush_r
                0x00009fa0      0x112 c:/siliconlabs/simplicitystudio/v3/developer/toolchains/gnu_arm/4.8_2013q4/bin/../lib/gcc/arm-none-eabi/4.8.3/../../../../arm-none-eabi/lib/armv6-m\libc_s.a(lib_a-fflush.o)
                0x00009fa0                __sflush_r
 *fill*         0x0000a0b2        0x2 
 .text._fflush_r
                0x0000a0b4       0x58 c:/siliconlabs/simplicitystudio/v3/developer/toolchains/gnu_arm/4.8_2013q4/bin/../lib/gcc/arm-none-eabi/4.8.3/../../../../arm-none-eabi/lib/armv6-m\libc_s.a(lib_a-fflush.o)
                0x0000a0b4                _fflush_r
 .text._cleanup_r
                0x0000a10c       0x34 c:/siliconlabs/simplicitystudio/v3/developer/toolchains/gnu_arm/4.8_2013q4/bin/../lib/gcc/arm-none-eabi/4.8.3/../../../../arm-none-eabi/lib/armv6-m\libc_s.a(lib_a-findfp.o)
                0x0000a10c                _cleanup_r
 .text.std.isra.0
                0x0000a140       0x48 c:/siliconlabs/simplicitystudio/v3/developer/toolchains/gnu_arm/4.8_2013q4/bin/../lib/gcc/arm-none-eabi/4.8.3/../../../../arm-none-eabi/lib/armv6-m\libc_s.a(lib_a-findfp.o)
 .text.__sfmoreglue
                0x0000a188       0x2c c:/siliconlabs/simplicitystudio/v3/developer/toolchains/gnu_arm/4.8_2013q4/bin/../lib/gcc/arm-none-eabi/4.8.3/../../../../arm-none-eabi/lib/armv6-m\libc_s.a(lib_a-findfp.o)
                0x0000a188                __sfmoreglue
 .text.__sinit  0x0000a1b4       0x64 c:/siliconlabs/simplicitystudio/v3/developer/toolchains/gnu_arm/4.8_2013q4/bin/../lib/gcc/arm-none-eabi/4.8.3/../../../../arm-none-eabi/lib/armv6-m\libc_s.a(lib_a-findfp.o)
                0x0000a1b4                __sinit
 .text.__sfp    0x0000a218       0x7c c:/siliconlabs/simplicitystudio/v3/developer/toolchains/gnu_arm/4.8_2013q4/bin/../lib/gcc/arm-none-eabi/4.8.3/../../../../arm-none-eabi/lib/armv6-m\libc_s.a(lib_a-findfp.o)
                0x0000a218                __sfp
 .text.__smakebuf_r
                0x0000a294       0xa0 c:/siliconlabs/simplicitystudio/v3/developer/toolchains/gnu_arm/4.8_2013q4/bin/../lib/gcc/arm-none-eabi/4.8.3/../../../../arm-none-eabi/lib/armv6-m\libc_s.a(lib_a-makebuf.o)
                0x0000a294                __smakebuf_r
 .text.memchr   0x0000a334       0x16 c:/siliconlabs/simplicitystudio/v3/developer/toolchains/gnu_arm/4.8_2013q4/bin/../lib/gcc/arm-none-eabi/4.8.3/../../../../arm-none-eabi/lib/armv6-m\libc_s.a(lib_a-memchr-stub.o)
                0x0000a334                memchr
 *fill*         0x0000a34a        0x2 
 .text._free_r  0x0000a34c       0x90 c:/siliconlabs/simplicitystudio/v3/developer/toolchains/gnu_arm/4.8_2013q4/bin/../lib/gcc/arm-none-eabi/4.8.3/../../../../arm-none-eabi/lib/armv6-m\libc_s.a(lib_a-nano-freer.o)
                0x0000a34c                _free_r
 .text._malloc_r
                0x0000a3dc       0xa8 c:/siliconlabs/simplicitystudio/v3/developer/toolchains/gnu_arm/4.8_2013q4/bin/../lib/gcc/arm-none-eabi/4.8.3/../../../../arm-none-eabi/lib/armv6-m\libc_s.a(lib_a-nano-mallocr.o)
                0x0000a3dc                _malloc_r
 .text._sbrk_r  0x0000a484       0x24 c:/siliconlabs/simplicitystudio/v3/developer/toolchains/gnu_arm/4.8_2013q4/bin/../lib/gcc/arm-none-eabi/4.8.3/../../../../arm-none-eabi/lib/armv6-m\libc_s.a(lib_a-sbrkr.o)
                0x0000a484                _sbrk_r
 .text.__sread  0x0000a4a8       0x28 c:/siliconlabs/simplicitystudio/v3/developer/toolchains/gnu_arm/4.8_2013q4/bin/../lib/gcc/arm-none-eabi/4.8.3/../../../../arm-none-eabi/lib/armv6-m\libc_s.a(lib_a-stdio.o)
                0x0000a4a8                __sread
 .text.__swrite
                0x0000a4d0       0x38 c:/siliconlabs/simplicitystudio/v3/developer/toolchains/gnu_arm/4.8_2013q4/bin/../lib/gcc/arm-none-eabi/4.8.3/../../../../arm-none-eabi/lib/armv6-m\libc_s.a(lib_a-stdio.o)
                0x0000a4d0                __swrite
 .text.__sseek  0x0000a508       0x2c c:/siliconlabs/simplicitystudio/v3/developer/toolchains/gnu_arm/4.8_2013q4/bin/../lib/gcc/arm-none-eabi/4.8.3/../../../../arm-none-eabi/lib/armv6-m\libc_s.a(lib_a-stdio.o)
                0x0000a508                __sseek
 .text.__sclose
                0x0000a534        0xc c:/siliconlabs/simplicitystudio/v3/developer/toolchains/gnu_arm/4.8_2013q4/bin/../lib/gcc/arm-none-eabi/4.8.3/../../../../arm-none-eabi/lib/armv6-m\libc_s.a(lib_a-stdio.o)
                0x0000a534                __sclose
 .text._write_r
                0x0000a540       0x28 c:/siliconlabs/simplicitystudio/v3/developer/toolchains/gnu_arm/4.8_2013q4/bin/../lib/gcc/arm-none-eabi/4.8.3/../../../../arm-none-eabi/lib/armv6-m\libc_s.a(lib_a-writer.o)
                0x0000a540                _write_r
 .text._close_r
                0x0000a568       0x24 c:/siliconlabs/simplicitystudio/v3/developer/toolchains/gnu_arm/4.8_2013q4/bin/../lib/gcc/arm-none-eabi/4.8.3/../../../../arm-none-eabi/lib/armv6-m\libc_s.a(lib_a-closer.o)
                0x0000a568                _close_r
 .text._fstat_r
                0x0000a58c       0x24 c:/siliconlabs/simplicitystudio/v3/developer/toolchains/gnu_arm/4.8_2013q4/bin/../lib/gcc/arm-none-eabi/4.8.3/../../../../arm-none-eabi/lib/armv6-m\libc_s.a(lib_a-fstatr.o)
                0x0000a58c                _fstat_r
 .text._isatty_r
                0x0000a5b0       0x24 c:/siliconlabs/simplicitystudio/v3/developer/toolchains/gnu_arm/4.8_2013q4/bin/../lib/gcc/arm-none-eabi/4.8.3/../../../../arm-none-eabi/lib/armv6-m\libc_s.a(lib_a-isattyr.o)
                0x0000a5b0                _isatty_r
 .text._lseek_r
                0x0000a5d4       0x28 c:/siliconlabs/simplicitystudio/v3/developer/toolchains/gnu_arm/4.8_2013q4/bin/../lib/gcc/arm-none-eabi/4.8.3/../../../../arm-none-eabi/lib/armv6-m\libc_s.a(lib_a-lseekr.o)
                0x0000a5d4                _lseek_r
 .text._read_r  0x0000a5fc       0x28 c:/siliconlabs/simplicitystudio/v3/developer/toolchains/gnu_arm/4.8_2013q4/bin/../lib/gcc/arm-none-eabi/4.8.3/../../../../arm-none-eabi/lib/armv6-m\libc_s.a(lib_a-readr.o)
                0x0000a5fc                _read_r
 .text._close   0x0000a624       0x10 c:/siliconlabs/simplicitystudio/v3/developer/toolchains/gnu_arm/4.8_2013q4/bin/../lib/gcc/arm-none-eabi/4.8.3/../../../../arm-none-eabi/lib/armv6-m\libnosys.a(close.o)
                0x0000a624                _close
 .text._fstat   0x0000a634       0x10 c:/siliconlabs/simplicitystudio/v3/developer/toolchains/gnu_arm/4.8_2013q4/bin/../lib/gcc/arm-none-eabi/4.8.3/../../../../arm-none-eabi/lib/armv6-m\libnosys.a(fstat.o)
                0x0000a634                _fstat
 .text._isatty  0x0000a644       0x10 c:/siliconlabs/simplicitystudio/v3/developer/toolchains/gnu_arm/4.8_2013q4/bin/../lib/gcc/arm-none-eabi/4.8.3/../../../../arm-none-eabi/lib/armv6-m\libnosys.a(isatty.o)
                0x0000a644                _isatty
 .text._lseek   0x0000a654       0x10 c:/siliconlabs/simplicitystudio/v3/developer/toolchains/gnu_arm/4.8_2013q4/bin/../lib/gcc/arm-none-eabi/4.8.3/../../../../arm-none-eabi/lib/armv6-m\libnosys.a(lseek.o)
                0x0000a654                _lseek
 .text._read    0x0000a664       0x10 c:/siliconlabs/simplicitystudio/v3/developer/toolchains/gnu_arm/4.8_2013q4/bin/../lib/gcc/arm-none-eabi/4.8.3/../../../../arm-none-eabi/lib/armv6-m\libnosys.a(read.o)
                0x0000a664                _read
 .text._sbrk    0x0000a674       0x34 c:/siliconlabs/simplicitystudio/v3/developer/toolchains/gnu_arm/4.8_2013q4/bin/../lib/gcc/arm-none-eabi/4.8.3/../../../../arm-none-eabi/lib/armv6-m\libnosys.a(sbrk.o)
                0x0000a674                _sbrk
 .text._write   0x0000a6a8       0x10 c:/siliconlabs/simplicitystudio/v3/developer/toolchains/gnu_arm/4.8_2013q4/bin/../lib/gcc/arm-none-eabi/4.8.3/../../../../arm-none-eabi/lib/armv6-m\libnosys.a(write.o)
                0x0000a6a8                _write
 .text._exit    0x0000a6b8        0x4 c:/siliconlabs/simplicitystudio/v3/developer/toolchains/gnu_arm/4.8_2013q4/bin/../lib/gcc/arm-none-eabi/4.8.3/../../../../arm-none-eabi/lib/armv6-m\libnosys.a(_exit.o)
                0x0000a6b8                _exit
 *(.init)
 .init          0x0000a6bc        0x4 c:/siliconlabs/simplicitystudio/v3/developer/toolchains/gnu_arm/4.8_2013q4/bin/../lib/gcc/arm-none-eabi/4.8.3/armv6-m/crti.o
                0x0000a6bc                _init
 .init          0x0000a6c0        0x8 c:/siliconlabs/simplicitystudio/v3/developer/toolchains/gnu_arm/4.8_2013q4/bin/../lib/gcc/arm-none-eabi/4.8.3/armv6-m/crtn.o
 *(.fini)
 .fini          0x0000a6c8        0x4 c:/siliconlabs/simplicitystudio/v3/developer/toolchains/gnu_arm/4.8_2013q4/bin/../lib/gcc/arm-none-eabi/4.8.3/armv6-m/crti.o
                0x0000a6c8                _fini
 .fini          0x0000a6cc        0x8 c:/siliconlabs/simplicitystudio/v3/developer/toolchains/gnu_arm/4.8_2013q4/bin/../lib/gcc/arm-none-eabi/4.8.3/armv6-m/crtn.o
 *crtbegin.o(.ctors)
 *crtbegin?.o(.ctors)
 *(EXCLUDE_FILE(*crtend.o *crtend?.o) .ctors)
 *(SORT(.ctors.*))
 *(.ctors)
 *crtbegin.o(.dtors)
 *crtbegin?.o(.dtors)
 *(EXCLUDE_FILE(*crtend.o *crtend?.o) .dtors)
 *(SORT(.dtors.*))
 *(.dtors)
 *(.rodata*)
 .rodata        0x0000a6d4       0x44 ./src/InitDevice.o
 .rodata        0x0000a718     0x4618 ./src/gestureRecognition.o
 .rodata        0x0000ed30       0x20 ./src/main.o
 .rodata.get_key_value
                0x0000ed50       0x8c ./src/main.o
 .rodata.CMU_ClockEnable
                0x0000eddc       0x2c ./emlib/em_cmu.o
 .rodata.CMU_ClockSelectGet
                0x0000ee08       0x20 ./emlib/em_cmu.o
 .rodata.CMU_ClockSelectSet
                0x0000ee28       0x80 ./emlib/em_cmu.o
 .rodata.CMU_OscillatorEnable
                0x0000eea8       0x1c ./emlib/em_cmu.o
 .rodata.i2cNSum
                0x0000eec4        0x4 ./emlib/em_i2c.o
 .rodata.I2C_Transfer
                0x0000eec8       0x24 ./emlib/em_i2c.o
 .rodata        0x0000eeec        0xc ./bglib/bglib_txrx.o
 .rodata.ledArray
                0x0000eef8       0x10 ./BSP/bsp_stk_leds.o
 .rodata.str1.4
                0x0000ef08        0x8 c:/siliconlabs/simplicitystudio/v3/developer/toolchains/gnu_arm/4.8_2013q4/bin/../lib/gcc/arm-none-eabi/4.8.3/../../../../arm-none-eabi/lib/armv6-m\libm.a(lib_a-w_sqrt.o)
 .rodata        0x0000ef10       0x40 c:/siliconlabs/simplicitystudio/v3/developer/toolchains/gnu_arm/4.8_2013q4/bin/../lib/gcc/arm-none-eabi/4.8.3/armv6-m\libgcc.a(divsf3.o)
 .rodata        0x0000ef50       0x40 c:/siliconlabs/simplicitystudio/v3/developer/toolchains/gnu_arm/4.8_2013q4/bin/../lib/gcc/arm-none-eabi/4.8.3/armv6-m\libgcc.a(mulsf3.o)
 .rodata        0x0000ef90       0x40 c:/siliconlabs/simplicitystudio/v3/developer/toolchains/gnu_arm/4.8_2013q4/bin/../lib/gcc/arm-none-eabi/4.8.3/armv6-m\libgcc.a(divdf3.o)
 .rodata        0x0000efd0       0x40 c:/siliconlabs/simplicitystudio/v3/developer/toolchains/gnu_arm/4.8_2013q4/bin/../lib/gcc/arm-none-eabi/4.8.3/armv6-m\libgcc.a(muldf3.o)
 .rodata.str1.1
                0x0000f010        0x2 c:/siliconlabs/simplicitystudio/v3/developer/toolchains/gnu_arm/4.8_2013q4/bin/../lib/gcc/arm-none-eabi/4.8.3/../../../../arm-none-eabi/lib/armv6-m\libc_s.a(lib_a-impure.o)
 *fill*         0x0000f012        0x2 
 .rodata._global_impure_ptr
                0x0000f014        0x4 c:/siliconlabs/simplicitystudio/v3/developer/toolchains/gnu_arm/4.8_2013q4/bin/../lib/gcc/arm-none-eabi/4.8.3/../../../../arm-none-eabi/lib/armv6-m\libc_s.a(lib_a-impure.o)
                0x0000f014                _global_impure_ptr
 .rodata.str1.1
                0x0000f018       0x11 c:/siliconlabs/simplicitystudio/v3/developer/toolchains/gnu_arm/4.8_2013q4/bin/../lib/gcc/arm-none-eabi/4.8.3/../../../../arm-none-eabi/lib/armv6-m\libc_s.a(lib_a-vfprintf.o)
 .rodata.str1.1
                0x0000f029       0x22 c:/siliconlabs/simplicitystudio/v3/developer/toolchains/gnu_arm/4.8_2013q4/bin/../lib/gcc/arm-none-eabi/4.8.3/../../../../arm-none-eabi/lib/armv6-m\libc_s.a(lib_a-vfprintf_i.o)
 *fill*         0x0000f04b        0x1 
 .rodata.__sf_fake_stdin
                0x0000f04c       0x20 c:/siliconlabs/simplicitystudio/v3/developer/toolchains/gnu_arm/4.8_2013q4/bin/../lib/gcc/arm-none-eabi/4.8.3/../../../../arm-none-eabi/lib/armv6-m\libc_s.a(lib_a-findfp.o)
                0x0000f04c                __sf_fake_stdin
 .rodata.__sf_fake_stdout
                0x0000f06c       0x20 c:/siliconlabs/simplicitystudio/v3/developer/toolchains/gnu_arm/4.8_2013q4/bin/../lib/gcc/arm-none-eabi/4.8.3/../../../../arm-none-eabi/lib/armv6-m\libc_s.a(lib_a-findfp.o)
                0x0000f06c                __sf_fake_stdout
 .rodata.__sf_fake_stderr
                0x0000f08c       0x20 c:/siliconlabs/simplicitystudio/v3/developer/toolchains/gnu_arm/4.8_2013q4/bin/../lib/gcc/arm-none-eabi/4.8.3/../../../../arm-none-eabi/lib/armv6-m\libc_s.a(lib_a-findfp.o)
                0x0000f08c                __sf_fake_stderr
 *(.eh_frame*)
 .eh_frame      0x0000f0ac        0x0 c:/siliconlabs/simplicitystudio/v3/developer/toolchains/gnu_arm/4.8_2013q4/bin/../lib/gcc/arm-none-eabi/4.8.3/armv6-m/crtbegin.o
 .eh_frame      0x0000f0ac        0x4 c:/siliconlabs/simplicitystudio/v3/developer/toolchains/gnu_arm/4.8_2013q4/bin/../lib/gcc/arm-none-eabi/4.8.3/armv6-m/crtend.o

.glue_7         0x0000f0b0        0x0
 .glue_7        0x00000000        0x0 linker stubs

.glue_7t        0x0000f0b0        0x0
 .glue_7t       0x00000000        0x0 linker stubs

.vfp11_veneer   0x0000f0b0        0x0
 .vfp11_veneer  0x00000000        0x0 linker stubs

.v4_bx          0x0000f0b0        0x0
 .v4_bx         0x00000000        0x0 linker stubs

.iplt           0x0000f0b0        0x0
 .iplt          0x00000000        0x0 c:/siliconlabs/simplicitystudio/v3/developer/toolchains/gnu_arm/4.8_2013q4/bin/../lib/gcc/arm-none-eabi/4.8.3/armv6-m/crtbegin.o

.ARM.extab
 *(.ARM.extab* .gnu.linkonce.armextab.*)
                0x0000f0b0                __exidx_start = .

.ARM.exidx      0x0000f0b0        0x8
 *(.ARM.exidx* .gnu.linkonce.armexidx.*)
 .ARM.exidx     0x0000f0b0        0x8 c:/siliconlabs/simplicitystudio/v3/developer/toolchains/gnu_arm/4.8_2013q4/bin/../lib/gcc/arm-none-eabi/4.8.3/../../../../arm-none-eabi/lib/armv6-m/crt0.o
                0x0000f0b8                __exidx_end = .
                0x0000f0b8                __etext = .

.rel.dyn        0x0000f0b8        0x0
 .rel.iplt      0x00000000        0x0 c:/siliconlabs/simplicitystudio/v3/developer/toolchains/gnu_arm/4.8_2013q4/bin/../lib/gcc/arm-none-eabi/4.8.3/armv6-m/crtbegin.o

.data           0x20000000       0x84 load address 0x0000f0b8
                0x20000000                __data_start__ = .
 *(vtable)
 *(.data*)
 .data.led_count.9993
                0x20000000        0x4 ./bglib/bglib_txrx.o
 .data.led.9994
                0x20000004        0x4 ./bglib/bglib_txrx.o
 .data.SystemHFXOClock
                0x20000008        0x4 ./CMSIS/efm32hg/system_efm32hg.o
 .data.SystemLFXOClock
                0x2000000c        0x4 ./CMSIS/efm32hg/system_efm32hg.o
 .data.__fdlib_version
                0x20000010        0x1 c:/siliconlabs/simplicitystudio/v3/developer/toolchains/gnu_arm/4.8_2013q4/bin/../lib/gcc/arm-none-eabi/4.8.3/../../../../arm-none-eabi/lib/armv6-m\libm.a(lib_a-s_lib_ver.o)
                0x20000010                __fdlib_version
 *fill*         0x20000011        0x3 
 .data.impure_data
                0x20000014       0x60 c:/siliconlabs/simplicitystudio/v3/developer/toolchains/gnu_arm/4.8_2013q4/bin/../lib/gcc/arm-none-eabi/4.8.3/../../../../arm-none-eabi/lib/armv6-m\libc_s.a(lib_a-impure.o)
 .data._impure_ptr
                0x20000074        0x4 c:/siliconlabs/simplicitystudio/v3/developer/toolchains/gnu_arm/4.8_2013q4/bin/../lib/gcc/arm-none-eabi/4.8.3/../../../../arm-none-eabi/lib/armv6-m\libc_s.a(lib_a-impure.o)
                0x20000074                _impure_ptr
                0x20000078                . = ALIGN (0x4)
 *(.ram)
                0x20000078                . = ALIGN (0x4)
                0x20000078                PROVIDE (__preinit_array_start, .)
 *(.preinit_array)
                0x20000078                PROVIDE (__preinit_array_end, .)
                0x20000078                . = ALIGN (0x4)
                0x20000078                PROVIDE (__init_array_start, .)
 *(SORT(.init_array.*))
 *(.init_array)
 .init_array    0x20000078        0x4 c:/siliconlabs/simplicitystudio/v3/developer/toolchains/gnu_arm/4.8_2013q4/bin/../lib/gcc/arm-none-eabi/4.8.3/armv6-m/crtbegin.o
                0x2000007c                PROVIDE (__init_array_end, .)
                0x2000007c                . = ALIGN (0x4)
                0x2000007c                PROVIDE (__fini_array_start, .)
 *(SORT(.fini_array.*))
 *(.fini_array)
 .fini_array    0x2000007c        0x4 c:/siliconlabs/simplicitystudio/v3/developer/toolchains/gnu_arm/4.8_2013q4/bin/../lib/gcc/arm-none-eabi/4.8.3/armv6-m/crtbegin.o
                0x20000080                PROVIDE (__fini_array_end, .)
 *(.jcr*)
 .jcr           0x20000080        0x0 c:/siliconlabs/simplicitystudio/v3/developer/toolchains/gnu_arm/4.8_2013q4/bin/../lib/gcc/arm-none-eabi/4.8.3/armv6-m/crtbegin.o
 .jcr           0x20000080        0x4 c:/siliconlabs/simplicitystudio/v3/developer/toolchains/gnu_arm/4.8_2013q4/bin/../lib/gcc/arm-none-eabi/4.8.3/armv6-m/crtend.o
                0x20000084                . = ALIGN (0x4)
                0x20000084                __data_end__ = .

.igot.plt       0x20000084        0x0 load address 0x0000f13c
 .igot.plt      0x00000000        0x0 c:/siliconlabs/simplicitystudio/v3/developer/toolchains/gnu_arm/4.8_2013q4/bin/../lib/gcc/arm-none-eabi/4.8.3/armv6-m/crtbegin.o

.bss            0x20000084      0xdac load address 0x0000f13c
                0x20000084                . = ALIGN (0x4)
                0x20000084                __bss_start__ = .
 *(.bss*)
 .bss           0x20000084       0x1c c:/siliconlabs/simplicitystudio/v3/developer/toolchains/gnu_arm/4.8_2013q4/bin/../lib/gcc/arm-none-eabi/4.8.3/armv6-m/crtbegin.o
 .bss.msTicks   0x200000a0        0x4 ./src/main.o
 .bss.counter   0x200000a4        0x4 ./src/main.o
                0x200000a4                counter
 .bss.cmuStatus
                0x200000a8        0x4 ./emlib/em_emu.o
 .bss.i2cTransfer
                0x200000ac        0xc ./emlib/em_i2c.o
 .bss.bDfuFlag  0x200000b8        0x1 ./bglib/bglib_txrx.o
                0x200000b8                bDfuFlag
 *fill*         0x200000b9        0x3 
 .bss.buffer.9996
                0x200000bc      0x804 ./bglib/bglib_txrx.o
 .bss.triger.9999
                0x200008c0        0x1 ./bglib/bglib_txrx.o
 *fill*         0x200008c1        0x3 
 .bss.__malloc_sbrk_start
                0x200008c4        0x4 c:/siliconlabs/simplicitystudio/v3/developer/toolchains/gnu_arm/4.8_2013q4/bin/../lib/gcc/arm-none-eabi/4.8.3/../../../../arm-none-eabi/lib/armv6-m\libc_s.a(lib_a-nano-mallocr.o)
                0x200008c4                __malloc_sbrk_start
 .bss.__malloc_free_list
                0x200008c8        0x4 c:/siliconlabs/simplicitystudio/v3/developer/toolchains/gnu_arm/4.8_2013q4/bin/../lib/gcc/arm-none-eabi/4.8.3/../../../../arm-none-eabi/lib/armv6-m\libc_s.a(lib_a-nano-mallocr.o)
                0x200008c8                __malloc_free_list
 .bss.heap_end.4237
                0x200008cc        0x4 c:/siliconlabs/simplicitystudio/v3/developer/toolchains/gnu_arm/4.8_2013q4/bin/../lib/gcc/arm-none-eabi/4.8.3/../../../../arm-none-eabi/lib/armv6-m\libnosys.a(sbrk.o)
 *(COMMON)
 COMMON         0x200008d0      0x378 ./src/gestureRecognition.o
                0x200008d0                SENSOR
                0x200009c0                WEIGHTED_AXIS
                0x200009c8                WMA_temp
                0x20000aa0                biggestValue
                0x20000ae0                WMA_SENSOR
                0x20000bb8                corr_int
 COMMON         0x20000c48      0x148 ./src/main.o
                0x20000c48                maxFlag
                0x20000c4c                INT_LockCnt
                0x20000c50                gy
                0x20000c52                az
                0x20000c54                gesture_result
                0x20000c58                nLoop
                0x20000c5c                nLoop2
                0x20000c60                bglib_temp_msg
                0x20000c7c                ax
                0x20000c80                buffer
                0x20000c8c                bglib_output
                0x20000c90                gz
                0x20000c94                buf
                0x20000c9a                ret
                0x20000c9c                gx
                0x20000c9e                ay
                0x20000ca0                sensors
 COMMON         0x20000d90       0x86 ./src/user_usart.o
                0x20000d90                gUartRxBuffer
 *fill*         0x20000e16        0x2 
 COMMON         0x20000e18       0x10 ./bglib/bglib_txrx.o
                0x20000e18                btHid
 COMMON         0x20000e28        0x4 ./CMSIS/efm32hg/system_efm32hg.o
                0x20000e28                SystemCoreClock
 COMMON         0x20000e2c        0x4 c:/siliconlabs/simplicitystudio/v3/developer/toolchains/gnu_arm/4.8_2013q4/bin/../lib/gcc/arm-none-eabi/4.8.3/../../../../arm-none-eabi/lib/armv6-m\libc_s.a(lib_a-reent.o)
                0x20000e2c                errno
                0x20000e30                . = ALIGN (0x4)
                0x20000e30                __bss_end__ = .

.heap           0x20000e30      0xc00
                0x20000e30                __HeapBase = .
                0x20000e30                __end__ = .
                0x20000e30                end = __end__
                0x20000e30                _end = __end__
 *(.heap*)
 .heap          0x20000e30      0xc00 ./CMSIS/efm32hg/startup_gcc_efm32hg.o
                0x20001a30                __HeapLimit = .

.stack_dummy    0x20000e30      0x400
 *(.stack*)
 .stack         0x20000e30      0x400 ./CMSIS/efm32hg/startup_gcc_efm32hg.o
                0x20002000                __StackTop = (ORIGIN (RAM) + 0x2000)
                0x20001c00                __StackLimit = (__StackTop - SIZEOF (.stack_dummy))
                0x20002000                PROVIDE (__stack, __StackTop)
                0x00000001                ASSERT ((__StackLimit >= __HeapLimit), region RAM overflowed with stack)
                0x00000001                ASSERT ((0x10000 >= (__etext + SIZEOF (.data))), FLASH memory overflowed !)
OUTPUT(9axis_sensors_BT.axf elf32-littlearm)

.ARM.attributes
                0x00000000       0x28
 .ARM.attributes
                0x00000000       0x1e c:/siliconlabs/simplicitystudio/v3/developer/toolchains/gnu_arm/4.8_2013q4/bin/../lib/gcc/arm-none-eabi/4.8.3/armv6-m/crti.o
 .ARM.attributes
                0x0000001e       0x2c c:/siliconlabs/simplicitystudio/v3/developer/toolchains/gnu_arm/4.8_2013q4/bin/../lib/gcc/arm-none-eabi/4.8.3/armv6-m/crtbegin.o
 .ARM.attributes
                0x0000004a       0x1b c:/siliconlabs/simplicitystudio/v3/developer/toolchains/gnu_arm/4.8_2013q4/bin/../lib/gcc/arm-none-eabi/4.8.3/../../../../arm-none-eabi/lib/armv6-m/crt0.o
 .ARM.attributes
                0x00000065       0x32 ./src/InitDevice.o
 .ARM.attributes
                0x00000097       0x32 ./src/gestureRecognition.o
 .ARM.attributes
                0x000000c9       0x32 ./src/main.o
 .ARM.attributes
                0x000000fb       0x32 ./src/user_usart.o
 .ARM.attributes
                0x0000012d       0x32 ./emlib/em_cmu.o
 .ARM.attributes
                0x0000015f       0x32 ./emlib/em_emu.o
 .ARM.attributes
                0x00000191       0x32 ./emlib/em_gpio.o
 .ARM.attributes
                0x000001c3       0x32 ./emlib/em_i2c.o
 .ARM.attributes
                0x000001f5       0x32 ./emlib/em_timer.o
 .ARM.attributes
                0x00000227       0x32 ./emlib/em_usart.o
 .ARM.attributes
                0x00000259       0x32 ./bglib/bglib_txrx.o
 .ARM.attributes
                0x0000028b       0x1b ./CMSIS/efm32hg/startup_gcc_efm32hg.o
 .ARM.attributes
                0x000002a6       0x32 ./CMSIS/efm32hg/system_efm32hg.o
 .ARM.attributes
                0x000002d8       0x32 ./BSP/bsp_stk_leds.o
 .ARM.attributes
                0x0000030a       0x2c c:/siliconlabs/simplicitystudio/v3/developer/toolchains/gnu_arm/4.8_2013q4/bin/../lib/gcc/arm-none-eabi/4.8.3/../../../../arm-none-eabi/lib/armv6-m\libm.a(lib_a-w_sqrt.o)
 .ARM.attributes
                0x00000336       0x2c c:/siliconlabs/simplicitystudio/v3/developer/toolchains/gnu_arm/4.8_2013q4/bin/../lib/gcc/arm-none-eabi/4.8.3/../../../../arm-none-eabi/lib/armv6-m\libm.a(lib_a-e_sqrt.o)
 .ARM.attributes
                0x00000362       0x2c c:/siliconlabs/simplicitystudio/v3/developer/toolchains/gnu_arm/4.8_2013q4/bin/../lib/gcc/arm-none-eabi/4.8.3/../../../../arm-none-eabi/lib/armv6-m\libm.a(lib_a-s_fpclassify.o)
 .ARM.attributes
                0x0000038e       0x2c c:/siliconlabs/simplicitystudio/v3/developer/toolchains/gnu_arm/4.8_2013q4/bin/../lib/gcc/arm-none-eabi/4.8.3/../../../../arm-none-eabi/lib/armv6-m\libm.a(lib_a-s_lib_ver.o)
 .ARM.attributes
                0x000003ba       0x2c c:/siliconlabs/simplicitystudio/v3/developer/toolchains/gnu_arm/4.8_2013q4/bin/../lib/gcc/arm-none-eabi/4.8.3/../../../../arm-none-eabi/lib/armv6-m\libm.a(lib_a-s_matherr.o)
 .ARM.attributes
                0x000003e6       0x1e c:/siliconlabs/simplicitystudio/v3/developer/toolchains/gnu_arm/4.8_2013q4/bin/../lib/gcc/arm-none-eabi/4.8.3/armv6-m\libgcc.a(_udivsi3.o)
 .ARM.attributes
                0x00000404       0x1e c:/siliconlabs/simplicitystudio/v3/developer/toolchains/gnu_arm/4.8_2013q4/bin/../lib/gcc/arm-none-eabi/4.8.3/armv6-m\libgcc.a(_divsi3.o)
 .ARM.attributes
                0x00000422       0x1e c:/siliconlabs/simplicitystudio/v3/developer/toolchains/gnu_arm/4.8_2013q4/bin/../lib/gcc/arm-none-eabi/4.8.3/armv6-m\libgcc.a(_dvmd_tls.o)
 .ARM.attributes
                0x00000440       0x1e c:/siliconlabs/simplicitystudio/v3/developer/toolchains/gnu_arm/4.8_2013q4/bin/../lib/gcc/arm-none-eabi/4.8.3/armv6-m\libgcc.a(_arm_cmpdf2.o)
 .ARM.attributes
                0x0000045e       0x1e c:/siliconlabs/simplicitystudio/v3/developer/toolchains/gnu_arm/4.8_2013q4/bin/../lib/gcc/arm-none-eabi/4.8.3/armv6-m\libgcc.a(_arm_cmpsf2.o)
 .ARM.attributes
                0x0000047c       0x2c c:/siliconlabs/simplicitystudio/v3/developer/toolchains/gnu_arm/4.8_2013q4/bin/../lib/gcc/arm-none-eabi/4.8.3/armv6-m\libgcc.a(addsf3.o)
 .ARM.attributes
                0x000004a8       0x2c c:/siliconlabs/simplicitystudio/v3/developer/toolchains/gnu_arm/4.8_2013q4/bin/../lib/gcc/arm-none-eabi/4.8.3/armv6-m\libgcc.a(divsf3.o)
 .ARM.attributes
                0x000004d4       0x2c c:/siliconlabs/simplicitystudio/v3/developer/toolchains/gnu_arm/4.8_2013q4/bin/../lib/gcc/arm-none-eabi/4.8.3/armv6-m\libgcc.a(eqsf2.o)
 .ARM.attributes
                0x00000500       0x2c c:/siliconlabs/simplicitystudio/v3/developer/toolchains/gnu_arm/4.8_2013q4/bin/../lib/gcc/arm-none-eabi/4.8.3/armv6-m\libgcc.a(gesf2.o)
 .ARM.attributes
                0x0000052c       0x2c c:/siliconlabs/simplicitystudio/v3/developer/toolchains/gnu_arm/4.8_2013q4/bin/../lib/gcc/arm-none-eabi/4.8.3/armv6-m\libgcc.a(lesf2.o)
 .ARM.attributes
                0x00000558       0x2c c:/siliconlabs/simplicitystudio/v3/developer/toolchains/gnu_arm/4.8_2013q4/bin/../lib/gcc/arm-none-eabi/4.8.3/armv6-m\libgcc.a(mulsf3.o)
 .ARM.attributes
                0x00000584       0x2c c:/siliconlabs/simplicitystudio/v3/developer/toolchains/gnu_arm/4.8_2013q4/bin/../lib/gcc/arm-none-eabi/4.8.3/armv6-m\libgcc.a(subsf3.o)
 .ARM.attributes
                0x000005b0       0x2c c:/siliconlabs/simplicitystudio/v3/developer/toolchains/gnu_arm/4.8_2013q4/bin/../lib/gcc/arm-none-eabi/4.8.3/armv6-m\libgcc.a(fixsfsi.o)
 .ARM.attributes
                0x000005dc       0x2c c:/siliconlabs/simplicitystudio/v3/developer/toolchains/gnu_arm/4.8_2013q4/bin/../lib/gcc/arm-none-eabi/4.8.3/armv6-m\libgcc.a(floatsisf.o)
 .ARM.attributes
                0x00000608       0x2c c:/siliconlabs/simplicitystudio/v3/developer/toolchains/gnu_arm/4.8_2013q4/bin/../lib/gcc/arm-none-eabi/4.8.3/armv6-m\libgcc.a(adddf3.o)
 .ARM.attributes
                0x00000634       0x2c c:/siliconlabs/simplicitystudio/v3/developer/toolchains/gnu_arm/4.8_2013q4/bin/../lib/gcc/arm-none-eabi/4.8.3/armv6-m\libgcc.a(divdf3.o)
 .ARM.attributes
                0x00000660       0x2c c:/siliconlabs/simplicitystudio/v3/developer/toolchains/gnu_arm/4.8_2013q4/bin/../lib/gcc/arm-none-eabi/4.8.3/armv6-m\libgcc.a(eqdf2.o)
 .ARM.attributes
                0x0000068c       0x2c c:/siliconlabs/simplicitystudio/v3/developer/toolchains/gnu_arm/4.8_2013q4/bin/../lib/gcc/arm-none-eabi/4.8.3/armv6-m\libgcc.a(gedf2.o)
 .ARM.attributes
                0x000006b8       0x2c c:/siliconlabs/simplicitystudio/v3/developer/toolchains/gnu_arm/4.8_2013q4/bin/../lib/gcc/arm-none-eabi/4.8.3/armv6-m\libgcc.a(ledf2.o)
 .ARM.attributes
                0x000006e4       0x2c c:/siliconlabs/simplicitystudio/v3/developer/toolchains/gnu_arm/4.8_2013q4/bin/../lib/gcc/arm-none-eabi/4.8.3/armv6-m\libgcc.a(muldf3.o)
 .ARM.attributes
                0x00000710       0x2c c:/siliconlabs/simplicitystudio/v3/developer/toolchains/gnu_arm/4.8_2013q4/bin/../lib/gcc/arm-none-eabi/4.8.3/armv6-m\libgcc.a(subdf3.o)
 .ARM.attributes
                0x0000073c       0x2c c:/siliconlabs/simplicitystudio/v3/developer/toolchains/gnu_arm/4.8_2013q4/bin/../lib/gcc/arm-none-eabi/4.8.3/armv6-m\libgcc.a(extendsfdf2.o)
 .ARM.attributes
                0x00000768       0x2c c:/siliconlabs/simplicitystudio/v3/developer/toolchains/gnu_arm/4.8_2013q4/bin/../lib/gcc/arm-none-eabi/4.8.3/armv6-m\libgcc.a(truncdfsf2.o)
 .ARM.attributes
                0x00000794       0x1e c:/siliconlabs/simplicitystudio/v3/developer/toolchains/gnu_arm/4.8_2013q4/bin/../lib/gcc/arm-none-eabi/4.8.3/armv6-m\libgcc.a(_clzsi2.o)
 .ARM.attributes
                0x000007b2       0x2c c:/siliconlabs/simplicitystudio/v3/developer/toolchains/gnu_arm/4.8_2013q4/bin/../lib/gcc/arm-none-eabi/4.8.3/../../../../arm-none-eabi/lib/armv6-m\libc_s.a(lib_a-abs.o)
 .ARM.attributes
                0x000007de       0x2c c:/siliconlabs/simplicitystudio/v3/developer/toolchains/gnu_arm/4.8_2013q4/bin/../lib/gcc/arm-none-eabi/4.8.3/../../../../arm-none-eabi/lib/armv6-m\libc_s.a(lib_a-errno.o)
 .ARM.attributes
                0x0000080a       0x2c c:/siliconlabs/simplicitystudio/v3/developer/toolchains/gnu_arm/4.8_2013q4/bin/../lib/gcc/arm-none-eabi/4.8.3/../../../../arm-none-eabi/lib/armv6-m\libc_s.a(lib_a-exit.o)
 .ARM.attributes
                0x00000836       0x2c c:/siliconlabs/simplicitystudio/v3/developer/toolchains/gnu_arm/4.8_2013q4/bin/../lib/gcc/arm-none-eabi/4.8.3/../../../../arm-none-eabi/lib/armv6-m\libc_s.a(lib_a-impure.o)
 .ARM.attributes
                0x00000862       0x2c c:/siliconlabs/simplicitystudio/v3/developer/toolchains/gnu_arm/4.8_2013q4/bin/../lib/gcc/arm-none-eabi/4.8.3/../../../../arm-none-eabi/lib/armv6-m\libc_s.a(lib_a-init.o)
 .ARM.attributes
                0x0000088e       0x2c c:/siliconlabs/simplicitystudio/v3/developer/toolchains/gnu_arm/4.8_2013q4/bin/../lib/gcc/arm-none-eabi/4.8.3/../../../../arm-none-eabi/lib/armv6-m\libc_s.a(lib_a-memcpy-stub.o)
 .ARM.attributes
                0x000008ba       0x2c c:/siliconlabs/simplicitystudio/v3/developer/toolchains/gnu_arm/4.8_2013q4/bin/../lib/gcc/arm-none-eabi/4.8.3/../../../../arm-none-eabi/lib/armv6-m\libc_s.a(lib_a-memset.o)
 .ARM.attributes
                0x000008e6       0x2c c:/siliconlabs/simplicitystudio/v3/developer/toolchains/gnu_arm/4.8_2013q4/bin/../lib/gcc/arm-none-eabi/4.8.3/../../../../arm-none-eabi/lib/armv6-m\libc_s.a(lib_a-printf.o)
 .ARM.attributes
                0x00000912       0x2c c:/siliconlabs/simplicitystudio/v3/developer/toolchains/gnu_arm/4.8_2013q4/bin/../lib/gcc/arm-none-eabi/4.8.3/../../../../arm-none-eabi/lib/armv6-m\libc_s.a(lib_a-strlen.o)
 .ARM.attributes
                0x0000093e       0x2c c:/siliconlabs/simplicitystudio/v3/developer/toolchains/gnu_arm/4.8_2013q4/bin/../lib/gcc/arm-none-eabi/4.8.3/../../../../arm-none-eabi/lib/armv6-m\libc_s.a(lib_a-vfprintf.o)
 .ARM.attributes
                0x0000096a       0x2c c:/siliconlabs/simplicitystudio/v3/developer/toolchains/gnu_arm/4.8_2013q4/bin/../lib/gcc/arm-none-eabi/4.8.3/../../../../arm-none-eabi/lib/armv6-m\libc_s.a(lib_a-vfprintf_i.o)
 .ARM.attributes
                0x00000996       0x2c c:/siliconlabs/simplicitystudio/v3/developer/toolchains/gnu_arm/4.8_2013q4/bin/../lib/gcc/arm-none-eabi/4.8.3/../../../../arm-none-eabi/lib/armv6-m\libc_s.a(lib_a-wbuf.o)
 .ARM.attributes
                0x000009c2       0x2c c:/siliconlabs/simplicitystudio/v3/developer/toolchains/gnu_arm/4.8_2013q4/bin/../lib/gcc/arm-none-eabi/4.8.3/../../../../arm-none-eabi/lib/armv6-m\libc_s.a(lib_a-wsetup.o)
 .ARM.attributes
                0x000009ee       0x2c c:/siliconlabs/simplicitystudio/v3/developer/toolchains/gnu_arm/4.8_2013q4/bin/../lib/gcc/arm-none-eabi/4.8.3/../../../../arm-none-eabi/lib/armv6-m\libc_s.a(lib_a-fflush.o)
 .ARM.attributes
                0x00000a1a       0x2c c:/siliconlabs/simplicitystudio/v3/developer/toolchains/gnu_arm/4.8_2013q4/bin/../lib/gcc/arm-none-eabi/4.8.3/../../../../arm-none-eabi/lib/armv6-m\libc_s.a(lib_a-findfp.o)
 .ARM.attributes
                0x00000a46       0x2c c:/siliconlabs/simplicitystudio/v3/developer/toolchains/gnu_arm/4.8_2013q4/bin/../lib/gcc/arm-none-eabi/4.8.3/../../../../arm-none-eabi/lib/armv6-m\libc_s.a(lib_a-makebuf.o)
 .ARM.attributes
                0x00000a72       0x2c c:/siliconlabs/simplicitystudio/v3/developer/toolchains/gnu_arm/4.8_2013q4/bin/../lib/gcc/arm-none-eabi/4.8.3/../../../../arm-none-eabi/lib/armv6-m\libc_s.a(lib_a-memchr-stub.o)
 .ARM.attributes
                0x00000a9e       0x2c c:/siliconlabs/simplicitystudio/v3/developer/toolchains/gnu_arm/4.8_2013q4/bin/../lib/gcc/arm-none-eabi/4.8.3/../../../../arm-none-eabi/lib/armv6-m\libc_s.a(lib_a-nano-freer.o)
 .ARM.attributes
                0x00000aca       0x2c c:/siliconlabs/simplicitystudio/v3/developer/toolchains/gnu_arm/4.8_2013q4/bin/../lib/gcc/arm-none-eabi/4.8.3/../../../../arm-none-eabi/lib/armv6-m\libc_s.a(lib_a-nano-mallocr.o)
 .ARM.attributes
                0x00000af6       0x2c c:/siliconlabs/simplicitystudio/v3/developer/toolchains/gnu_arm/4.8_2013q4/bin/../lib/gcc/arm-none-eabi/4.8.3/../../../../arm-none-eabi/lib/armv6-m\libc_s.a(lib_a-sbrkr.o)
 .ARM.attributes
                0x00000b22       0x2c c:/siliconlabs/simplicitystudio/v3/developer/toolchains/gnu_arm/4.8_2013q4/bin/../lib/gcc/arm-none-eabi/4.8.3/../../../../arm-none-eabi/lib/armv6-m\libc_s.a(lib_a-stdio.o)
 .ARM.attributes
                0x00000b4e       0x2c c:/siliconlabs/simplicitystudio/v3/developer/toolchains/gnu_arm/4.8_2013q4/bin/../lib/gcc/arm-none-eabi/4.8.3/../../../../arm-none-eabi/lib/armv6-m\libc_s.a(lib_a-writer.o)
 .ARM.attributes
                0x00000b7a       0x2c c:/siliconlabs/simplicitystudio/v3/developer/toolchains/gnu_arm/4.8_2013q4/bin/../lib/gcc/arm-none-eabi/4.8.3/../../../../arm-none-eabi/lib/armv6-m\libc_s.a(lib_a-closer.o)
 .ARM.attributes
                0x00000ba6       0x2c c:/siliconlabs/simplicitystudio/v3/developer/toolchains/gnu_arm/4.8_2013q4/bin/../lib/gcc/arm-none-eabi/4.8.3/../../../../arm-none-eabi/lib/armv6-m\libc_s.a(lib_a-fstatr.o)
 .ARM.attributes
                0x00000bd2       0x2c c:/siliconlabs/simplicitystudio/v3/developer/toolchains/gnu_arm/4.8_2013q4/bin/../lib/gcc/arm-none-eabi/4.8.3/../../../../arm-none-eabi/lib/armv6-m\libc_s.a(lib_a-isattyr.o)
 .ARM.attributes
                0x00000bfe       0x2c c:/siliconlabs/simplicitystudio/v3/developer/toolchains/gnu_arm/4.8_2013q4/bin/../lib/gcc/arm-none-eabi/4.8.3/../../../../arm-none-eabi/lib/armv6-m\libc_s.a(lib_a-lseekr.o)
 .ARM.attributes
                0x00000c2a       0x2c c:/siliconlabs/simplicitystudio/v3/developer/toolchains/gnu_arm/4.8_2013q4/bin/../lib/gcc/arm-none-eabi/4.8.3/../../../../arm-none-eabi/lib/armv6-m\libc_s.a(lib_a-readr.o)
 .ARM.attributes
                0x00000c56       0x2c c:/siliconlabs/simplicitystudio/v3/developer/toolchains/gnu_arm/4.8_2013q4/bin/../lib/gcc/arm-none-eabi/4.8.3/../../../../arm-none-eabi/lib/armv6-m\libc_s.a(lib_a-reent.o)
 .ARM.attributes
                0x00000c82       0x2c c:/siliconlabs/simplicitystudio/v3/developer/toolchains/gnu_arm/4.8_2013q4/bin/../lib/gcc/arm-none-eabi/4.8.3/../../../../arm-none-eabi/lib/armv6-m\libnosys.a(close.o)
 .ARM.attributes
                0x00000cae       0x2c c:/siliconlabs/simplicitystudio/v3/developer/toolchains/gnu_arm/4.8_2013q4/bin/../lib/gcc/arm-none-eabi/4.8.3/../../../../arm-none-eabi/lib/armv6-m\libnosys.a(fstat.o)
 .ARM.attributes
                0x00000cda       0x2c c:/siliconlabs/simplicitystudio/v3/developer/toolchains/gnu_arm/4.8_2013q4/bin/../lib/gcc/arm-none-eabi/4.8.3/../../../../arm-none-eabi/lib/armv6-m\libnosys.a(isatty.o)
 .ARM.attributes
                0x00000d06       0x2c c:/siliconlabs/simplicitystudio/v3/developer/toolchains/gnu_arm/4.8_2013q4/bin/../lib/gcc/arm-none-eabi/4.8.3/../../../../arm-none-eabi/lib/armv6-m\libnosys.a(lseek.o)
 .ARM.attributes
                0x00000d32       0x2c c:/siliconlabs/simplicitystudio/v3/developer/toolchains/gnu_arm/4.8_2013q4/bin/../lib/gcc/arm-none-eabi/4.8.3/../../../../arm-none-eabi/lib/armv6-m\libnosys.a(read.o)
 .ARM.attributes
                0x00000d5e       0x2c c:/siliconlabs/simplicitystudio/v3/developer/toolchains/gnu_arm/4.8_2013q4/bin/../lib/gcc/arm-none-eabi/4.8.3/../../../../arm-none-eabi/lib/armv6-m\libnosys.a(sbrk.o)
 .ARM.attributes
                0x00000d8a       0x2c c:/siliconlabs/simplicitystudio/v3/developer/toolchains/gnu_arm/4.8_2013q4/bin/../lib/gcc/arm-none-eabi/4.8.3/../../../../arm-none-eabi/lib/armv6-m\libnosys.a(write.o)
 .ARM.attributes
                0x00000db6       0x2c c:/siliconlabs/simplicitystudio/v3/developer/toolchains/gnu_arm/4.8_2013q4/bin/../lib/gcc/arm-none-eabi/4.8.3/../../../../arm-none-eabi/lib/armv6-m\libnosys.a(_exit.o)
 .ARM.attributes
                0x00000de2       0x2c c:/siliconlabs/simplicitystudio/v3/developer/toolchains/gnu_arm/4.8_2013q4/bin/../lib/gcc/arm-none-eabi/4.8.3/armv6-m/crtend.o
 .ARM.attributes
                0x00000e0e       0x1e c:/siliconlabs/simplicitystudio/v3/developer/toolchains/gnu_arm/4.8_2013q4/bin/../lib/gcc/arm-none-eabi/4.8.3/armv6-m/crtn.o

.comment        0x00000000       0x70
 .comment       0x00000000       0x70 ./src/InitDevice.o
                                 0x71 (size before relaxing)
 .comment       0x00000000       0x71 ./src/gestureRecognition.o
 .comment       0x00000000       0x71 ./src/main.o
 .comment       0x00000000       0x71 ./src/user_usart.o
 .comment       0x00000000       0x71 ./emlib/em_cmu.o
 .comment       0x00000000       0x71 ./emlib/em_emu.o
 .comment       0x00000000       0x71 ./emlib/em_gpio.o
 .comment       0x00000000       0x71 ./emlib/em_i2c.o
 .comment       0x00000000       0x71 ./emlib/em_timer.o
 .comment       0x00000000       0x71 ./emlib/em_usart.o
 .comment       0x00000000       0x71 ./bglib/bglib_txrx.o
 .comment       0x00000000       0x71 ./CMSIS/efm32hg/system_efm32hg.o
 .comment       0x00000000       0x71 ./BSP/bsp_stk_leds.o

.debug_info     0x00000000    0x11b57
 .debug_info    0x00000000     0x1195 ./src/InitDevice.o
 .debug_info    0x00001195      0xf57 ./src/gestureRecognition.o
 .debug_info    0x000020ec     0x5a91 ./src/main.o
 .debug_info    0x00007b7d      0x751 ./src/user_usart.o
 .debug_info    0x000082ce     0x107a ./emlib/em_cmu.o
 .debug_info    0x00009348      0x66a ./emlib/em_emu.o
 .debug_info    0x000099b2      0x49a ./emlib/em_gpio.o
 .debug_info    0x00009e4c      0x785 ./emlib/em_i2c.o
 .debug_info    0x0000a5d1      0x8a3 ./emlib/em_timer.o
 .debug_info    0x0000ae74      0xdb7 ./emlib/em_usart.o
 .debug_info    0x0000bc2b     0x52f5 ./bglib/bglib_txrx.o
 .debug_info    0x00010f20       0xa2 ./CMSIS/efm32hg/startup_gcc_efm32hg.o
 .debug_info    0x00010fc2      0x486 ./CMSIS/efm32hg/system_efm32hg.o
 .debug_info    0x00011448      0x70f ./BSP/bsp_stk_leds.o

.debug_abbrev   0x00000000     0x1804
 .debug_abbrev  0x00000000      0x186 ./src/InitDevice.o
 .debug_abbrev  0x00000186      0x192 ./src/gestureRecognition.o
 .debug_abbrev  0x00000318      0x2e7 ./src/main.o
 .debug_abbrev  0x000005ff      0x23b ./src/user_usart.o
 .debug_abbrev  0x0000083a      0x24f ./emlib/em_cmu.o
 .debug_abbrev  0x00000a89      0x1c5 ./emlib/em_emu.o
 .debug_abbrev  0x00000c4e      0x163 ./emlib/em_gpio.o
 .debug_abbrev  0x00000db1      0x230 ./emlib/em_i2c.o
 .debug_abbrev  0x00000fe1      0x1a2 ./emlib/em_timer.o
 .debug_abbrev  0x00001183      0x1ce ./emlib/em_usart.o
 .debug_abbrev  0x00001351      0x1c2 ./bglib/bglib_txrx.o
 .debug_abbrev  0x00001513       0x14 ./CMSIS/efm32hg/startup_gcc_efm32hg.o
 .debug_abbrev  0x00001527      0x160 ./CMSIS/efm32hg/system_efm32hg.o
 .debug_abbrev  0x00001687      0x17d ./BSP/bsp_stk_leds.o

.debug_loc      0x00000000     0x2557
 .debug_loc     0x00000000      0x376 ./src/InitDevice.o
 .debug_loc     0x00000376      0x5a5 ./src/gestureRecognition.o
 .debug_loc     0x0000091b      0x224 ./src/main.o
 .debug_loc     0x00000b3f      0x300 ./src/user_usart.o
 .debug_loc     0x00000e3f      0x76c ./emlib/em_cmu.o
 .debug_loc     0x000015ab      0x22c ./emlib/em_emu.o
 .debug_loc     0x000017d7       0xe0 ./emlib/em_gpio.o
 .debug_loc     0x000018b7      0x1c0 ./emlib/em_i2c.o
 .debug_loc     0x00001a77      0x188 ./emlib/em_timer.o
 .debug_loc     0x00001bff      0x460 ./emlib/em_usart.o
 .debug_loc     0x0000205f       0x70 ./bglib/bglib_txrx.o
 .debug_loc     0x000020cf      0x1e8 ./CMSIS/efm32hg/system_efm32hg.o
 .debug_loc     0x000022b7      0x2a0 ./BSP/bsp_stk_leds.o

.debug_aranges  0x00000000      0x6e8
 .debug_aranges
                0x00000000       0xb0 ./src/InitDevice.o
 .debug_aranges
                0x000000b0       0xe0 ./src/gestureRecognition.o
 .debug_aranges
                0x00000190       0x68 ./src/main.o
 .debug_aranges
                0x000001f8       0x90 ./src/user_usart.o
 .debug_aranges
                0x00000288      0x130 ./emlib/em_cmu.o
 .debug_aranges
                0x000003b8       0x70 ./emlib/em_emu.o
 .debug_aranges
                0x00000428       0x38 ./emlib/em_gpio.o
 .debug_aranges
                0x00000460       0x58 ./emlib/em_i2c.o
 .debug_aranges
                0x000004b8       0x50 ./emlib/em_timer.o
 .debug_aranges
                0x00000508       0xb8 ./emlib/em_usart.o
 .debug_aranges
                0x000005c0       0x28 ./bglib/bglib_txrx.o
 .debug_aranges
                0x000005e8       0x20 ./CMSIS/efm32hg/startup_gcc_efm32hg.o
 .debug_aranges
                0x00000608       0x68 ./CMSIS/efm32hg/system_efm32hg.o
 .debug_aranges
                0x00000670       0x78 ./BSP/bsp_stk_leds.o

.debug_ranges   0x00000000      0x5f8
 .debug_ranges  0x00000000       0xa0 ./src/InitDevice.o
 .debug_ranges  0x000000a0       0xd0 ./src/gestureRecognition.o
 .debug_ranges  0x00000170       0x58 ./src/main.o
 .debug_ranges  0x000001c8       0x80 ./src/user_usart.o
 .debug_ranges  0x00000248      0x120 ./emlib/em_cmu.o
 .debug_ranges  0x00000368       0x60 ./emlib/em_emu.o
 .debug_ranges  0x000003c8       0x28 ./emlib/em_gpio.o
 .debug_ranges  0x000003f0       0x48 ./emlib/em_i2c.o
 .debug_ranges  0x00000438       0x40 ./emlib/em_timer.o
 .debug_ranges  0x00000478       0xa8 ./emlib/em_usart.o
 .debug_ranges  0x00000520       0x18 ./bglib/bglib_txrx.o
 .debug_ranges  0x00000538       0x58 ./CMSIS/efm32hg/system_efm32hg.o
 .debug_ranges  0x00000590       0x68 ./BSP/bsp_stk_leds.o

.debug_line     0x00000000     0x3432
 .debug_line    0x00000000      0x3d7 ./src/InitDevice.o
 .debug_line    0x000003d7      0x742 ./src/gestureRecognition.o
 .debug_line    0x00000b19      0x4cb ./src/main.o
 .debug_line    0x00000fe4      0x3d9 ./src/user_usart.o
 .debug_line    0x000013bd      0x772 ./emlib/em_cmu.o
 .debug_line    0x00001b2f      0x3b8 ./emlib/em_emu.o
 .debug_line    0x00001ee7      0x23b ./emlib/em_gpio.o
 .debug_line    0x00002122      0x308 ./emlib/em_i2c.o
 .debug_line    0x0000242a      0x407 ./emlib/em_timer.o
 .debug_line    0x00002831      0x461 ./emlib/em_usart.o
 .debug_line    0x00002c92      0x1de ./bglib/bglib_txrx.o
 .debug_line    0x00002e70       0x74 ./CMSIS/efm32hg/startup_gcc_efm32hg.o
 .debug_line    0x00002ee4      0x1f3 ./CMSIS/efm32hg/system_efm32hg.o
 .debug_line    0x000030d7      0x35b ./BSP/bsp_stk_leds.o

.debug_str      0x00000000     0x92af
 .debug_str     0x00000000     0x12a0 ./src/InitDevice.o
                               0x132a (size before relaxing)
 .debug_str     0x000012a0      0x49b ./src/gestureRecognition.o
                                0x6bd (size before relaxing)
 .debug_str     0x0000173b     0x6328 ./src/main.o
                               0x6a07 (size before relaxing)
 .debug_str     0x00007a63      0x16b ./src/user_usart.o
                                0x5cd (size before relaxing)
 .debug_str     0x00007bce      0x723 ./emlib/em_cmu.o
                                0xc1c (size before relaxing)
 .debug_str     0x000082f1      0x165 ./emlib/em_emu.o
                                0x4d7 (size before relaxing)
 .debug_str     0x00008456      0x2c2 ./emlib/em_gpio.o
                                0x567 (size before relaxing)
 .debug_str     0x00008718      0x1a5 ./emlib/em_i2c.o
                                0x6fb (size before relaxing)
 .debug_str     0x000088bd       0x7c ./emlib/em_timer.o
                                0x926 (size before relaxing)
 .debug_str     0x00008939      0x454 ./emlib/em_usart.o
                                0xc3c (size before relaxing)
 .debug_str     0x00008d8d      0x2f8 ./bglib/bglib_txrx.o
                               0x6629 (size before relaxing)
 .debug_str     0x00009085      0x10c ./CMSIS/efm32hg/system_efm32hg.o
                                0x439 (size before relaxing)
 .debug_str     0x00009191      0x11e ./BSP/bsp_stk_leds.o
                                0x6c5 (size before relaxing)

.debug_frame    0x00000000     0x2350
 .debug_frame   0x00000000      0x234 ./src/InitDevice.o
 .debug_frame   0x00000234      0x33c ./src/gestureRecognition.o
 .debug_frame   0x00000570      0x154 ./src/main.o
 .debug_frame   0x000006c4      0x1d8 ./src/user_usart.o
 .debug_frame   0x0000089c      0x45c ./emlib/em_cmu.o
 .debug_frame   0x00000cf8      0x15c ./emlib/em_emu.o
 .debug_frame   0x00000e54       0x94 ./emlib/em_gpio.o
 .debug_frame   0x00000ee8      0x110 ./emlib/em_i2c.o
 .debug_frame   0x00000ff8       0xf0 ./emlib/em_timer.o
 .debug_frame   0x000010e8      0x290 ./emlib/em_usart.o
 .debug_frame   0x00001378       0x50 ./bglib/bglib_txrx.o
 .debug_frame   0x000013c8      0x138 ./CMSIS/efm32hg/system_efm32hg.o
 .debug_frame   0x00001500      0x190 ./BSP/bsp_stk_leds.o
 .debug_frame   0x00001690       0x38 c:/siliconlabs/simplicitystudio/v3/developer/toolchains/gnu_arm/4.8_2013q4/bin/../lib/gcc/arm-none-eabi/4.8.3/../../../../arm-none-eabi/lib/armv6-m\libm.a(lib_a-w_sqrt.o)
 .debug_frame   0x000016c8       0x3c c:/siliconlabs/simplicitystudio/v3/developer/toolchains/gnu_arm/4.8_2013q4/bin/../lib/gcc/arm-none-eabi/4.8.3/../../../../arm-none-eabi/lib/armv6-m\libm.a(lib_a-e_sqrt.o)
 .debug_frame   0x00001704       0x2c c:/siliconlabs/simplicitystudio/v3/developer/toolchains/gnu_arm/4.8_2013q4/bin/../lib/gcc/arm-none-eabi/4.8.3/../../../../arm-none-eabi/lib/armv6-m\libm.a(lib_a-s_fpclassify.o)
 .debug_frame   0x00001730       0x20 c:/siliconlabs/simplicitystudio/v3/developer/toolchains/gnu_arm/4.8_2013q4/bin/../lib/gcc/arm-none-eabi/4.8.3/../../../../arm-none-eabi/lib/armv6-m\libm.a(lib_a-s_matherr.o)
 .debug_frame   0x00001750       0x20 c:/siliconlabs/simplicitystudio/v3/developer/toolchains/gnu_arm/4.8_2013q4/bin/../lib/gcc/arm-none-eabi/4.8.3/armv6-m\libgcc.a(_udivsi3.o)
 .debug_frame   0x00001770       0x20 c:/siliconlabs/simplicitystudio/v3/developer/toolchains/gnu_arm/4.8_2013q4/bin/../lib/gcc/arm-none-eabi/4.8.3/armv6-m\libgcc.a(_divsi3.o)
 .debug_frame   0x00001790       0x30 c:/siliconlabs/simplicitystudio/v3/developer/toolchains/gnu_arm/4.8_2013q4/bin/../lib/gcc/arm-none-eabi/4.8.3/armv6-m\libgcc.a(addsf3.o)
 .debug_frame   0x000017c0       0x3c c:/siliconlabs/simplicitystudio/v3/developer/toolchains/gnu_arm/4.8_2013q4/bin/../lib/gcc/arm-none-eabi/4.8.3/armv6-m\libgcc.a(divsf3.o)
 .debug_frame   0x000017fc       0x2c c:/siliconlabs/simplicitystudio/v3/developer/toolchains/gnu_arm/4.8_2013q4/bin/../lib/gcc/arm-none-eabi/4.8.3/armv6-m\libgcc.a(eqsf2.o)
 .debug_frame   0x00001828       0x30 c:/siliconlabs/simplicitystudio/v3/developer/toolchains/gnu_arm/4.8_2013q4/bin/../lib/gcc/arm-none-eabi/4.8.3/armv6-m\libgcc.a(gesf2.o)
 .debug_frame   0x00001858       0x30 c:/siliconlabs/simplicitystudio/v3/developer/toolchains/gnu_arm/4.8_2013q4/bin/../lib/gcc/arm-none-eabi/4.8.3/armv6-m\libgcc.a(lesf2.o)
 .debug_frame   0x00001888       0x3c c:/siliconlabs/simplicitystudio/v3/developer/toolchains/gnu_arm/4.8_2013q4/bin/../lib/gcc/arm-none-eabi/4.8.3/armv6-m\libgcc.a(mulsf3.o)
 .debug_frame   0x000018c4       0x30 c:/siliconlabs/simplicitystudio/v3/developer/toolchains/gnu_arm/4.8_2013q4/bin/../lib/gcc/arm-none-eabi/4.8.3/armv6-m\libgcc.a(subsf3.o)
 .debug_frame   0x000018f4       0x20 c:/siliconlabs/simplicitystudio/v3/developer/toolchains/gnu_arm/4.8_2013q4/bin/../lib/gcc/arm-none-eabi/4.8.3/armv6-m\libgcc.a(fixsfsi.o)
 .debug_frame   0x00001914       0x2c c:/siliconlabs/simplicitystudio/v3/developer/toolchains/gnu_arm/4.8_2013q4/bin/../lib/gcc/arm-none-eabi/4.8.3/armv6-m\libgcc.a(floatsisf.o)
 .debug_frame   0x00001940       0x3c c:/siliconlabs/simplicitystudio/v3/developer/toolchains/gnu_arm/4.8_2013q4/bin/../lib/gcc/arm-none-eabi/4.8.3/armv6-m\libgcc.a(adddf3.o)
 .debug_frame   0x0000197c       0x3c c:/siliconlabs/simplicitystudio/v3/developer/toolchains/gnu_arm/4.8_2013q4/bin/../lib/gcc/arm-none-eabi/4.8.3/armv6-m\libgcc.a(divdf3.o)
 .debug_frame   0x000019b8       0x3c c:/siliconlabs/simplicitystudio/v3/developer/toolchains/gnu_arm/4.8_2013q4/bin/../lib/gcc/arm-none-eabi/4.8.3/armv6-m\libgcc.a(eqdf2.o)
 .debug_frame   0x000019f4       0x38 c:/siliconlabs/simplicitystudio/v3/developer/toolchains/gnu_arm/4.8_2013q4/bin/../lib/gcc/arm-none-eabi/4.8.3/armv6-m\libgcc.a(gedf2.o)
 .debug_frame   0x00001a2c       0x3c c:/siliconlabs/simplicitystudio/v3/developer/toolchains/gnu_arm/4.8_2013q4/bin/../lib/gcc/arm-none-eabi/4.8.3/armv6-m\libgcc.a(ledf2.o)
 .debug_frame   0x00001a68       0x3c c:/siliconlabs/simplicitystudio/v3/developer/toolchains/gnu_arm/4.8_2013q4/bin/../lib/gcc/arm-none-eabi/4.8.3/armv6-m\libgcc.a(muldf3.o)
 .debug_frame   0x00001aa4       0x3c c:/siliconlabs/simplicitystudio/v3/developer/toolchains/gnu_arm/4.8_2013q4/bin/../lib/gcc/arm-none-eabi/4.8.3/armv6-m\libgcc.a(subdf3.o)
 .debug_frame   0x00001ae0       0x2c c:/siliconlabs/simplicitystudio/v3/developer/toolchains/gnu_arm/4.8_2013q4/bin/../lib/gcc/arm-none-eabi/4.8.3/armv6-m\libgcc.a(extendsfdf2.o)
 .debug_frame   0x00001b0c       0x30 c:/siliconlabs/simplicitystudio/v3/developer/toolchains/gnu_arm/4.8_2013q4/bin/../lib/gcc/arm-none-eabi/4.8.3/armv6-m\libgcc.a(truncdfsf2.o)
 .debug_frame   0x00001b3c       0x20 c:/siliconlabs/simplicitystudio/v3/developer/toolchains/gnu_arm/4.8_2013q4/bin/../lib/gcc/arm-none-eabi/4.8.3/../../../../arm-none-eabi/lib/armv6-m\libc_s.a(lib_a-abs.o)
 .debug_frame   0x00001b5c       0x20 c:/siliconlabs/simplicitystudio/v3/developer/toolchains/gnu_arm/4.8_2013q4/bin/../lib/gcc/arm-none-eabi/4.8.3/../../../../arm-none-eabi/lib/armv6-m\libc_s.a(lib_a-errno.o)
 .debug_frame   0x00001b7c       0x28 c:/siliconlabs/simplicitystudio/v3/developer/toolchains/gnu_arm/4.8_2013q4/bin/../lib/gcc/arm-none-eabi/4.8.3/../../../../arm-none-eabi/lib/armv6-m\libc_s.a(lib_a-exit.o)
 .debug_frame   0x00001ba4       0x2c c:/siliconlabs/simplicitystudio/v3/developer/toolchains/gnu_arm/4.8_2013q4/bin/../lib/gcc/arm-none-eabi/4.8.3/../../../../arm-none-eabi/lib/armv6-m\libc_s.a(lib_a-init.o)
 .debug_frame   0x00001bd0       0x28 c:/siliconlabs/simplicitystudio/v3/developer/toolchains/gnu_arm/4.8_2013q4/bin/../lib/gcc/arm-none-eabi/4.8.3/../../../../arm-none-eabi/lib/armv6-m\libc_s.a(lib_a-memcpy-stub.o)
 .debug_frame   0x00001bf8       0x20 c:/siliconlabs/simplicitystudio/v3/developer/toolchains/gnu_arm/4.8_2013q4/bin/../lib/gcc/arm-none-eabi/4.8.3/../../../../arm-none-eabi/lib/armv6-m\libc_s.a(lib_a-memset.o)
 .debug_frame   0x00001c18       0x50 c:/siliconlabs/simplicitystudio/v3/developer/toolchains/gnu_arm/4.8_2013q4/bin/../lib/gcc/arm-none-eabi/4.8.3/../../../../arm-none-eabi/lib/armv6-m\libc_s.a(lib_a-printf.o)
 .debug_frame   0x00001c68       0x20 c:/siliconlabs/simplicitystudio/v3/developer/toolchains/gnu_arm/4.8_2013q4/bin/../lib/gcc/arm-none-eabi/4.8.3/../../../../arm-none-eabi/lib/armv6-m\libc_s.a(lib_a-strlen.o)
 .debug_frame   0x00001c88       0xa0 c:/siliconlabs/simplicitystudio/v3/developer/toolchains/gnu_arm/4.8_2013q4/bin/../lib/gcc/arm-none-eabi/4.8.3/../../../../arm-none-eabi/lib/armv6-m\libc_s.a(lib_a-vfprintf.o)
 .debug_frame   0x00001d28       0x54 c:/siliconlabs/simplicitystudio/v3/developer/toolchains/gnu_arm/4.8_2013q4/bin/../lib/gcc/arm-none-eabi/4.8.3/../../../../arm-none-eabi/lib/armv6-m\libc_s.a(lib_a-vfprintf_i.o)
 .debug_frame   0x00001d7c       0x44 c:/siliconlabs/simplicitystudio/v3/developer/toolchains/gnu_arm/4.8_2013q4/bin/../lib/gcc/arm-none-eabi/4.8.3/../../../../arm-none-eabi/lib/armv6-m\libc_s.a(lib_a-wbuf.o)
 .debug_frame   0x00001dc0       0x2c c:/siliconlabs/simplicitystudio/v3/developer/toolchains/gnu_arm/4.8_2013q4/bin/../lib/gcc/arm-none-eabi/4.8.3/../../../../arm-none-eabi/lib/armv6-m\libc_s.a(lib_a-wsetup.o)
 .debug_frame   0x00001dec       0x68 c:/siliconlabs/simplicitystudio/v3/developer/toolchains/gnu_arm/4.8_2013q4/bin/../lib/gcc/arm-none-eabi/4.8.3/../../../../arm-none-eabi/lib/armv6-m\libc_s.a(lib_a-fflush.o)
 .debug_frame   0x00001e54      0x148 c:/siliconlabs/simplicitystudio/v3/developer/toolchains/gnu_arm/4.8_2013q4/bin/../lib/gcc/arm-none-eabi/4.8.3/../../../../arm-none-eabi/lib/armv6-m\libc_s.a(lib_a-findfp.o)
 .debug_frame   0x00001f9c       0x30 c:/siliconlabs/simplicitystudio/v3/developer/toolchains/gnu_arm/4.8_2013q4/bin/../lib/gcc/arm-none-eabi/4.8.3/../../../../arm-none-eabi/lib/armv6-m\libc_s.a(lib_a-makebuf.o)
 .debug_frame   0x00001fcc       0x20 c:/siliconlabs/simplicitystudio/v3/developer/toolchains/gnu_arm/4.8_2013q4/bin/../lib/gcc/arm-none-eabi/4.8.3/../../../../arm-none-eabi/lib/armv6-m\libc_s.a(lib_a-memchr-stub.o)
 .debug_frame   0x00001fec       0x2c c:/siliconlabs/simplicitystudio/v3/developer/toolchains/gnu_arm/4.8_2013q4/bin/../lib/gcc/arm-none-eabi/4.8.3/../../../../arm-none-eabi/lib/armv6-m\libc_s.a(lib_a-nano-freer.o)
 .debug_frame   0x00002018       0x2c c:/siliconlabs/simplicitystudio/v3/developer/toolchains/gnu_arm/4.8_2013q4/bin/../lib/gcc/arm-none-eabi/4.8.3/../../../../arm-none-eabi/lib/armv6-m\libc_s.a(lib_a-nano-mallocr.o)
 .debug_frame   0x00002044       0x2c c:/siliconlabs/simplicitystudio/v3/developer/toolchains/gnu_arm/4.8_2013q4/bin/../lib/gcc/arm-none-eabi/4.8.3/../../../../arm-none-eabi/lib/armv6-m\libc_s.a(lib_a-sbrkr.o)
 .debug_frame   0x00002070       0x90 c:/siliconlabs/simplicitystudio/v3/developer/toolchains/gnu_arm/4.8_2013q4/bin/../lib/gcc/arm-none-eabi/4.8.3/../../../../arm-none-eabi/lib/armv6-m\libc_s.a(lib_a-stdio.o)
 .debug_frame   0x00002100       0x2c c:/siliconlabs/simplicitystudio/v3/developer/toolchains/gnu_arm/4.8_2013q4/bin/../lib/gcc/arm-none-eabi/4.8.3/../../../../arm-none-eabi/lib/armv6-m\libc_s.a(lib_a-writer.o)
 .debug_frame   0x0000212c       0x2c c:/siliconlabs/simplicitystudio/v3/developer/toolchains/gnu_arm/4.8_2013q4/bin/../lib/gcc/arm-none-eabi/4.8.3/../../../../arm-none-eabi/lib/armv6-m\libc_s.a(lib_a-closer.o)
 .debug_frame   0x00002158       0x2c c:/siliconlabs/simplicitystudio/v3/developer/toolchains/gnu_arm/4.8_2013q4/bin/../lib/gcc/arm-none-eabi/4.8.3/../../../../arm-none-eabi/lib/armv6-m\libc_s.a(lib_a-fstatr.o)
 .debug_frame   0x00002184       0x2c c:/siliconlabs/simplicitystudio/v3/developer/toolchains/gnu_arm/4.8_2013q4/bin/../lib/gcc/arm-none-eabi/4.8.3/../../../../arm-none-eabi/lib/armv6-m\libc_s.a(lib_a-isattyr.o)
 .debug_frame   0x000021b0       0x2c c:/siliconlabs/simplicitystudio/v3/developer/toolchains/gnu_arm/4.8_2013q4/bin/../lib/gcc/arm-none-eabi/4.8.3/../../../../arm-none-eabi/lib/armv6-m\libc_s.a(lib_a-lseekr.o)
 .debug_frame   0x000021dc       0x2c c:/siliconlabs/simplicitystudio/v3/developer/toolchains/gnu_arm/4.8_2013q4/bin/../lib/gcc/arm-none-eabi/4.8.3/../../../../arm-none-eabi/lib/armv6-m\libc_s.a(lib_a-readr.o)
 .debug_frame   0x00002208       0x48 c:/siliconlabs/simplicitystudio/v3/developer/toolchains/gnu_arm/4.8_2013q4/bin/../lib/gcc/arm-none-eabi/4.8.3/../../../../arm-none-eabi/lib/armv6-m\libc_s.a(lib_a-reent.o)
 .debug_frame   0x00002250       0x20 c:/siliconlabs/simplicitystudio/v3/developer/toolchains/gnu_arm/4.8_2013q4/bin/../lib/gcc/arm-none-eabi/4.8.3/../../../../arm-none-eabi/lib/armv6-m\libnosys.a(close.o)
 .debug_frame   0x00002270       0x20 c:/siliconlabs/simplicitystudio/v3/developer/toolchains/gnu_arm/4.8_2013q4/bin/../lib/gcc/arm-none-eabi/4.8.3/../../../../arm-none-eabi/lib/armv6-m\libnosys.a(fstat.o)
 .debug_frame   0x00002290       0x20 c:/siliconlabs/simplicitystudio/v3/developer/toolchains/gnu_arm/4.8_2013q4/bin/../lib/gcc/arm-none-eabi/4.8.3/../../../../arm-none-eabi/lib/armv6-m\libnosys.a(isatty.o)
 .debug_frame   0x000022b0       0x20 c:/siliconlabs/simplicitystudio/v3/developer/toolchains/gnu_arm/4.8_2013q4/bin/../lib/gcc/arm-none-eabi/4.8.3/../../../../arm-none-eabi/lib/armv6-m\libnosys.a(lseek.o)
 .debug_frame   0x000022d0       0x20 c:/siliconlabs/simplicitystudio/v3/developer/toolchains/gnu_arm/4.8_2013q4/bin/../lib/gcc/arm-none-eabi/4.8.3/../../../../arm-none-eabi/lib/armv6-m\libnosys.a(read.o)
 .debug_frame   0x000022f0       0x20 c:/siliconlabs/simplicitystudio/v3/developer/toolchains/gnu_arm/4.8_2013q4/bin/../lib/gcc/arm-none-eabi/4.8.3/../../../../arm-none-eabi/lib/armv6-m\libnosys.a(sbrk.o)
 .debug_frame   0x00002310       0x20 c:/siliconlabs/simplicitystudio/v3/developer/toolchains/gnu_arm/4.8_2013q4/bin/../lib/gcc/arm-none-eabi/4.8.3/../../../../arm-none-eabi/lib/armv6-m\libnosys.a(write.o)
 .debug_frame   0x00002330       0x20 c:/siliconlabs/simplicitystudio/v3/developer/toolchains/gnu_arm/4.8_2013q4/bin/../lib/gcc/arm-none-eabi/4.8.3/../../../../arm-none-eabi/lib/armv6-m\libnosys.a(_exit.o)

.stab           0x00000000       0x9c
 .stab          0x00000000       0x24 c:/siliconlabs/simplicitystudio/v3/developer/toolchains/gnu_arm/4.8_2013q4/bin/../lib/gcc/arm-none-eabi/4.8.3/../../../../arm-none-eabi/lib/armv6-m\libnosys.a(close.o)
 .stab          0x00000024       0x18 c:/siliconlabs/simplicitystudio/v3/developer/toolchains/gnu_arm/4.8_2013q4/bin/../lib/gcc/arm-none-eabi/4.8.3/../../../../arm-none-eabi/lib/armv6-m\libnosys.a(fstat.o)
                                 0x24 (size before relaxing)
 .stab          0x0000003c       0x18 c:/siliconlabs/simplicitystudio/v3/developer/toolchains/gnu_arm/4.8_2013q4/bin/../lib/gcc/arm-none-eabi/4.8.3/../../../../arm-none-eabi/lib/armv6-m\libnosys.a(isatty.o)
                                 0x24 (size before relaxing)
 .stab          0x00000054       0x18 c:/siliconlabs/simplicitystudio/v3/developer/toolchains/gnu_arm/4.8_2013q4/bin/../lib/gcc/arm-none-eabi/4.8.3/../../../../arm-none-eabi/lib/armv6-m\libnosys.a(lseek.o)
                                 0x24 (size before relaxing)
 .stab          0x0000006c       0x18 c:/siliconlabs/simplicitystudio/v3/developer/toolchains/gnu_arm/4.8_2013q4/bin/../lib/gcc/arm-none-eabi/4.8.3/../../../../arm-none-eabi/lib/armv6-m\libnosys.a(read.o)
                                 0x24 (size before relaxing)
 .stab          0x00000084       0x18 c:/siliconlabs/simplicitystudio/v3/developer/toolchains/gnu_arm/4.8_2013q4/bin/../lib/gcc/arm-none-eabi/4.8.3/../../../../arm-none-eabi/lib/armv6-m\libnosys.a(write.o)
                                 0x24 (size before relaxing)

.stabstr        0x00000000      0x14d
 .stabstr       0x00000000      0x14d c:/siliconlabs/simplicitystudio/v3/developer/toolchains/gnu_arm/4.8_2013q4/bin/../lib/gcc/arm-none-eabi/4.8.3/../../../../arm-none-eabi/lib/armv6-m\libnosys.a(close.o)
