Archive member included because of file (symbol)

c:/siliconlabs/simplicitystudio/v4/developer/toolchains/gnu_arm/4.8_2013q4/bin/../lib/gcc/arm-none-eabi/4.8.3/armv6-m\libgcc.a(_udivsi3.o)
                              ./CMSIS/EFM32HG/system_efm32hg.o (__aeabi_uidiv)
c:/siliconlabs/simplicitystudio/v4/developer/toolchains/gnu_arm/4.8_2013q4/bin/../lib/gcc/arm-none-eabi/4.8.3/armv6-m\libgcc.a(_divsi3.o)
                              ./src/gestureRecognition.o (__aeabi_idiv)
c:/siliconlabs/simplicitystudio/v4/developer/toolchains/gnu_arm/4.8_2013q4/bin/../lib/gcc/arm-none-eabi/4.8.3/armv6-m\libgcc.a(_dvmd_tls.o)
                              c:/siliconlabs/simplicitystudio/v4/developer/toolchains/gnu_arm/4.8_2013q4/bin/../lib/gcc/arm-none-eabi/4.8.3/armv6-m\libgcc.a(_udivsi3.o) (__aeabi_idiv0)
c:/siliconlabs/simplicitystudio/v4/developer/toolchains/gnu_arm/4.8_2013q4/bin/../lib/gcc/arm-none-eabi/4.8.3/armv6-m\libgcc.a(_arm_cmpdf2.o)
                              ./src/gestureRecognition.o (__aeabi_dcmplt)
c:/siliconlabs/simplicitystudio/v4/developer/toolchains/gnu_arm/4.8_2013q4/bin/../lib/gcc/arm-none-eabi/4.8.3/armv6-m\libgcc.a(_arm_cmpsf2.o)
                              ./src/gestureRecognition.o (__aeabi_fcmpeq)
c:/siliconlabs/simplicitystudio/v4/developer/toolchains/gnu_arm/4.8_2013q4/bin/../lib/gcc/arm-none-eabi/4.8.3/armv6-m\libgcc.a(_clzsi2.o)
                              ./emlib/em_cmu.o (__clzsi2)
c:/siliconlabs/simplicitystudio/v4/developer/toolchains/gnu_arm/4.8_2013q4/bin/../lib/gcc/arm-none-eabi/4.8.3/armv6-m\libgcc.a(_aeabi_uldivmod.o)
                              ./emlib/em_usart.o (__aeabi_uldivmod)
c:/siliconlabs/simplicitystudio/v4/developer/toolchains/gnu_arm/4.8_2013q4/bin/../lib/gcc/arm-none-eabi/4.8.3/armv6-m\libgcc.a(_muldi3.o)
                              ./emlib/em_usart.o (__aeabi_lmul)
c:/siliconlabs/simplicitystudio/v4/developer/toolchains/gnu_arm/4.8_2013q4/bin/../lib/gcc/arm-none-eabi/4.8.3/armv6-m\libgcc.a(_fixunssfsi.o)
                              ./src/gestureRecognition.o (__aeabi_f2uiz)
c:/siliconlabs/simplicitystudio/v4/developer/toolchains/gnu_arm/4.8_2013q4/bin/../lib/gcc/arm-none-eabi/4.8.3/armv6-m\libgcc.a(bpabi.o)
                              c:/siliconlabs/simplicitystudio/v4/developer/toolchains/gnu_arm/4.8_2013q4/bin/../lib/gcc/arm-none-eabi/4.8.3/armv6-m\libgcc.a(_aeabi_uldivmod.o) (__gnu_uldivmod_helper)
c:/siliconlabs/simplicitystudio/v4/developer/toolchains/gnu_arm/4.8_2013q4/bin/../lib/gcc/arm-none-eabi/4.8.3/armv6-m\libgcc.a(addsf3.o)
                              ./src/gestureRecognition.o (__aeabi_fadd)
c:/siliconlabs/simplicitystudio/v4/developer/toolchains/gnu_arm/4.8_2013q4/bin/../lib/gcc/arm-none-eabi/4.8.3/armv6-m\libgcc.a(divsf3.o)
                              ./src/gestureRecognition.o (__aeabi_fdiv)
c:/siliconlabs/simplicitystudio/v4/developer/toolchains/gnu_arm/4.8_2013q4/bin/../lib/gcc/arm-none-eabi/4.8.3/armv6-m\libgcc.a(eqsf2.o)
                              c:/siliconlabs/simplicitystudio/v4/developer/toolchains/gnu_arm/4.8_2013q4/bin/../lib/gcc/arm-none-eabi/4.8.3/armv6-m\libgcc.a(_arm_cmpsf2.o) (__eqsf2)
c:/siliconlabs/simplicitystudio/v4/developer/toolchains/gnu_arm/4.8_2013q4/bin/../lib/gcc/arm-none-eabi/4.8.3/armv6-m\libgcc.a(gesf2.o)
                              c:/siliconlabs/simplicitystudio/v4/developer/toolchains/gnu_arm/4.8_2013q4/bin/../lib/gcc/arm-none-eabi/4.8.3/armv6-m\libgcc.a(_arm_cmpsf2.o) (__gesf2)
c:/siliconlabs/simplicitystudio/v4/developer/toolchains/gnu_arm/4.8_2013q4/bin/../lib/gcc/arm-none-eabi/4.8.3/armv6-m\libgcc.a(lesf2.o)
                              c:/siliconlabs/simplicitystudio/v4/developer/toolchains/gnu_arm/4.8_2013q4/bin/../lib/gcc/arm-none-eabi/4.8.3/armv6-m\libgcc.a(_arm_cmpsf2.o) (__lesf2)
c:/siliconlabs/simplicitystudio/v4/developer/toolchains/gnu_arm/4.8_2013q4/bin/../lib/gcc/arm-none-eabi/4.8.3/armv6-m\libgcc.a(mulsf3.o)
                              ./src/gestureRecognition.o (__aeabi_fmul)
c:/siliconlabs/simplicitystudio/v4/developer/toolchains/gnu_arm/4.8_2013q4/bin/../lib/gcc/arm-none-eabi/4.8.3/armv6-m\libgcc.a(subsf3.o)
                              ./src/gestureRecognition.o (__aeabi_fsub)
c:/siliconlabs/simplicitystudio/v4/developer/toolchains/gnu_arm/4.8_2013q4/bin/../lib/gcc/arm-none-eabi/4.8.3/armv6-m\libgcc.a(fixsfsi.o)
                              ./src/gestureRecognition.o (__aeabi_f2iz)
c:/siliconlabs/simplicitystudio/v4/developer/toolchains/gnu_arm/4.8_2013q4/bin/../lib/gcc/arm-none-eabi/4.8.3/armv6-m\libgcc.a(floatsisf.o)
                              ./src/gestureRecognition.o (__aeabi_i2f)
c:/siliconlabs/simplicitystudio/v4/developer/toolchains/gnu_arm/4.8_2013q4/bin/../lib/gcc/arm-none-eabi/4.8.3/armv6-m\libgcc.a(adddf3.o)
                              ./src/gestureRecognition.o (__aeabi_dadd)
c:/siliconlabs/simplicitystudio/v4/developer/toolchains/gnu_arm/4.8_2013q4/bin/../lib/gcc/arm-none-eabi/4.8.3/armv6-m\libgcc.a(divdf3.o)
[...]
Memory Configuration

Name             Origin             Length             Attributes
FLASH            0x00000000         0x00010000         xr
RAM              0x20000000         0x00002000         xrw
*default*        0x00000000         0xffffffff

Linker script and memory map

LOAD c:/siliconlabs/simplicitystudio/v4/developer/toolchains/gnu_arm/4.8_2013q4/bin/../lib/gcc/arm-none-eabi/4.8.3/armv6-m/crti.o
LOAD c:/siliconlabs/simplicitystudio/v4/developer/toolchains/gnu_arm/4.8_2013q4/bin/../lib/gcc/arm-none-eabi/4.8.3/armv6-m/crtbegin.o
LOAD c:/siliconlabs/simplicitystudio/v4/developer/toolchains/gnu_arm/4.8_2013q4/bin/../lib/gcc/arm-none-eabi/4.8.3/../../../../arm-none-eabi/lib/armv6-m/crt0.o
LOAD ./CMSIS/EFM32HG/startup_gcc_efm32hg.o
LOAD ./CMSIS/EFM32HG/system_efm32hg.o
LOAD ./bglib/bglib_txrx.o
LOAD ./emlib/em_assert.o
LOAD ./emlib/em_cmu.o
LOAD ./emlib/em_emu.o
LOAD ./emlib/em_gpio.o
LOAD ./emlib/em_i2c.o
LOAD ./emlib/em_int.o
LOAD ./emlib/em_leuart.o
LOAD ./emlib/em_system.o
LOAD ./emlib/em_timer.o
LOAD ./emlib/em_usart.o
LOAD ./src/InitDevice.o
LOAD ./src/gestureRecognition.o
LOAD ./src/gesture_bt121_main.o
LOAD ./src/key_input.o
LOAD ./src/sensor.o
LOAD ./src/user_delay.o
LOAD ./src/user_usart.o
START GROUP
LOAD c:/siliconlabs/simplicitystudio/v4/developer/toolchains/gnu_arm/4.8_2013q4/bin/../lib/gcc/arm-none-eabi/4.8.3/armv6-m\libgcc.a
LOAD c:/siliconlabs/simplicitystudio/v4/developer/toolchains/gnu_arm/4.8_2013q4/bin/../lib/gcc/arm-none-eabi/4.8.3/../../../../arm-none-eabi/lib/armv6-m\libc_s.a
LOAD c:/siliconlabs/simplicitystudio/v4/developer/toolchains/gnu_arm/4.8_2013q4/bin/../lib/gcc/arm-none-eabi/4.8.3/../../../../arm-none-eabi/lib/armv6-m\libnosys.a
END GROUP
START GROUP
LOAD c:/siliconlabs/simplicitystudio/v4/developer/toolchains/gnu_arm/4.8_2013q4/bin/../lib/gcc/arm-none-eabi/4.8.3/armv6-m\libgcc.a
LOAD c:/siliconlabs/simplicitystudio/v4/developer/toolchains/gnu_arm/4.8_2013q4/bin/../lib/gcc/arm-none-eabi/4.8.3/../../../../arm-none-eabi/lib/armv6-m\libg_s.a
LOAD c:/siliconlabs/simplicitystudio/v4/developer/toolchains/gnu_arm/4.8_2013q4/bin/../lib/gcc/arm-none-eabi/4.8.3/../../../../arm-none-eabi/lib/armv6-m\libc_s.a
END GROUP
START GROUP
LOAD c:/siliconlabs/simplicitystudio/v4/developer/toolchains/gnu_arm/4.8_2013q4/bin/../lib/gcc/arm-none-eabi/4.8.3/armv6-m\libgcc.a
LOAD c:/siliconlabs/simplicitystudio/v4/developer/toolchains/gnu_arm/4.8_2013q4/bin/../lib/gcc/arm-none-eabi/4.8.3/../../../../arm-none-eabi/lib/armv6-m\libc_s.a
END GROUP
LOAD c:/siliconlabs/simplicitystudio/v4/developer/toolchains/gnu_arm/4.8_2013q4/bin/../lib/gcc/arm-none-eabi/4.8.3/armv6-m/crtend.o
LOAD c:/siliconlabs/simplicitystudio/v4/developer/toolchains/gnu_arm/4.8_2013q4/bin/../lib/gcc/arm-none-eabi/4.8.3/armv6-m/crtn.o

.text           0x00000000     0x9960
 *(.vectors)
 .vectors       0x00000000       0x94 ./CMSIS/EFM32HG/startup_gcc_efm32hg.o
                0x00000000                __Vectors
                0x00000094                __Vectors_End = .
                0x00000094                __Vectors_Size = (__Vectors_End - __Vectors)
                0x00000094                __end__ = .
 *(.text*)
 .text          0x00000094       0x60 c:/siliconlabs/simplicitystudio/v4/developer/toolchains/gnu_arm/4.8_2013q4/bin/../lib/gcc/arm-none-eabi/4.8.3/armv6-m/crtbegin.o
 .text          0x000000f4       0x78 c:/siliconlabs/simplicitystudio/v4/developer/toolchains/gnu_arm/4.8_2013q4/bin/../lib/gcc/arm-none-eabi/4.8.3/../../../../arm-none-eabi/lib/armv6-m/crt0.o
                0x000000f4                _start
                0x000000f4                _mainCRTStartup
 .text          0x0000016c       0x30 ./CMSIS/EFM32HG/startup_gcc_efm32hg.o
                0x0000016c                Reset_Handler
                0x00000198                USART0_TX_IRQHandler
                0x00000198                I2C0_IRQHandler
                0x00000198                HardFault_Handler
                0x00000198                PendSV_Handler
                0x00000198                NMI_Handler
                0x00000198                USART1_TX_IRQHandler
                0x00000198                MSC_IRQHandler
                0x00000198                ADC0_IRQHandler
                0x00000198                GPIO_EVEN_IRQHandler
                0x00000198                RTC_IRQHandler
                0x00000198                TIMER0_IRQHandler
                0x00000198                TIMER2_IRQHandler
                0x00000198                TIMER1_IRQHandler
                0x00000198                Default_Handler
                0x00000198                PCNT0_IRQHandler
                0x00000198                USB_IRQHandler
                0x00000198                ACMP0_IRQHandler
                0x00000198                SVC_Handler
                0x00000198                CMU_IRQHandler
                0x00000198                GPIO_ODD_IRQHandler
                0x00000198                AES_IRQHandler
                0x00000198                VCMP_IRQHandler
                0x00000198                DMA_IRQHandler
 .text.SystemCoreClockGet
                0x0000019c       0x3c ./CMSIS/EFM32HG/system_efm32hg.o
                0x0000019c                SystemCoreClockGet
 .text.SystemMaxCoreClockGet
                0x000001d8       0x10 ./CMSIS/EFM32HG/system_efm32hg.o
                0x000001d8                SystemMaxCoreClockGet
 .text.SystemHFClockGet
                0x000001e8      0x100 ./CMSIS/EFM32HG/system_efm32hg.o
                0x000001e8                SystemHFClockGet
 .text.SystemInit
                0x000002e8        0x8 ./CMSIS/EFM32HG/system_efm32hg.o
                0x000002e8                SystemInit
 .text.SystemLFRCOClockGet
                0x000002f0       0x10 ./CMSIS/EFM32HG/system_efm32hg.o
                0x000002f0                SystemLFRCOClockGet
 .text.SystemULFRCOClockGet
                0x00000300       0x10 ./CMSIS/EFM32HG/system_efm32hg.o
                0x00000300                SystemULFRCOClockGet
 .text.SystemLFXOClockGet
                0x00000310       0x14 ./CMSIS/EFM32HG/system_efm32hg.o
                0x00000310                SystemLFXOClockGet
 .text.on_message_send
                0x00000324       0x74 ./bglib/bglib_txrx.o
                0x00000324                on_message_send
 .text.BUS_RegBitWrite
                0x00000398       0x3c ./emlib/em_cmu.o
 .text.BUS_RegBitRead
                0x000003d4       0x20 ./emlib/em_cmu.o
 .text.SYSTEM_GetProdRev
                0x000003f4       0x18 ./emlib/em_cmu.o
 .text.auxClkGet
                0x0000040c       0xb0 ./emlib/em_cmu.o
 .text.dbgClkGet
                0x000004bc       0x48 ./emlib/em_cmu.o
 .text.flashWaitStateControl
                0x00000504       0x7c ./emlib/em_cmu.o
 .text.flashWaitStateMax
                0x00000580       0x14 ./emlib/em_cmu.o
 .text.lfClkGet
                0x00000594       0xfc ./emlib/em_cmu.o
 .text.syncReg  0x00000690       0x2c ./emlib/em_cmu.o
 .text.usbCClkGet
                0x000006bc       0x58 ./emlib/em_cmu.o
 .text.CMU_ClockEnable
                0x00000714       0xb4 ./emlib/em_cmu.o
                0x00000714                CMU_ClockEnable
 .text.CMU_ClockFreqGet
                0x000007c8      0x14c ./emlib/em_cmu.o
                0x000007c8                CMU_ClockFreqGet
 .text.CMU_ClockSelectGet
                0x00000914      0x1dc ./emlib/em_cmu.o
                0x00000914                CMU_ClockSelectGet
 .text.CMU_ClockSelectSet
                0x00000af0      0x244 ./emlib/em_cmu.o
                0x00000af0                CMU_ClockSelectSet
 .text.CMU_OscillatorEnable
                0x00000d34       0xcc ./emlib/em_cmu.o
                0x00000d34                CMU_OscillatorEnable
 .text.EMU_UpdateOscConfig
                0x00000e00       0x18 ./emlib/em_emu.o
                0x00000e00                EMU_UpdateOscConfig
 .text.BUS_RegBitWrite
                0x00000e18       0x3c ./emlib/em_i2c.o
 .text.BUS_RegMaskedWrite
                0x00000e54       0x24 ./emlib/em_i2c.o
 .text.I2C_BusFreqSet
                0x00000e78      0x110 ./emlib/em_i2c.o
                0x00000e78                I2C_BusFreqSet
 .text.I2C_Init
                0x00000f88       0x5c ./emlib/em_i2c.o
                0x00000f88                I2C_Init
 .text.I2C_Transfer
                0x00000fe4      0x404 ./emlib/em_i2c.o
                0x00000fe4                I2C_Transfer
 .text.I2C_TransferInit
                0x000013e8       0xb8 ./emlib/em_i2c.o
                0x000013e8                I2C_TransferInit
 .text.TIMER_EnableDTI
                0x000014a0       0x3c ./emlib/em_timer.o
 .text.TIMER_GetDTIFault
                0x000014dc       0x18 ./emlib/em_timer.o
 .text.TIMER_ClearDTIFault
                0x000014f4       0x18 ./emlib/em_timer.o
 .text.TIMER_Init
                0x0000150c       0xfc ./emlib/em_timer.o
                0x0000150c                TIMER_Init
 .text.TIMER_InitCC
                0x00001608       0xbc ./emlib/em_timer.o
                0x00001608                TIMER_InitCC
 .text.TIMER_InitDTI
                0x000016c4      0x10c ./emlib/em_timer.o
                0x000016c4                TIMER_InitDTI
 .text.USART_BaudrateAsyncSet
                0x000017d0       0xc8 ./emlib/em_usart.o
                0x000017d0                USART_BaudrateAsyncSet
 .text.USART_InitAsync
                0x00001898       0x94 ./emlib/em_usart.o
                0x00001898                USART_InitAsync
 .text.USART_InitPrsTrigger
                0x0000192c       0x5c ./emlib/em_usart.o
                0x0000192c                USART_InitPrsTrigger
 .text.USART_Reset
                0x00001988       0x98 ./emlib/em_usart.o
                0x00001988                USART_Reset
 .text.USART_Rx
                0x00001a20       0x24 ./emlib/em_usart.o
                0x00001a20                USART_Rx
 .text.USART_Tx
                0x00001a44       0x28 ./emlib/em_usart.o
                0x00001a44                USART_Tx
 .text.enter_DefaultMode_from_RESET
                0x00001a6c       0x20 ./src/InitDevice.o
                0x00001a6c                enter_DefaultMode_from_RESET
 .text.CMU_enter_DefaultMode_from_RESET
                0x00001a8c       0x64 ./src/InitDevice.o
                0x00001a8c                CMU_enter_DefaultMode_from_RESET
 .text.USART0_enter_DefaultMode_from_RESET
                0x00001af0       0xac ./src/InitDevice.o
                0x00001af0                USART0_enter_DefaultMode_from_RESET
 .text.USART1_enter_DefaultMode_from_RESET
                0x00001b9c       0xac ./src/InitDevice.o
                0x00001b9c                USART1_enter_DefaultMode_from_RESET
 .text.I2C0_enter_DefaultMode_from_RESET
                0x00001c48       0x48 ./src/InitDevice.o
                0x00001c48                I2C0_enter_DefaultMode_from_RESET
 .text.TIMER0_enter_DefaultMode_from_RESET
                0x00001c90      0x3b4 ./src/InitDevice.o
                0x00001c90                TIMER0_enter_DefaultMode_from_RESET
 .text.PORTIO_enter_DefaultMode_from_RESET
                0x00002044      0x104 ./src/InitDevice.o
                0x00002044                PORTIO_enter_DefaultMode_from_RESET
 .text.weightedMovingAverage
                0x00002148       0xb4 ./src/gestureRecognition.o
                0x00002148                weightedMovingAverage
 *fill*         0x000021fc        0x4 
 .text.compareOtherCorrelation
                0x00002200      0xc60 ./src/gestureRecognition.o
                0x00002200                compareOtherCorrelation
 .text.normalizingFunction
                0x00002e60       0x90 ./src/gestureRecognition.o
                0x00002e60                normalizingFunction
 .text.crossCorrelation
                0x00002ef0      0x144 ./src/gestureRecognition.o
                0x00002ef0                crossCorrelation
 .text.assignDB_FRONT
                0x00003034       0xc0 ./src/gestureRecognition.o
                0x00003034                assignDB_FRONT
 .text.assignDB_RIGHT
                0x000030f4       0xc0 ./src/gestureRecognition.o
                0x000030f4                assignDB_RIGHT
 .text.assignDB_UP
                0x000031b4       0xc0 ./src/gestureRecognition.o
                0x000031b4                assignDB_UP
 .text.assignDB_CLOCK
                0x00003274       0xc0 ./src/gestureRecognition.o
                0x00003274                assignDB_CLOCK
 .text.assignDB_LOW
                0x00003334       0xc0 ./src/gestureRecognition.o
                0x00003334                assignDB_LOW
 .text.gestureRecognition
                0x000033f4      0x7f4 ./src/gestureRecognition.o
                0x000033f4                gestureRecognition
 .text.mysqrt   0x00003be8       0xb0 ./src/gestureRecognition.o
                0x00003be8                mysqrt
 .text.GPIO_PinOutToggle
                0x00003c98       0x6c ./src/gesture_bt121_main.o
 .text.CHIP_Init
                0x00003d04       0x40 ./src/gesture_bt121_main.o
 .text.main     0x00003d44       0xb8 ./src/gesture_bt121_main.o
                0x00003d44                main
 .text.get_key_value_from_gesture
                0x00003dfc      0x6ac ./src/key_input.o
                0x00003dfc                get_key_value_from_gesture
 .text.init_sensor
                0x000044a8      0x130 ./src/sensor.o
                0x000044a8                init_sensor
 .text.inv_icm20602_soft_reset
                0x000045d8       0x84 ./src/sensor.o
                0x000045d8                inv_icm20602_soft_reset
 .text.do_sensing
                0x0000465c      0x160 ./src/sensor.o
                0x0000465c                do_sensing
 .text.i2c_write_reg8
                0x000047bc       0x9c ./src/sensor.o
                0x000047bc                i2c_write_reg8
 .text.i2c_read_reg8
                0x00004858       0x9c ./src/sensor.o
                0x00004858                i2c_read_reg8
 .text.NVIC_SetPriority
                0x000048f4       0xe0 ./src/user_delay.o
 .text.SysTick_Config
                0x000049d4       0x48 ./src/user_delay.o
 .text.Delay    0x00004a1c       0x28 ./src/user_delay.o
                0x00004a1c                Delay
 .text.SysTick_Handler
                0x00004a44       0x18 ./src/user_delay.o
                0x00004a44                SysTick_Handler
 .text.init_user_delay
                0x00004a5c       0x30 ./src/user_delay.o
                0x00004a5c                init_user_delay
 .text.NVIC_EnableIRQ
                0x00004a8c       0x2c ./src/user_usart.o
 .text.NVIC_ClearPendingIRQ
                0x00004ab8       0x2c ./src/user_usart.o
 .text.USART_IntClear
                0x00004ae4       0x18 ./src/user_usart.o
 .text.USART_IntEnable
                0x00004afc       0x1c ./src/user_usart.o
 .text.GPIO_PinOutToggle
                0x00004b18       0x6c ./src/user_usart.o
 .text._write   0x00004b84       0x58 ./src/user_usart.o
                0x00004b84                _write
 .text.USART1_SEND
                0x00004bdc       0x44 ./src/user_usart.o
                0x00004bdc                USART1_SEND
 .text.USART0_RX_IRQHandler
                0x00004c20        0x8 ./src/user_usart.o
                0x00004c20                USART0_RX_IRQHandler
 .text.USART1_RX_IRQHandler
                0x00004c28       0x6c ./src/user_usart.o
                0x00004c28                USART1_RX_IRQHandler
 .text.LEUART0_IRQHandler
                0x00004c94        0x8 ./src/user_usart.o
                0x00004c94                LEUART0_IRQHandler
 .text.init_uart_rx_buffer
                0x00004c9c       0x20 ./src/user_usart.o
                0x00004c9c                init_uart_rx_buffer
 .text.init_user_usart
                0x00004cbc       0x30 ./src/user_usart.o
                0x00004cbc                init_user_usart
 .text          0x00004cec       0x9c c:/siliconlabs/simplicitystudio/v4/developer/toolchains/gnu_arm/4.8_2013q4/bin/../lib/gcc/arm-none-eabi/4.8.3/armv6-m\libgcc.a(_udivsi3.o)
                0x00004cec                __aeabi_uidiv
                0x00004cec                __udivsi3
                0x00004d74                __aeabi_uidivmod
 .text          0x00004d88       0xc0 c:/siliconlabs/simplicitystudio/v4/developer/toolchains/gnu_arm/4.8_2013q4/bin/../lib/gcc/arm-none-eabi/4.8.3/armv6-m\libgcc.a(_divsi3.o)
                0x00004d88                __divsi3
                0x00004d88                __aeabi_idiv
                0x00004e34                __aeabi_idivmod
 .text          0x00004e48        0x4 c:/siliconlabs/simplicitystudio/v4/developer/toolchains/gnu_arm/4.8_2013q4/bin/../lib/gcc/arm-none-eabi/4.8.3/armv6-m\libgcc.a(_dvmd_tls.o)
                0x00004e48                __aeabi_idiv0
                0x00004e48                __aeabi_ldiv0
 .text          0x00004e4c       0x7c c:/siliconlabs/simplicitystudio/v4/developer/toolchains/gnu_arm/4.8_2013q4/bin/../lib/gcc/arm-none-eabi/4.8.3/armv6-m\libgcc.a(_arm_cmpdf2.o)
                0x00004e4c                __aeabi_cdrcmple
                0x00004e5c                __aeabi_cdcmple
                0x00004e5c                __aeabi_cdcmpeq
                0x00004e6c                __aeabi_dcmpeq
                0x00004e78                __aeabi_dcmplt
                0x00004e8c                __aeabi_dcmple
                0x00004ea0                __aeabi_dcmpgt
                0x00004eb4                __aeabi_dcmpge
 .text          0x00004ec8       0x74 c:/siliconlabs/simplicitystudio/v4/developer/toolchains/gnu_arm/4.8_2013q4/bin/../lib/gcc/arm-none-eabi/4.8.3/armv6-m\libgcc.a(_arm_cmpsf2.o)
                0x00004ec8                __aeabi_cfrcmple
                0x00004ed0                __aeabi_cfcmpeq
                0x00004ed0                __aeabi_cfcmple
                0x00004ee0                __aeabi_fcmpeq
                0x00004eec                __aeabi_fcmplt
                0x00004f00                __aeabi_fcmple
                0x00004f14                __aeabi_fcmpgt
                0x00004f28                __aeabi_fcmpge
 .text          0x00004f3c       0x3c c:/siliconlabs/simplicitystudio/v4/developer/toolchains/gnu_arm/4.8_2013q4/bin/../lib/gcc/arm-none-eabi/4.8.3/armv6-m\libgcc.a(_clzsi2.o)
                0x00004f3c                __clzsi2
 .text          0x00004f78       0x30 c:/siliconlabs/simplicitystudio/v4/developer/toolchains/gnu_arm/4.8_2013q4/bin/../lib/gcc/arm-none-eabi/4.8.3/armv6-m\libgcc.a(_fixunssfsi.o)
                0x00004f78                __fixunssfsi
                0x00004f78                __aeabi_f2uiz
 .text          0x00004fa8      0x2d8 c:/siliconlabs/simplicitystudio/v4/developer/toolchains/gnu_arm/4.8_2013q4/bin/../lib/gcc/arm-none-eabi/4.8.3/armv6-m\libgcc.a(addsf3.o)
                0x00004fa8                __aeabi_fadd
 .text          0x00005280      0x24c c:/siliconlabs/simplicitystudio/v4/developer/toolchains/gnu_arm/4.8_2013q4/bin/../lib/gcc/arm-none-eabi/4.8.3/armv6-m\libgcc.a(divsf3.o)
                0x00005280                __aeabi_fdiv
 .text          0x000054cc       0x50 c:/siliconlabs/simplicitystudio/v4/developer/toolchains/gnu_arm/4.8_2013q4/bin/../lib/gcc/arm-none-eabi/4.8.3/armv6-m\libgcc.a(eqsf2.o)
                0x000054cc                __eqsf2
                0x000054cc                __nesf2
 .text          0x0000551c       0x90 c:/siliconlabs/simplicitystudio/v4/developer/toolchains/gnu_arm/4.8_2013q4/bin/../lib/gcc/arm-none-eabi/4.8.3/armv6-m\libgcc.a(gesf2.o)
                0x0000551c                __gesf2
                0x0000551c                __gtsf2
 .text          0x000055ac       0x90 c:/siliconlabs/simplicitystudio/v4/developer/toolchains/gnu_arm/4.8_2013q4/bin/../lib/gcc/arm-none-eabi/4.8.3/armv6-m\libgcc.a(lesf2.o)
                0x000055ac                __ltsf2
                0x000055ac                __lesf2
 .text          0x0000563c      0x258 c:/siliconlabs/simplicitystudio/v4/developer/toolchains/gnu_arm/4.8_2013q4/bin/../lib/gcc/arm-none-eabi/4.8.3/armv6-m\libgcc.a(mulsf3.o)
                0x0000563c                __aeabi_fmul
 .text          0x00005894      0x2ec c:/siliconlabs/simplicitystudio/v4/developer/toolchains/gnu_arm/4.8_2013q4/bin/../lib/gcc/arm-none-eabi/4.8.3/armv6-m\libgcc.a(subsf3.o)
                0x00005894                __aeabi_fsub
 .text          0x00005b80       0x40 c:/siliconlabs/simplicitystudio/v4/developer/toolchains/gnu_arm/4.8_2013q4/bin/../lib/gcc/arm-none-eabi/4.8.3/armv6-m\libgcc.a(fixsfsi.o)
                0x00005b80                __aeabi_f2iz
 .text          0x00005bc0       0xb8 c:/siliconlabs/simplicitystudio/v4/developer/toolchains/gnu_arm/4.8_2013q4/bin/../lib/gcc/arm-none-eabi/4.8.3/armv6-m\libgcc.a(floatsisf.o)
                0x00005bc0                __aeabi_i2f
 .text          0x00005c78      0x648 c:/siliconlabs/simplicitystudio/v4/developer/toolchains/gnu_arm/4.8_2013q4/bin/../lib/gcc/arm-none-eabi/4.8.3/armv6-m\libgcc.a(adddf3.o)
                0x00005c78                __aeabi_dadd
 .text          0x000062c0      0x650 c:/siliconlabs/simplicitystudio/v4/developer/toolchains/gnu_arm/4.8_2013q4/bin/../lib/gcc/arm-none-eabi/4.8.3/armv6-m\libgcc.a(divdf3.o)
                0x000062c0                __aeabi_ddiv
 .text          0x00006910       0x94 c:/siliconlabs/simplicitystudio/v4/developer/toolchains/gnu_arm/4.8_2013q4/bin/../lib/gcc/arm-none-eabi/4.8.3/armv6-m\libgcc.a(eqdf2.o)
                0x00006910                __nedf2
                0x00006910                __eqdf2
 .text          0x000069a4       0xf4 c:/siliconlabs/simplicitystudio/v4/developer/toolchains/gnu_arm/4.8_2013q4/bin/../lib/gcc/arm-none-eabi/4.8.3/armv6-m\libgcc.a(gedf2.o)
                0x000069a4                __gedf2
                0x000069a4                __gtdf2
 .text          0x00006a98      0x108 c:/siliconlabs/simplicitystudio/v4/developer/toolchains/gnu_arm/4.8_2013q4/bin/../lib/gcc/arm-none-eabi/4.8.3/armv6-m\libgcc.a(ledf2.o)
                0x00006a98                __ledf2
                0x00006a98                __ltdf2
 .text          0x00006ba0      0x524 c:/siliconlabs/simplicitystudio/v4/developer/toolchains/gnu_arm/4.8_2013q4/bin/../lib/gcc/arm-none-eabi/4.8.3/armv6-m\libgcc.a(muldf3.o)
                0x00006ba0                __aeabi_dmul
 .text          0x000070c4       0x68 c:/siliconlabs/simplicitystudio/v4/developer/toolchains/gnu_arm/4.8_2013q4/bin/../lib/gcc/arm-none-eabi/4.8.3/armv6-m\libgcc.a(floatunsidf.o)
                0x000070c4                __aeabi_ui2d
 .text          0x0000712c       0xa4 c:/siliconlabs/simplicitystudio/v4/developer/toolchains/gnu_arm/4.8_2013q4/bin/../lib/gcc/arm-none-eabi/4.8.3/armv6-m\libgcc.a(extendsfdf2.o)
                0x0000712c                __aeabi_f2d
 .text          0x000071d0      0x118 c:/siliconlabs/simplicitystudio/v4/developer/toolchains/gnu_arm/4.8_2013q4/bin/../lib/gcc/arm-none-eabi/4.8.3/armv6-m\libgcc.a(truncdfsf2.o)
                0x000071d0                __aeabi_d2f
 .text.abs      0x000072e8        0x8 c:/siliconlabs/simplicitystudio/v4/developer/toolchains/gnu_arm/4.8_2013q4/bin/../lib/gcc/arm-none-eabi/4.8.3/../../../../arm-none-eabi/lib/armv6-m\libc_s.a(lib_a-abs.o)
                0x000072e8                abs
 .text.exit     0x000072f0       0x2c c:/siliconlabs/simplicitystudio/v4/developer/toolchains/gnu_arm/4.8_2013q4/bin/../lib/gcc/arm-none-eabi/4.8.3/../../../../arm-none-eabi/lib/armv6-m\libc_s.a(lib_a-exit.o)
                0x000072f0                exit
 .text.__libc_init_array
                0x0000731c       0x4c c:/siliconlabs/simplicitystudio/v4/developer/toolchains/gnu_arm/4.8_2013q4/bin/../lib/gcc/arm-none-eabi/4.8.3/../../../../arm-none-eabi/lib/armv6-m\libc_s.a(lib_a-init.o)
                0x0000731c                __libc_init_array
 .text.memcpy   0x00007368       0x12 c:/siliconlabs/simplicitystudio/v4/developer/toolchains/gnu_arm/4.8_2013q4/bin/../lib/gcc/arm-none-eabi/4.8.3/../../../../arm-none-eabi/lib/armv6-m\libc_s.a(lib_a-memcpy-stub.o)
                0x00007368                memcpy
 .text.memset   0x0000737a       0x10 c:/siliconlabs/simplicitystudio/v4/developer/toolchains/gnu_arm/4.8_2013q4/bin/../lib/gcc/arm-none-eabi/4.8.3/../../../../arm-none-eabi/lib/armv6-m\libc_s.a(lib_a-memset.o)
                0x0000737a                memset
 *fill*         0x0000738a        0x2 
 .text.printf   0x0000738c       0x34 c:/siliconlabs/simplicitystudio/v4/developer/toolchains/gnu_arm/4.8_2013q4/bin/../lib/gcc/arm-none-eabi/4.8.3/../../../../arm-none-eabi/lib/armv6-m\libc_s.a(lib_a-printf.o)
                0x0000738c                iprintf
                0x0000738c                printf
 .text.sprintf  0x000073c0       0x44 c:/siliconlabs/simplicitystudio/v4/developer/toolchains/gnu_arm/4.8_2013q4/bin/../lib/gcc/arm-none-eabi/4.8.3/../../../../arm-none-eabi/lib/armv6-m\libc_s.a(lib_a-sprintf.o)
                0x000073c0                siprintf
                0x000073c0                sprintf
 .text.strlen   0x00007404        0xe c:/siliconlabs/simplicitystudio/v4/developer/toolchains/gnu_arm/4.8_2013q4/bin/../lib/gcc/arm-none-eabi/4.8.3/../../../../arm-none-eabi/lib/armv6-m\libc_s.a(lib_a-strlen.o)
                0x00007404                strlen
 *fill*         0x00007412        0x2 
 .text.__ssputs_r
                0x00007414       0xc0 c:/siliconlabs/simplicitystudio/v4/developer/toolchains/gnu_arm/4.8_2013q4/bin/../lib/gcc/arm-none-eabi/4.8.3/../../../../arm-none-eabi/lib/armv6-m\libc_s.a(lib_a-svfprintf.o)
                0x00007414                __ssputs_r
 .text._svfprintf_r
                0x000074d4      0x1e0 c:/siliconlabs/simplicitystudio/v4/developer/toolchains/gnu_arm/4.8_2013q4/bin/../lib/gcc/arm-none-eabi/4.8.3/../../../../arm-none-eabi/lib/armv6-m\libc_s.a(lib_a-svfprintf.o)
                0x000074d4                _svfiprintf_r
                0x000074d4                _svfprintf_r
 .text.__sfputc_r
                0x000076b4       0x2a c:/siliconlabs/simplicitystudio/v4/developer/toolchains/gnu_arm/4.8_2013q4/bin/../lib/gcc/arm-none-eabi/4.8.3/../../../../arm-none-eabi/lib/armv6-m\libc_s.a(lib_a-vfprintf.o)
 .text.__sfputs_r
                0x000076de       0x24 c:/siliconlabs/simplicitystudio/v4/developer/toolchains/gnu_arm/4.8_2013q4/bin/../lib/gcc/arm-none-eabi/4.8.3/../../../../arm-none-eabi/lib/armv6-m\libc_s.a(lib_a-vfprintf.o)
                0x000076de                __sfputs_r
 *fill*         0x00007702        0x2 
 .text._vfprintf_r
                0x00007704      0x210 c:/siliconlabs/simplicitystudio/v4/developer/toolchains/gnu_arm/4.8_2013q4/bin/../lib/gcc/arm-none-eabi/4.8.3/../../../../arm-none-eabi/lib/armv6-m\libc_s.a(lib_a-vfprintf.o)
                0x00007704                _vfprintf_r
                0x00007704                _vfiprintf_r
 .text._printf_common
                0x00007914       0xe8 c:/siliconlabs/simplicitystudio/v4/developer/toolchains/gnu_arm/4.8_2013q4/bin/../lib/gcc/arm-none-eabi/4.8.3/../../../../arm-none-eabi/lib/armv6-m\libc_s.a(lib_a-vfprintf_i.o)
                0x00007914                _printf_common
 .text._printf_i
                0x000079fc      0x22c c:/siliconlabs/simplicitystudio/v4/developer/toolchains/gnu_arm/4.8_2013q4/bin/../lib/gcc/arm-none-eabi/4.8.3/../../../../arm-none-eabi/lib/armv6-m\libc_s.a(lib_a-vfprintf_i.o)
                0x000079fc                _printf_i
 .text.__swbuf_r
                0x00007c28       0xb0 c:/siliconlabs/simplicitystudio/v4/developer/toolchains/gnu_arm/4.8_2013q4/bin/../lib/gcc/arm-none-eabi/4.8.3/../../../../arm-none-eabi/lib/armv6-m\libc_s.a(lib_a-wbuf.o)
                0x00007c28                __swbuf_r
 .text.__swsetup_r
                0x00007cd8       0xe4 c:/siliconlabs/simplicitystudio/v4/developer/toolchains/gnu_arm/4.8_2013q4/bin/../lib/gcc/arm-none-eabi/4.8.3/../../../../arm-none-eabi/lib/armv6-m\libc_s.a(lib_a-wsetup.o)
                0x00007cd8                __swsetup_r
 .text.__sflush_r
                0x00007dbc      0x112 c:/siliconlabs/simplicitystudio/v4/developer/toolchains/gnu_arm/4.8_2013q4/bin/../lib/gcc/arm-none-eabi/4.8.3/../../../../arm-none-eabi/lib/armv6-m\libc_s.a(lib_a-fflush.o)
                0x00007dbc                __sflush_r
 *fill*         0x00007ece        0x2 
 .text._fflush_r
                0x00007ed0       0x58 c:/siliconlabs/simplicitystudio/v4/developer/toolchains/gnu_arm/4.8_2013q4/bin/../lib/gcc/arm-none-eabi/4.8.3/../../../../arm-none-eabi/lib/armv6-m\libc_s.a(lib_a-fflush.o)
                0x00007ed0                _fflush_r
 .text._cleanup_r
                0x00007f28       0x34 c:/siliconlabs/simplicitystudio/v4/developer/toolchains/gnu_arm/4.8_2013q4/bin/../lib/gcc/arm-none-eabi/4.8.3/../../../../arm-none-eabi/lib/armv6-m\libc_s.a(lib_a-findfp.o)
                0x00007f28                _cleanup_r
 .text.std.isra.0
                0x00007f5c       0x48 c:/siliconlabs/simplicitystudio/v4/developer/toolchains/gnu_arm/4.8_2013q4/bin/../lib/gcc/arm-none-eabi/4.8.3/../../../../arm-none-eabi/lib/armv6-m\libc_s.a(lib_a-findfp.o)
 .text.__sfmoreglue
                0x00007fa4       0x2c c:/siliconlabs/simplicitystudio/v4/developer/toolchains/gnu_arm/4.8_2013q4/bin/../lib/gcc/arm-none-eabi/4.8.3/../../../../arm-none-eabi/lib/armv6-m\libc_s.a(lib_a-findfp.o)
                0x00007fa4                __sfmoreglue
 .text.__sinit  0x00007fd0       0x64 c:/siliconlabs/simplicitystudio/v4/developer/toolchains/gnu_arm/4.8_2013q4/bin/../lib/gcc/arm-none-eabi/4.8.3/../../../../arm-none-eabi/lib/armv6-m\libc_s.a(lib_a-findfp.o)
                0x00007fd0                __sinit
 .text.__sfp    0x00008034       0x7c c:/siliconlabs/simplicitystudio/v4/developer/toolchains/gnu_arm/4.8_2013q4/bin/../lib/gcc/arm-none-eabi/4.8.3/../../../../arm-none-eabi/lib/armv6-m\libc_s.a(lib_a-findfp.o)
                0x00008034                __sfp
 .text.__smakebuf_r
                0x000080b0       0xa0 c:/siliconlabs/simplicitystudio/v4/developer/toolchains/gnu_arm/4.8_2013q4/bin/../lib/gcc/arm-none-eabi/4.8.3/../../../../arm-none-eabi/lib/armv6-m\libc_s.a(lib_a-makebuf.o)
                0x000080b0                __smakebuf_r
 .text.memchr   0x00008150       0x16 c:/siliconlabs/simplicitystudio/v4/developer/toolchains/gnu_arm/4.8_2013q4/bin/../lib/gcc/arm-none-eabi/4.8.3/../../../../arm-none-eabi/lib/armv6-m\libc_s.a(lib_a-memchr-stub.o)
                0x00008150                memchr
 .text.memmove  0x00008166       0x32 c:/siliconlabs/simplicitystudio/v4/developer/toolchains/gnu_arm/4.8_2013q4/bin/../lib/gcc/arm-none-eabi/4.8.3/../../../../arm-none-eabi/lib/armv6-m\libc_s.a(lib_a-memmove.o)
                0x00008166                memmove
 .text._free_r  0x00008198       0x90 c:/siliconlabs/simplicitystudio/v4/developer/toolchains/gnu_arm/4.8_2013q4/bin/../lib/gcc/arm-none-eabi/4.8.3/../../../../arm-none-eabi/lib/armv6-m\libc_s.a(lib_a-nano-freer.o)
                0x00008198                _free_r
 .text._malloc_r
                0x00008228       0xa8 c:/siliconlabs/simplicitystudio/v4/developer/toolchains/gnu_arm/4.8_2013q4/bin/../lib/gcc/arm-none-eabi/4.8.3/../../../../arm-none-eabi/lib/armv6-m\libc_s.a(lib_a-nano-mallocr.o)
                0x00008228                _malloc_r
 .text._realloc_r
                0x000082d0       0x4c c:/siliconlabs/simplicitystudio/v4/developer/toolchains/gnu_arm/4.8_2013q4/bin/../lib/gcc/arm-none-eabi/4.8.3/../../../../arm-none-eabi/lib/armv6-m\libc_s.a(lib_a-nano-reallocr.o)
                0x000082d0                _realloc_r
 .text._sbrk_r  0x0000831c       0x24 c:/siliconlabs/simplicitystudio/v4/developer/toolchains/gnu_arm/4.8_2013q4/bin/../lib/gcc/arm-none-eabi/4.8.3/../../../../arm-none-eabi/lib/armv6-m\libc_s.a(lib_a-sbrkr.o)
                0x0000831c                _sbrk_r
 .text.__sread  0x00008340       0x28 c:/siliconlabs/simplicitystudio/v4/developer/toolchains/gnu_arm/4.8_2013q4/bin/../lib/gcc/arm-none-eabi/4.8.3/../../../../arm-none-eabi/lib/armv6-m\libc_s.a(lib_a-stdio.o)
                0x00008340                __sread
 .text.__swrite
                0x00008368       0x38 c:/siliconlabs/simplicitystudio/v4/developer/toolchains/gnu_arm/4.8_2013q4/bin/../lib/gcc/arm-none-eabi/4.8.3/../../../../arm-none-eabi/lib/armv6-m\libc_s.a(lib_a-stdio.o)
                0x00008368                __swrite
 .text.__sseek  0x000083a0       0x2c c:/siliconlabs/simplicitystudio/v4/developer/toolchains/gnu_arm/4.8_2013q4/bin/../lib/gcc/arm-none-eabi/4.8.3/../../../../arm-none-eabi/lib/armv6-m\libc_s.a(lib_a-stdio.o)
                0x000083a0                __sseek
 .text.__sclose
                0x000083cc        0xc c:/siliconlabs/simplicitystudio/v4/developer/toolchains/gnu_arm/4.8_2013q4/bin/../lib/gcc/arm-none-eabi/4.8.3/../../../../arm-none-eabi/lib/armv6-m\libc_s.a(lib_a-stdio.o)
                0x000083cc                __sclose
 .text._write_r
                0x000083d8       0x28 c:/siliconlabs/simplicitystudio/v4/developer/toolchains/gnu_arm/4.8_2013q4/bin/../lib/gcc/arm-none-eabi/4.8.3/../../../../arm-none-eabi/lib/armv6-m\libc_s.a(lib_a-writer.o)
                0x000083d8                _write_r
 .text._close_r
                0x00008400       0x24 c:/siliconlabs/simplicitystudio/v4/developer/toolchains/gnu_arm/4.8_2013q4/bin/../lib/gcc/arm-none-eabi/4.8.3/../../../../arm-none-eabi/lib/armv6-m\libc_s.a(lib_a-closer.o)
                0x00008400                _close_r
 .text._fstat_r
                0x00008424       0x24 c:/siliconlabs/simplicitystudio/v4/developer/toolchains/gnu_arm/4.8_2013q4/bin/../lib/gcc/arm-none-eabi/4.8.3/../../../../arm-none-eabi/lib/armv6-m\libc_s.a(lib_a-fstatr.o)
                0x00008424                _fstat_r
 .text._isatty_r
                0x00008448       0x24 c:/siliconlabs/simplicitystudio/v4/developer/toolchains/gnu_arm/4.8_2013q4/bin/../lib/gcc/arm-none-eabi/4.8.3/../../../../arm-none-eabi/lib/armv6-m\libc_s.a(lib_a-isattyr.o)
                0x00008448                _isatty_r
 .text._lseek_r
                0x0000846c       0x28 c:/siliconlabs/simplicitystudio/v4/developer/toolchains/gnu_arm/4.8_2013q4/bin/../lib/gcc/arm-none-eabi/4.8.3/../../../../arm-none-eabi/lib/armv6-m\libc_s.a(lib_a-lseekr.o)
                0x0000846c                _lseek_r
 .text._malloc_usable_size_r
                0x00008494       0x12 c:/siliconlabs/simplicitystudio/v4/developer/toolchains/gnu_arm/4.8_2013q4/bin/../lib/gcc/arm-none-eabi/4.8.3/../../../../arm-none-eabi/lib/armv6-m\libc_s.a(lib_a-nano-msizer.o)
                0x00008494                _malloc_usable_size_r
 *fill*         0x000084a6        0x2 
 .text._read_r  0x000084a8       0x28 c:/siliconlabs/simplicitystudio/v4/developer/toolchains/gnu_arm/4.8_2013q4/bin/../lib/gcc/arm-none-eabi/4.8.3/../../../../arm-none-eabi/lib/armv6-m\libc_s.a(lib_a-readr.o)
                0x000084a8                _read_r
 .text._close   0x000084d0       0x10 c:/siliconlabs/simplicitystudio/v4/developer/toolchains/gnu_arm/4.8_2013q4/bin/../lib/gcc/arm-none-eabi/4.8.3/../../../../arm-none-eabi/lib/armv6-m\libnosys.a(close.o)
                0x000084d0                _close
 .text._fstat   0x000084e0       0x10 c:/siliconlabs/simplicitystudio/v4/developer/toolchains/gnu_arm/4.8_2013q4/bin/../lib/gcc/arm-none-eabi/4.8.3/../../../../arm-none-eabi/lib/armv6-m\libnosys.a(fstat.o)
                0x000084e0                _fstat
 .text._isatty  0x000084f0       0x10 c:/siliconlabs/simplicitystudio/v4/developer/toolchains/gnu_arm/4.8_2013q4/bin/../lib/gcc/arm-none-eabi/4.8.3/../../../../arm-none-eabi/lib/armv6-m\libnosys.a(isatty.o)
                0x000084f0                _isatty
 .text._lseek   0x00008500       0x10 c:/siliconlabs/simplicitystudio/v4/developer/toolchains/gnu_arm/4.8_2013q4/bin/../lib/gcc/arm-none-eabi/4.8.3/../../../../arm-none-eabi/lib/armv6-m\libnosys.a(lseek.o)
                0x00008500                _lseek
 .text._read    0x00008510       0x10 c:/siliconlabs/simplicitystudio/v4/developer/toolchains/gnu_arm/4.8_2013q4/bin/../lib/gcc/arm-none-eabi/4.8.3/../../../../arm-none-eabi/lib/armv6-m\libnosys.a(read.o)
                0x00008510                _read
 .text._sbrk    0x00008520       0x34 c:/siliconlabs/simplicitystudio/v4/developer/toolchains/gnu_arm/4.8_2013q4/bin/../lib/gcc/arm-none-eabi/4.8.3/../../../../arm-none-eabi/lib/armv6-m\libnosys.a(sbrk.o)
                0x00008520                _sbrk
 .text._exit    0x00008554        0x4 c:/siliconlabs/simplicitystudio/v4/developer/toolchains/gnu_arm/4.8_2013q4/bin/../lib/gcc/arm-none-eabi/4.8.3/../../../../arm-none-eabi/lib/armv6-m\libnosys.a(_exit.o)
                0x00008554                _exit
 *(.init)
 .init          0x00008558        0x4 c:/siliconlabs/simplicitystudio/v4/developer/toolchains/gnu_arm/4.8_2013q4/bin/../lib/gcc/arm-none-eabi/4.8.3/armv6-m/crti.o
                0x00008558                _init
 .init          0x0000855c        0x8 c:/siliconlabs/simplicitystudio/v4/developer/toolchains/gnu_arm/4.8_2013q4/bin/../lib/gcc/arm-none-eabi/4.8.3/armv6-m/crtn.o
 *(.fini)
 .fini          0x00008564        0x4 c:/siliconlabs/simplicitystudio/v4/developer/toolchains/gnu_arm/4.8_2013q4/bin/../lib/gcc/arm-none-eabi/4.8.3/armv6-m/crti.o
                0x00008564                _fini
 .fini          0x00008568        0x8 c:/siliconlabs/simplicitystudio/v4/developer/toolchains/gnu_arm/4.8_2013q4/bin/../lib/gcc/arm-none-eabi/4.8.3/armv6-m/crtn.o
 *crtbegin.o(.ctors)
 *crtbegin?.o(.ctors)
 *(EXCLUDE_FILE(*crtend.o *crtend?.o) .ctors)
 *(SORT(.ctors.*))
 *(.ctors)
 *crtbegin.o(.dtors)
 *crtbegin?.o(.dtors)
 *(EXCLUDE_FILE(*crtend.o *crtend?.o) .dtors)
 *(SORT(.dtors.*))
 *(.dtors)
 *(.rodata*)
 .rodata        0x00008570      0x47c ./bglib/bglib_txrx.o
 .rodata.CMU_ClockEnable
                0x000089ec       0x2c ./emlib/em_cmu.o
 .rodata.CMU_ClockSelectGet
                0x00008a18       0x20 ./emlib/em_cmu.o
 .rodata.CMU_ClockSelectSet
                0x00008a38       0x80 ./emlib/em_cmu.o
 .rodata.CMU_OscillatorEnable
                0x00008ab8       0x18 ./emlib/em_cmu.o
 .rodata.i2cNSum
                0x00008ad0        0x4 ./emlib/em_i2c.o
 .rodata.I2C_Transfer
                0x00008ad4       0x24 ./emlib/em_i2c.o
 .rodata        0x00008af8       0x44 ./src/InitDevice.o
 .rodata        0x00008b3c      0xaac ./src/gestureRecognition.o
 .rodata.gestureRecognition
                0x000095e8       0x34 ./src/gestureRecognition.o
 .rodata        0x0000961c      0x150 ./src/key_input.o
 .rodata.get_key_value_from_gesture
                0x0000976c       0x54 ./src/key_input.o
 .rodata        0x000097c0       0x40 c:/siliconlabs/simplicitystudio/v4/developer/toolchains/gnu_arm/4.8_2013q4/bin/../lib/gcc/arm-none-eabi/4.8.3/armv6-m\libgcc.a(divsf3.o)
 .rodata        0x00009800       0x40 c:/siliconlabs/simplicitystudio/v4/developer/toolchains/gnu_arm/4.8_2013q4/bin/../lib/gcc/arm-none-eabi/4.8.3/armv6-m\libgcc.a(mulsf3.o)
 .rodata        0x00009840       0x40 c:/siliconlabs/simplicitystudio/v4/developer/toolchains/gnu_arm/4.8_2013q4/bin/../lib/gcc/arm-none-eabi/4.8.3/armv6-m\libgcc.a(divdf3.o)
 .rodata        0x00009880       0x40 c:/siliconlabs/simplicitystudio/v4/developer/toolchains/gnu_arm/4.8_2013q4/bin/../lib/gcc/arm-none-eabi/4.8.3/armv6-m\libgcc.a(muldf3.o)
 .rodata.str1.1
                0x000098c0        0x2 c:/siliconlabs/simplicitystudio/v4/developer/toolchains/gnu_arm/4.8_2013q4/bin/../lib/gcc/arm-none-eabi/4.8.3/../../../../arm-none-eabi/lib/armv6-m\libc_s.a(lib_a-impure.o)
 *fill*         0x000098c2        0x2 
 .rodata._global_impure_ptr
                0x000098c4        0x4 c:/siliconlabs/simplicitystudio/v4/developer/toolchains/gnu_arm/4.8_2013q4/bin/../lib/gcc/arm-none-eabi/4.8.3/../../../../arm-none-eabi/lib/armv6-m\libc_s.a(lib_a-impure.o)
                0x000098c4                _global_impure_ptr
 .rodata.str1.1
                0x000098c8       0x11 c:/siliconlabs/simplicitystudio/v4/developer/toolchains/gnu_arm/4.8_2013q4/bin/../lib/gcc/arm-none-eabi/4.8.3/../../../../arm-none-eabi/lib/armv6-m\libc_s.a(lib_a-svfprintf.o)
 .rodata.str1.1
                0x00000000       0x11 c:/siliconlabs/simplicitystudio/v4/developer/toolchains/gnu_arm/4.8_2013q4/bin/../lib/gcc/arm-none-eabi/4.8.3/../../../../arm-none-eabi/lib/armv6-m\libc_s.a(lib_a-vfprintf.o)
 .rodata.str1.1
                0x000098d9       0x22 c:/siliconlabs/simplicitystudio/v4/developer/toolchains/gnu_arm/4.8_2013q4/bin/../lib/gcc/arm-none-eabi/4.8.3/../../../../arm-none-eabi/lib/armv6-m\libc_s.a(lib_a-vfprintf_i.o)
 *fill*         0x000098fb        0x1 
 .rodata.__sf_fake_stdin
                0x000098fc       0x20 c:/siliconlabs/simplicitystudio/v4/developer/toolchains/gnu_arm/4.8_2013q4/bin/../lib/gcc/arm-none-eabi/4.8.3/../../../../arm-none-eabi/lib/armv6-m\libc_s.a(lib_a-findfp.o)
                0x000098fc                __sf_fake_stdin
 .rodata.__sf_fake_stdout
                0x0000991c       0x20 c:/siliconlabs/simplicitystudio/v4/developer/toolchains/gnu_arm/4.8_2013q4/bin/../lib/gcc/arm-none-eabi/4.8.3/../../../../arm-none-eabi/lib/armv6-m\libc_s.a(lib_a-findfp.o)
                0x0000991c                __sf_fake_stdout
 .rodata.__sf_fake_stderr
                0x0000993c       0x20 c:/siliconlabs/simplicitystudio/v4/developer/toolchains/gnu_arm/4.8_2013q4/bin/../lib/gcc/arm-none-eabi/4.8.3/../../../../arm-none-eabi/lib/armv6-m\libc_s.a(lib_a-findfp.o)
                0x0000993c                __sf_fake_stderr
 *(.eh_frame*)
 .eh_frame      0x0000995c        0x0 c:/siliconlabs/simplicitystudio/v4/developer/toolchains/gnu_arm/4.8_2013q4/bin/../lib/gcc/arm-none-eabi/4.8.3/armv6-m/crtbegin.o
 .eh_frame      0x0000995c        0x4 c:/siliconlabs/simplicitystudio/v4/developer/toolchains/gnu_arm/4.8_2013q4/bin/../lib/gcc/arm-none-eabi/4.8.3/armv6-m/crtend.o

.glue_7         0x00009960        0x0
 .glue_7        0x00000000        0x0 linker stubs

.glue_7t        0x00009960        0x0
 .glue_7t       0x00000000        0x0 linker stubs

.vfp11_veneer   0x00009960        0x0
 .vfp11_veneer  0x00000000        0x0 linker stubs

.v4_bx          0x00009960        0x0
 .v4_bx         0x00000000        0x0 linker stubs

.iplt           0x00009960        0x0
 .iplt          0x00000000        0x0 c:/siliconlabs/simplicitystudio/v4/developer/toolchains/gnu_arm/4.8_2013q4/bin/../lib/gcc/arm-none-eabi/4.8.3/armv6-m/crtbegin.o

.ARM.extab
 *(.ARM.extab* .gnu.linkonce.armextab.*)
                0x00009960                __exidx_start = .

.ARM.exidx      0x00009960        0x8
 *(.ARM.exidx* .gnu.linkonce.armexidx.*)
 .ARM.exidx     0x00009960        0x8 c:/siliconlabs/simplicitystudio/v4/developer/toolchains/gnu_arm/4.8_2013q4/bin/../lib/gcc/arm-none-eabi/4.8.3/../../../../arm-none-eabi/lib/armv6-m/crt0.o
                0x00009968                __exidx_end = .
                0x00009968                __etext = .

.rel.dyn        0x00009968        0x0
 .rel.iplt      0x00000000        0x0 c:/siliconlabs/simplicitystudio/v4/developer/toolchains/gnu_arm/4.8_2013q4/bin/../lib/gcc/arm-none-eabi/4.8.3/armv6-m/crtbegin.o

.data           0x20000000       0x84 load address 0x00009968
                0x20000000                __data_start__ = .
 *(vtable)
 *(.data*)
 .data.SystemHFXOClock
                0x20000000        0x4 ./CMSIS/EFM32HG/system_efm32hg.o
 .data.SystemLFXOClock
                0x20000004        0x4 ./CMSIS/EFM32HG/system_efm32hg.o
 .data.ax.8751  0x20000008        0x2 ./src/key_input.o
 .data.bax.8745
                0x2000000a        0x2 ./src/key_input.o
 .data.ay.8752  0x2000000c        0x2 ./src/key_input.o
 .data.bay.8746
                0x2000000e        0x2 ./src/key_input.o
 .data.az.8753  0x20000010        0x2 ./src/key_input.o
 .data.baz.8747
                0x20000012        0x2 ./src/key_input.o
 .data.impure_data
                0x20000014       0x60 c:/siliconlabs/simplicitystudio/v4/developer/toolchains/gnu_arm/4.8_2013q4/bin/../lib/gcc/arm-none-eabi/4.8.3/../../../../arm-none-eabi/lib/armv6-m\libc_s.a(lib_a-impure.o)
 .data._impure_ptr
                0x20000074        0x4 c:/siliconlabs/simplicitystudio/v4/developer/toolchains/gnu_arm/4.8_2013q4/bin/../lib/gcc/arm-none-eabi/4.8.3/../../../../arm-none-eabi/lib/armv6-m\libc_s.a(lib_a-impure.o)
                0x20000074                _impure_ptr
                0x20000078                . = ALIGN (0x4)
 *(.ram)
                0x20000078                . = ALIGN (0x4)
                0x20000078                PROVIDE (__preinit_array_start, .)
 *(.preinit_array)
                0x20000078                PROVIDE (__preinit_array_end, .)
                0x20000078                . = ALIGN (0x4)
                0x20000078                PROVIDE (__init_array_start, .)
 *(SORT(.init_array.*))
 *(.init_array)
 .init_array    0x20000078        0x4 c:/siliconlabs/simplicitystudio/v4/developer/toolchains/gnu_arm/4.8_2013q4/bin/../lib/gcc/arm-none-eabi/4.8.3/armv6-m/crtbegin.o
                0x2000007c                PROVIDE (__init_array_end, .)
                0x2000007c                . = ALIGN (0x4)
                0x2000007c                PROVIDE (__fini_array_start, .)
 *(SORT(.fini_array.*))
 *(.fini_array)
 .fini_array    0x2000007c        0x4 c:/siliconlabs/simplicitystudio/v4/developer/toolchains/gnu_arm/4.8_2013q4/bin/../lib/gcc/arm-none-eabi/4.8.3/armv6-m/crtbegin.o
                0x20000080                PROVIDE (__fini_array_end, .)
 *(.jcr*)
 .jcr           0x20000080        0x0 c:/siliconlabs/simplicitystudio/v4/developer/toolchains/gnu_arm/4.8_2013q4/bin/../lib/gcc/arm-none-eabi/4.8.3/armv6-m/crtbegin.o
 .jcr           0x20000080        0x4 c:/siliconlabs/simplicitystudio/v4/developer/toolchains/gnu_arm/4.8_2013q4/bin/../lib/gcc/arm-none-eabi/4.8.3/armv6-m/crtend.o
                0x20000084                . = ALIGN (0x4)
                0x20000084                __data_end__ = .

.igot.plt       0x20000084        0x0 load address 0x000099ec
 .igot.plt      0x00000000        0x0 c:/siliconlabs/simplicitystudio/v4/developer/toolchains/gnu_arm/4.8_2013q4/bin/../lib/gcc/arm-none-eabi/4.8.3/armv6-m/crtbegin.o

.bss            0x20000084      0x314 load address 0x000099ec
                0x20000084                . = ALIGN (0x4)
                0x20000084                __bss_start__ = .
 *(.bss*)
 .bss           0x20000084       0x1c c:/siliconlabs/simplicitystudio/v4/developer/toolchains/gnu_arm/4.8_2013q4/bin/../lib/gcc/arm-none-eabi/4.8.3/armv6-m/crtbegin.o
 .bss.cmuStatus
                0x200000a0        0x4 ./emlib/em_emu.o
 .bss.i2cTransfer
                0x200000a4        0xc ./emlib/em_i2c.o
 .bss.cnt.8748  0x200000b0        0x4 ./src/key_input.o
 .bss.gx.8754   0x200000b4        0x2 ./src/key_input.o
 .bss.gy.8755   0x200000b6        0x2 ./src/key_input.o
 .bss.gz.8756   0x200000b8        0x2 ./src/key_input.o
 *fill*         0x200000ba        0x2 
 .bss.brk_term.8749
                0x200000bc        0x4 ./src/key_input.o
 .bss.maxFlag.8758
                0x200000c0        0x4 ./src/key_input.o
 .bss.counter.8757
                0x200000c4        0x4 ./src/key_input.o
 .bss.sensors.8759
                0x200000c8       0x78 ./src/key_input.o
 .bss.__malloc_sbrk_start
                0x20000140        0x4 c:/siliconlabs/simplicitystudio/v4/developer/toolchains/gnu_arm/4.8_2013q4/bin/../lib/gcc/arm-none-eabi/4.8.3/../../../../arm-none-eabi/lib/armv6-m\libc_s.a(lib_a-nano-mallocr.o)
                0x20000140                __malloc_sbrk_start
 .bss.__malloc_free_list
                0x20000144        0x4 c:/siliconlabs/simplicitystudio/v4/developer/toolchains/gnu_arm/4.8_2013q4/bin/../lib/gcc/arm-none-eabi/4.8.3/../../../../arm-none-eabi/lib/armv6-m\libc_s.a(lib_a-nano-mallocr.o)
                0x20000144                __malloc_free_list
 .bss.heap_end.4237
                0x20000148        0x4 c:/siliconlabs/simplicitystudio/v4/developer/toolchains/gnu_arm/4.8_2013q4/bin/../lib/gcc/arm-none-eabi/4.8.3/../../../../arm-none-eabi/lib/armv6-m\libnosys.a(sbrk.o)
 *(COMMON)
 COMMON         0x2000014c        0x4 ./CMSIS/EFM32HG/system_efm32hg.o
                0x2000014c                SystemCoreClock
 COMMON         0x20000150       0x44 ./bglib/bglib_txrx.o
                0x20000150                biggestValue
                0x20000158                Z_CALM
                0x2000015c                corr_int
                0x20000180                Y_CALM
                0x20000182                X_CALM
                0x20000184                btHid
 COMMON         0x20000194      0x154 ./src/gestureRecognition.o
                0x20000194                SENSOR
                0x2000020c                WEIGHTED_AXIS
                0x20000210                WMA_temp
                0x2000027c                WMA_SENSOR
 COMMON         0x200002e8       0x20 ./src/gesture_bt121_main.o
                0x200002e8                bglib_temp_msg
                0x20000304                bglib_output
 COMMON         0x20000308        0x4 ./src/user_delay.o
                0x20000308                msTicks
 COMMON         0x2000030c       0x86 ./src/user_usart.o
                0x2000030c                gUartRxBuffer
 *fill*         0x20000392        0x2 
 COMMON         0x20000394        0x4 c:/siliconlabs/simplicitystudio/v4/developer/toolchains/gnu_arm/4.8_2013q4/bin/../lib/gcc/arm-none-eabi/4.8.3/../../../../arm-none-eabi/lib/armv6-m\libc_s.a(lib_a-reent.o)
                0x20000394                errno
                0x20000398                . = ALIGN (0x4)
                0x20000398                __bss_end__ = .

.heap           0x20000398      0x400
                0x20000398                __HeapBase = .
                0x20000398                __end__ = .
                0x20000398                end = __end__
                0x20000398                _end = __end__
 *(.heap*)
 .heap          0x20000398      0x400 ./CMSIS/EFM32HG/startup_gcc_efm32hg.o
                0x20000798                __HeapLimit = .

.stack_dummy    0x20000398      0x400
 *(.stack*)
 .stack         0x20000398      0x400 ./CMSIS/EFM32HG/startup_gcc_efm32hg.o
                0x20002000                __StackTop = (ORIGIN (RAM) + 0x2000)
                0x20001c00                __StackLimit = (__StackTop - SIZEOF (.stack_dummy))
                0x20002000                PROVIDE (__stack, __StackTop)
                0x00000001                ASSERT ((__StackLimit >= __HeapLimit), region RAM overflowed with stack)
                0x00000001                ASSERT ((0x10000 >= (__etext + SIZEOF (.data))), FLASH memory overflowed !)
OUTPUT(gesture_bt121_forDB.axf elf32-littlearm)

.ARM.attributes
                0x00000000       0x28
 .ARM.attributes
                0x00000000       0x1e c:/siliconlabs/simplicitystudio/v4/developer/toolchains/gnu_arm/4.8_2013q4/bin/../lib/gcc/arm-none-eabi/4.8.3/armv6-m/crti.o
 .ARM.attributes
                0x0000001e       0x2c c:/siliconlabs/simplicitystudio/v4/developer/toolchains/gnu_arm/4.8_2013q4/bin/../lib/gcc/arm-none-eabi/4.8.3/armv6-m/crtbegin.o
 .ARM.attributes
                0x0000004a       0x1b c:/siliconlabs/simplicitystudio/v4/developer/toolchains/gnu_arm/4.8_2013q4/bin/../lib/gcc/arm-none-eabi/4.8.3/../../../../arm-none-eabi/lib/armv6-m/crt0.o
 .ARM.attributes
                0x00000065       0x1b ./CMSIS/EFM32HG/startup_gcc_efm32hg.o
 .ARM.attributes
                0x00000080       0x32 ./CMSIS/EFM32HG/system_efm32hg.o
 .ARM.attributes
                0x000000b2       0x32 ./bglib/bglib_txrx.o
 .ARM.attributes
                0x000000e4       0x32 ./emlib/em_cmu.o
 .ARM.attributes
                0x00000116       0x32 ./emlib/em_emu.o
 .ARM.attributes
                0x00000148       0x32 ./emlib/em_i2c.o
 .ARM.attributes
                0x0000017a       0x32 ./emlib/em_timer.o
 .ARM.attributes
                0x000001ac       0x32 ./emlib/em_usart.o
 .ARM.attributes
                0x000001de       0x32 ./src/InitDevice.o
 .ARM.attributes
                0x00000210       0x32 ./src/gestureRecognition.o
 .ARM.attributes
                0x00000242       0x32 ./src/gesture_bt121_main.o
 .ARM.attributes
                0x00000274       0x32 ./src/key_input.o
 .ARM.attributes
                0x000002a6       0x32 ./src/sensor.o
 .ARM.attributes
                0x000002d8       0x32 ./src/user_delay.o
 .ARM.attributes
                0x0000030a       0x32 ./src/user_usart.o
 .ARM.attributes
                0x0000033c       0x1e c:/siliconlabs/simplicitystudio/v4/developer/toolchains/gnu_arm/4.8_2013q4/bin/../lib/gcc/arm-none-eabi/4.8.3/armv6-m\libgcc.a(_udivsi3.o)
 .ARM.attributes
                0x0000035a       0x1e c:/siliconlabs/simplicitystudio/v4/developer/toolchains/gnu_arm/4.8_2013q4/bin/../lib/gcc/arm-none-eabi/4.8.3/armv6-m\libgcc.a(_divsi3.o)
 .ARM.attributes
                0x00000378       0x1e c:/siliconlabs/simplicitystudio/v4/developer/toolchains/gnu_arm/4.8_2013q4/bin/../lib/gcc/arm-none-eabi/4.8.3/armv6-m\libgcc.a(_dvmd_tls.o)
 .ARM.attributes
                0x00000396       0x1e c:/siliconlabs/simplicitystudio/v4/developer/toolchains/gnu_arm/4.8_2013q4/bin/../lib/gcc/arm-none-eabi/4.8.3/armv6-m\libgcc.a(_arm_cmpdf2.o)
 .ARM.attributes
                0x000003b4       0x1e c:/siliconlabs/simplicitystudio/v4/developer/toolchains/gnu_arm/4.8_2013q4/bin/../lib/gcc/arm-none-eabi/4.8.3/armv6-m\libgcc.a(_arm_cmpsf2.o)
 .ARM.attributes
                0x000003d2       0x1e c:/siliconlabs/simplicitystudio/v4/developer/toolchains/gnu_arm/4.8_2013q4/bin/../lib/gcc/arm-none-eabi/4.8.3/armv6-m\libgcc.a(_clzsi2.o)
 .ARM.attributes
                0x000003f0       0x2c c:/siliconlabs/simplicitystudio/v4/developer/toolchains/gnu_arm/4.8_2013q4/bin/../lib/gcc/arm-none-eabi/4.8.3/armv6-m\libgcc.a(_fixunssfsi.o)
 .ARM.attributes
                0x0000041c       0x2c c:/siliconlabs/simplicitystudio/v4/developer/toolchains/gnu_arm/4.8_2013q4/bin/../lib/gcc/arm-none-eabi/4.8.3/armv6-m\libgcc.a(addsf3.o)
 .ARM.attributes
                0x00000448       0x2c c:/siliconlabs/simplicitystudio/v4/developer/toolchains/gnu_arm/4.8_2013q4/bin/../lib/gcc/arm-none-eabi/4.8.3/armv6-m\libgcc.a(divsf3.o)
 .ARM.attributes
                0x00000474       0x2c c:/siliconlabs/simplicitystudio/v4/developer/toolchains/gnu_arm/4.8_2013q4/bin/../lib/gcc/arm-none-eabi/4.8.3/armv6-m\libgcc.a(eqsf2.o)
 .ARM.attributes
                0x000004a0       0x2c c:/siliconlabs/simplicitystudio/v4/developer/toolchains/gnu_arm/4.8_2013q4/bin/../lib/gcc/arm-none-eabi/4.8.3/armv6-m\libgcc.a(gesf2.o)
 .ARM.attributes
                0x000004cc       0x2c c:/siliconlabs/simplicitystudio/v4/developer/toolchains/gnu_arm/4.8_2013q4/bin/../lib/gcc/arm-none-eabi/4.8.3/armv6-m\libgcc.a(lesf2.o)
 .ARM.attributes
                0x000004f8       0x2c c:/siliconlabs/simplicitystudio/v4/developer/toolchains/gnu_arm/4.8_2013q4/bin/../lib/gcc/arm-none-eabi/4.8.3/armv6-m\libgcc.a(mulsf3.o)
 .ARM.attributes
                0x00000524       0x2c c:/siliconlabs/simplicitystudio/v4/developer/toolchains/gnu_arm/4.8_2013q4/bin/../lib/gcc/arm-none-eabi/4.8.3/armv6-m\libgcc.a(subsf3.o)
 .ARM.attributes
                0x00000550       0x2c c:/siliconlabs/simplicitystudio/v4/developer/toolchains/gnu_arm/4.8_2013q4/bin/../lib/gcc/arm-none-eabi/4.8.3/armv6-m\libgcc.a(fixsfsi.o)
 .ARM.attributes
                0x0000057c       0x2c c:/siliconlabs/simplicitystudio/v4/developer/toolchains/gnu_arm/4.8_2013q4/bin/../lib/gcc/arm-none-eabi/4.8.3/armv6-m\libgcc.a(floatsisf.o)
 .ARM.attributes
                0x000005a8       0x2c c:/siliconlabs/simplicitystudio/v4/developer/toolchains/gnu_arm/4.8_2013q4/bin/../lib/gcc/arm-none-eabi/4.8.3/armv6-m\libgcc.a(adddf3.o)
 .ARM.attributes
                0x000005d4       0x2c c:/siliconlabs/simplicitystudio/v4/developer/toolchains/gnu_arm/4.8_2013q4/bin/../lib/gcc/arm-none-eabi/4.8.3/armv6-m\libgcc.a(divdf3.o)
 .ARM.attributes
                0x00000600       0x2c c:/siliconlabs/simplicitystudio/v4/developer/toolchains/gnu_arm/4.8_2013q4/bin/../lib/gcc/arm-none-eabi/4.8.3/armv6-m\libgcc.a(eqdf2.o)
 .ARM.attributes
                0x0000062c       0x2c c:/siliconlabs/simplicitystudio/v4/developer/toolchains/gnu_arm/4.8_2013q4/bin/../lib/gcc/arm-none-eabi/4.8.3/armv6-m\libgcc.a(gedf2.o)
 .ARM.attributes
                0x00000658       0x2c c:/siliconlabs/simplicitystudio/v4/developer/toolchains/gnu_arm/4.8_2013q4/bin/../lib/gcc/arm-none-eabi/4.8.3/armv6-m\libgcc.a(ledf2.o)
 .ARM.attributes
                0x00000684       0x2c c:/siliconlabs/simplicitystudio/v4/developer/toolchains/gnu_arm/4.8_2013q4/bin/../lib/gcc/arm-none-eabi/4.8.3/armv6-m\libgcc.a(muldf3.o)
 .ARM.attributes
                0x000006b0       0x2c c:/siliconlabs/simplicitystudio/v4/developer/toolchains/gnu_arm/4.8_2013q4/bin/../lib/gcc/arm-none-eabi/4.8.3/armv6-m\libgcc.a(floatunsidf.o)
 .ARM.attributes
                0x000006dc       0x2c c:/siliconlabs/simplicitystudio/v4/developer/toolchains/gnu_arm/4.8_2013q4/bin/../lib/gcc/arm-none-eabi/4.8.3/armv6-m\libgcc.a(extendsfdf2.o)
 .ARM.attributes
                0x00000708       0x2c c:/siliconlabs/simplicitystudio/v4/developer/toolchains/gnu_arm/4.8_2013q4/bin/../lib/gcc/arm-none-eabi/4.8.3/armv6-m\libgcc.a(truncdfsf2.o)
 .ARM.attributes
                0x00000734       0x2c c:/siliconlabs/simplicitystudio/v4/developer/toolchains/gnu_arm/4.8_2013q4/bin/../lib/gcc/arm-none-eabi/4.8.3/../../../../arm-none-eabi/lib/armv6-m\libc_s.a(lib_a-abs.o)
 .ARM.attributes
                0x00000760       0x2c c:/siliconlabs/simplicitystudio/v4/developer/toolchains/gnu_arm/4.8_2013q4/bin/../lib/gcc/arm-none-eabi/4.8.3/../../../../arm-none-eabi/lib/armv6-m\libc_s.a(lib_a-exit.o)
 .ARM.attributes
                0x0000078c       0x2c c:/siliconlabs/simplicitystudio/v4/developer/toolchains/gnu_arm/4.8_2013q4/bin/../lib/gcc/arm-none-eabi/4.8.3/../../../../arm-none-eabi/lib/armv6-m\libc_s.a(lib_a-impure.o)
 .ARM.attributes
                0x000007b8       0x2c c:/siliconlabs/simplicitystudio/v4/developer/toolchains/gnu_arm/4.8_2013q4/bin/../lib/gcc/arm-none-eabi/4.8.3/../../../../arm-none-eabi/lib/armv6-m\libc_s.a(lib_a-init.o)
 .ARM.attributes
                0x000007e4       0x2c c:/siliconlabs/simplicitystudio/v4/developer/toolchains/gnu_arm/4.8_2013q4/bin/../lib/gcc/arm-none-eabi/4.8.3/../../../../arm-none-eabi/lib/armv6-m\libc_s.a(lib_a-memcpy-stub.o)
 .ARM.attributes
                0x00000810       0x2c c:/siliconlabs/simplicitystudio/v4/developer/toolchains/gnu_arm/4.8_2013q4/bin/../lib/gcc/arm-none-eabi/4.8.3/../../../../arm-none-eabi/lib/armv6-m\libc_s.a(lib_a-memset.o)
 .ARM.attributes
                0x0000083c       0x2c c:/siliconlabs/simplicitystudio/v4/developer/toolchains/gnu_arm/4.8_2013q4/bin/../lib/gcc/arm-none-eabi/4.8.3/../../../../arm-none-eabi/lib/armv6-m\libc_s.a(lib_a-printf.o)
 .ARM.attributes
                0x00000868       0x2c c:/siliconlabs/simplicitystudio/v4/developer/toolchains/gnu_arm/4.8_2013q4/bin/../lib/gcc/arm-none-eabi/4.8.3/../../../../arm-none-eabi/lib/armv6-m\libc_s.a(lib_a-sprintf.o)
 .ARM.attributes
                0x00000894       0x2c c:/siliconlabs/simplicitystudio/v4/developer/toolchains/gnu_arm/4.8_2013q4/bin/../lib/gcc/arm-none-eabi/4.8.3/../../../../arm-none-eabi/lib/armv6-m\libc_s.a(lib_a-strlen.o)
 .ARM.attributes
                0x000008c0       0x2c c:/siliconlabs/simplicitystudio/v4/developer/toolchains/gnu_arm/4.8_2013q4/bin/../lib/gcc/arm-none-eabi/4.8.3/../../../../arm-none-eabi/lib/armv6-m\libc_s.a(lib_a-svfprintf.o)
 .ARM.attributes
                0x000008ec       0x2c c:/siliconlabs/simplicitystudio/v4/developer/toolchains/gnu_arm/4.8_2013q4/bin/../lib/gcc/arm-none-eabi/4.8.3/../../../../arm-none-eabi/lib/armv6-m\libc_s.a(lib_a-vfprintf.o)
 .ARM.attributes
                0x00000918       0x2c c:/siliconlabs/simplicitystudio/v4/developer/toolchains/gnu_arm/4.8_2013q4/bin/../lib/gcc/arm-none-eabi/4.8.3/../../../../arm-none-eabi/lib/armv6-m\libc_s.a(lib_a-vfprintf_i.o)
 .ARM.attributes
                0x00000944       0x2c c:/siliconlabs/simplicitystudio/v4/developer/toolchains/gnu_arm/4.8_2013q4/bin/../lib/gcc/arm-none-eabi/4.8.3/../../../../arm-none-eabi/lib/armv6-m\libc_s.a(lib_a-wbuf.o)
 .ARM.attributes
                0x00000970       0x2c c:/siliconlabs/simplicitystudio/v4/developer/toolchains/gnu_arm/4.8_2013q4/bin/../lib/gcc/arm-none-eabi/4.8.3/../../../../arm-none-eabi/lib/armv6-m\libc_s.a(lib_a-wsetup.o)
 .ARM.attributes
                0x0000099c       0x2c c:/siliconlabs/simplicitystudio/v4/developer/toolchains/gnu_arm/4.8_2013q4/bin/../lib/gcc/arm-none-eabi/4.8.3/../../../../arm-none-eabi/lib/armv6-m\libc_s.a(lib_a-fflush.o)
 .ARM.attributes
                0x000009c8       0x2c c:/siliconlabs/simplicitystudio/v4/developer/toolchains/gnu_arm/4.8_2013q4/bin/../lib/gcc/arm-none-eabi/4.8.3/../../../../arm-none-eabi/lib/armv6-m\libc_s.a(lib_a-findfp.o)
 .ARM.attributes
                0x000009f4       0x2c c:/siliconlabs/simplicitystudio/v4/developer/toolchains/gnu_arm/4.8_2013q4/bin/../lib/gcc/arm-none-eabi/4.8.3/../../../../arm-none-eabi/lib/armv6-m\libc_s.a(lib_a-makebuf.o)
 .ARM.attributes
                0x00000a20       0x2c c:/siliconlabs/simplicitystudio/v4/developer/toolchains/gnu_arm/4.8_2013q4/bin/../lib/gcc/arm-none-eabi/4.8.3/../../../../arm-none-eabi/lib/armv6-m\libc_s.a(lib_a-memchr-stub.o)
 .ARM.attributes
                0x00000a4c       0x2c c:/siliconlabs/simplicitystudio/v4/developer/toolchains/gnu_arm/4.8_2013q4/bin/../lib/gcc/arm-none-eabi/4.8.3/../../../../arm-none-eabi/lib/armv6-m\libc_s.a(lib_a-memmove.o)
 .ARM.attributes
                0x00000a78       0x2c c:/siliconlabs/simplicitystudio/v4/developer/toolchains/gnu_arm/4.8_2013q4/bin/../lib/gcc/arm-none-eabi/4.8.3/../../../../arm-none-eabi/lib/armv6-m\libc_s.a(lib_a-nano-freer.o)
 .ARM.attributes
                0x00000aa4       0x2c c:/siliconlabs/simplicitystudio/v4/developer/toolchains/gnu_arm/4.8_2013q4/bin/../lib/gcc/arm-none-eabi/4.8.3/../../../../arm-none-eabi/lib/armv6-m\libc_s.a(lib_a-nano-mallocr.o)
 .ARM.attributes
                0x00000ad0       0x2c c:/siliconlabs/simplicitystudio/v4/developer/toolchains/gnu_arm/4.8_2013q4/bin/../lib/gcc/arm-none-eabi/4.8.3/../../../../arm-none-eabi/lib/armv6-m\libc_s.a(lib_a-nano-reallocr.o)
 .ARM.attributes
                0x00000afc       0x2c c:/siliconlabs/simplicitystudio/v4/developer/toolchains/gnu_arm/4.8_2013q4/bin/../lib/gcc/arm-none-eabi/4.8.3/../../../../arm-none-eabi/lib/armv6-m\libc_s.a(lib_a-sbrkr.o)
 .ARM.attributes
                0x00000b28       0x2c c:/siliconlabs/simplicitystudio/v4/developer/toolchains/gnu_arm/4.8_2013q4/bin/../lib/gcc/arm-none-eabi/4.8.3/../../../../arm-none-eabi/lib/armv6-m\libc_s.a(lib_a-stdio.o)
 .ARM.attributes
                0x00000b54       0x2c c:/siliconlabs/simplicitystudio/v4/developer/toolchains/gnu_arm/4.8_2013q4/bin/../lib/gcc/arm-none-eabi/4.8.3/../../../../arm-none-eabi/lib/armv6-m\libc_s.a(lib_a-writer.o)
 .ARM.attributes
                0x00000b80       0x2c c:/siliconlabs/simplicitystudio/v4/developer/toolchains/gnu_arm/4.8_2013q4/bin/../lib/gcc/arm-none-eabi/4.8.3/../../../../arm-none-eabi/lib/armv6-m\libc_s.a(lib_a-closer.o)
 .ARM.attributes
                0x00000bac       0x2c c:/siliconlabs/simplicitystudio/v4/developer/toolchains/gnu_arm/4.8_2013q4/bin/../lib/gcc/arm-none-eabi/4.8.3/../../../../arm-none-eabi/lib/armv6-m\libc_s.a(lib_a-fstatr.o)
 .ARM.attributes
                0x00000bd8       0x2c c:/siliconlabs/simplicitystudio/v4/developer/toolchains/gnu_arm/4.8_2013q4/bin/../lib/gcc/arm-none-eabi/4.8.3/../../../../arm-none-eabi/lib/armv6-m\libc_s.a(lib_a-isattyr.o)
 .ARM.attributes
                0x00000c04       0x2c c:/siliconlabs/simplicitystudio/v4/developer/toolchains/gnu_arm/4.8_2013q4/bin/../lib/gcc/arm-none-eabi/4.8.3/../../../../arm-none-eabi/lib/armv6-m\libc_s.a(lib_a-lseekr.o)
 .ARM.attributes
                0x00000c30       0x2c c:/siliconlabs/simplicitystudio/v4/developer/toolchains/gnu_arm/4.8_2013q4/bin/../lib/gcc/arm-none-eabi/4.8.3/../../../../arm-none-eabi/lib/armv6-m\libc_s.a(lib_a-nano-msizer.o)
 .ARM.attributes
                0x00000c5c       0x2c c:/siliconlabs/simplicitystudio/v4/developer/toolchains/gnu_arm/4.8_2013q4/bin/../lib/gcc/arm-none-eabi/4.8.3/../../../../arm-none-eabi/lib/armv6-m\libc_s.a(lib_a-readr.o)
 .ARM.attributes
                0x00000c88       0x2c c:/siliconlabs/simplicitystudio/v4/developer/toolchains/gnu_arm/4.8_2013q4/bin/../lib/gcc/arm-none-eabi/4.8.3/../../../../arm-none-eabi/lib/armv6-m\libc_s.a(lib_a-reent.o)
 .ARM.attributes
                0x00000cb4       0x2c c:/siliconlabs/simplicitystudio/v4/developer/toolchains/gnu_arm/4.8_2013q4/bin/../lib/gcc/arm-none-eabi/4.8.3/../../../../arm-none-eabi/lib/armv6-m\libnosys.a(close.o)
 .ARM.attributes
                0x00000ce0       0x2c c:/siliconlabs/simplicitystudio/v4/developer/toolchains/gnu_arm/4.8_2013q4/bin/../lib/gcc/arm-none-eabi/4.8.3/../../../../arm-none-eabi/lib/armv6-m\libnosys.a(fstat.o)
 .ARM.attributes
                0x00000d0c       0x2c c:/siliconlabs/simplicitystudio/v4/developer/toolchains/gnu_arm/4.8_2013q4/bin/../lib/gcc/arm-none-eabi/4.8.3/../../../../arm-none-eabi/lib/armv6-m\libnosys.a(isatty.o)
 .ARM.attributes
                0x00000d38       0x2c c:/siliconlabs/simplicitystudio/v4/developer/toolchains/gnu_arm/4.8_2013q4/bin/../lib/gcc/arm-none-eabi/4.8.3/../../../../arm-none-eabi/lib/armv6-m\libnosys.a(lseek.o)
 .ARM.attributes
                0x00000d64       0x2c c:/siliconlabs/simplicitystudio/v4/developer/toolchains/gnu_arm/4.8_2013q4/bin/../lib/gcc/arm-none-eabi/4.8.3/../../../../arm-none-eabi/lib/armv6-m\libnosys.a(read.o)
 .ARM.attributes
                0x00000d90       0x2c c:/siliconlabs/simplicitystudio/v4/developer/toolchains/gnu_arm/4.8_2013q4/bin/../lib/gcc/arm-none-eabi/4.8.3/../../../../arm-none-eabi/lib/armv6-m\libnosys.a(sbrk.o)
 .ARM.attributes
                0x00000dbc       0x2c c:/siliconlabs/simplicitystudio/v4/developer/toolchains/gnu_arm/4.8_2013q4/bin/../lib/gcc/arm-none-eabi/4.8.3/../../../../arm-none-eabi/lib/armv6-m\libnosys.a(_exit.o)
 .ARM.attributes
                0x00000de8       0x2c c:/siliconlabs/simplicitystudio/v4/developer/toolchains/gnu_arm/4.8_2013q4/bin/../lib/gcc/arm-none-eabi/4.8.3/armv6-m/crtend.o
 .ARM.attributes
                0x00000e14       0x1e c:/siliconlabs/simplicitystudio/v4/developer/toolchains/gnu_arm/4.8_2013q4/bin/../lib/gcc/arm-none-eabi/4.8.3/armv6-m/crtn.o

.comment        0x00000000       0x70
 .comment       0x00000000       0x70 ./CMSIS/EFM32HG/system_efm32hg.o
                                 0x71 (size before relaxing)
 .comment       0x00000000       0x71 ./bglib/bglib_txrx.o
 .comment       0x00000000       0x71 ./emlib/em_cmu.o
 .comment       0x00000000       0x71 ./emlib/em_emu.o
 .comment       0x00000000       0x71 ./emlib/em_i2c.o
 .comment       0x00000000       0x71 ./emlib/em_timer.o
 .comment       0x00000000       0x71 ./emlib/em_usart.o
 .comment       0x00000000       0x71 ./src/InitDevice.o
 .comment       0x00000000       0x71 ./src/gestureRecognition.o
 .comment       0x00000000       0x71 ./src/gesture_bt121_main.o
 .comment       0x00000000       0x71 ./src/key_input.o
 .comment       0x00000000       0x71 ./src/sensor.o
 .comment       0x00000000       0x71 ./src/user_delay.o
 .comment       0x00000000       0x71 ./src/user_usart.o

.debug_line     0x00000000     0x340f
 .debug_line    0x00000000       0x74 ./CMSIS/EFM32HG/startup_gcc_efm32hg.o
 .debug_line    0x00000074      0x1fa ./CMSIS/EFM32HG/system_efm32hg.o
 .debug_line    0x0000026e      0x1f4 ./bglib/bglib_txrx.o
 .debug_line    0x00000462      0x821 ./emlib/em_cmu.o
 .debug_line    0x00000c83      0x3b0 ./emlib/em_emu.o
 .debug_line    0x00001033      0x334 ./emlib/em_i2c.o
 .debug_line    0x00001367      0x456 ./emlib/em_timer.o
 .debug_line    0x000017bd      0x4e6 ./emlib/em_usart.o
 .debug_line    0x00001ca3      0x3e7 ./src/InitDevice.o
 .debug_line    0x0000208a      0x575 ./src/gestureRecognition.o
 .debug_line    0x000025ff      0x290 ./src/gesture_bt121_main.o
 .debug_line    0x0000288f      0x224 ./src/key_input.o
 .debug_line    0x00002ab3      0x2be ./src/sensor.o
 .debug_line    0x00002d71      0x248 ./src/user_delay.o
 .debug_line    0x00002fb9      0x456 ./src/user_usart.o

.debug_info     0x00000000    0x119e2
 .debug_info    0x00000000       0x89 ./CMSIS/EFM32HG/startup_gcc_efm32hg.o
 .debug_info    0x00000089      0x486 ./CMSIS/EFM32HG/system_efm32hg.o
 .debug_info    0x0000050f     0x534b ./bglib/bglib_txrx.o
 .debug_info    0x0000585a     0x1218 ./emlib/em_cmu.o
 .debug_info    0x00006a72      0x63b ./emlib/em_emu.o
 .debug_info    0x000070ad      0x7e5 ./emlib/em_i2c.o
 .debug_info    0x00007892      0x8a3 ./emlib/em_timer.o
 .debug_info    0x00008135      0xe13 ./emlib/em_usart.o
 .debug_info    0x00008f48     0x1196 ./src/InitDevice.o
 .debug_info    0x0000a0de      0xacd ./src/gestureRecognition.o
 .debug_info    0x0000abab     0x5432 ./src/gesture_bt121_main.o
 .debug_info    0x0000ffdd      0x45f ./src/key_input.o
 .debug_info    0x0001043c      0x62e ./src/sensor.o
 .debug_info    0x00010a6a      0x551 ./src/user_delay.o
 .debug_info    0x00010fbb      0xa27 ./src/user_usart.o

.debug_abbrev   0x00000000     0x19c9
 .debug_abbrev  0x00000000       0x14 ./CMSIS/EFM32HG/startup_gcc_efm32hg.o
 .debug_abbrev  0x00000014      0x144 ./CMSIS/EFM32HG/system_efm32hg.o
 .debug_abbrev  0x00000158      0x1ec ./bglib/bglib_txrx.o
 .debug_abbrev  0x00000344      0x2c0 ./emlib/em_cmu.o
 .debug_abbrev  0x00000604      0x1be ./emlib/em_emu.o
 .debug_abbrev  0x000007c2      0x23b ./emlib/em_i2c.o
 .debug_abbrev  0x000009fd      0x1a2 ./emlib/em_timer.o
 .debug_abbrev  0x00000b9f      0x1d9 ./emlib/em_usart.o
 .debug_abbrev  0x00000d78      0x186 ./src/InitDevice.o
 .debug_abbrev  0x00000efe      0x187 ./src/gestureRecognition.o
 .debug_abbrev  0x00001085      0x1f7 ./src/gesture_bt121_main.o
 .debug_abbrev  0x0000127c      0x134 ./src/key_input.o
 .debug_abbrev  0x000013b0      0x21b ./src/sensor.o
 .debug_abbrev  0x000015cb      0x17b ./src/user_delay.o
 .debug_abbrev  0x00001746      0x283 ./src/user_usart.o

.debug_aranges  0x00000000      0x6b8
 .debug_aranges
                0x00000000       0x20 ./CMSIS/EFM32HG/startup_gcc_efm32hg.o
 .debug_aranges
                0x00000020       0x68 ./CMSIS/EFM32HG/system_efm32hg.o
 .debug_aranges
                0x00000088       0x30 ./bglib/bglib_txrx.o
 .debug_aranges
                0x000000b8      0x158 ./emlib/em_cmu.o
 .debug_aranges
                0x00000210       0x70 ./emlib/em_emu.o
 .debug_aranges
                0x00000280       0x60 ./emlib/em_i2c.o
 .debug_aranges
                0x000002e0       0x50 ./emlib/em_timer.o
 .debug_aranges
                0x00000330       0xc0 ./emlib/em_usart.o
 .debug_aranges
                0x000003f0       0xb0 ./src/InitDevice.o
 .debug_aranges
                0x000004a0       0x80 ./src/gestureRecognition.o
 .debug_aranges
                0x00000520       0x30 ./src/gesture_bt121_main.o
 .debug_aranges
                0x00000550       0x30 ./src/key_input.o
 .debug_aranges
                0x00000580       0x50 ./src/sensor.o
 .debug_aranges
                0x000005d0       0x40 ./src/user_delay.o
 .debug_aranges
                0x00000610       0xa8 ./src/user_usart.o

.debug_loc      0x00000000     0x2302
 .debug_loc     0x00000000      0x1e8 ./CMSIS/EFM32HG/system_efm32hg.o
 .debug_loc     0x000001e8       0xa8 ./bglib/bglib_txrx.o
 .debug_loc     0x00000290      0x860 ./emlib/em_cmu.o
 .debug_loc     0x00000af0      0x22c ./emlib/em_emu.o
 .debug_loc     0x00000d1c      0x1f8 ./emlib/em_i2c.o
 .debug_loc     0x00000f14      0x188 ./emlib/em_timer.o
 .debug_loc     0x0000109c      0x49a ./emlib/em_usart.o
 .debug_loc     0x00001536      0x376 ./src/InitDevice.o
 .debug_loc     0x000018ac      0x2ee ./src/gestureRecognition.o
 .debug_loc     0x00001b9a       0xa8 ./src/gesture_bt121_main.o
 .debug_loc     0x00001c42       0x9c ./src/key_input.o
 .debug_loc     0x00001cde      0x188 ./src/sensor.o
 .debug_loc     0x00001e66      0x100 ./src/user_delay.o
 .debug_loc     0x00001f66      0x39c ./src/user_usart.o

.debug_ranges   0x00000000      0x5b8
 .debug_ranges  0x00000000       0x58 ./CMSIS/EFM32HG/system_efm32hg.o
 .debug_ranges  0x00000058       0x20 ./bglib/bglib_txrx.o
 .debug_ranges  0x00000078      0x148 ./emlib/em_cmu.o
 .debug_ranges  0x000001c0       0x60 ./emlib/em_emu.o
 .debug_ranges  0x00000220       0x50 ./emlib/em_i2c.o
 .debug_ranges  0x00000270       0x40 ./emlib/em_timer.o
 .debug_ranges  0x000002b0       0xb0 ./emlib/em_usart.o
 .debug_ranges  0x00000360       0xa0 ./src/InitDevice.o
 .debug_ranges  0x00000400       0x70 ./src/gestureRecognition.o
 .debug_ranges  0x00000470       0x20 ./src/gesture_bt121_main.o
 .debug_ranges  0x00000490       0x20 ./src/key_input.o
 .debug_ranges  0x000004b0       0x40 ./src/sensor.o
 .debug_ranges  0x000004f0       0x30 ./src/user_delay.o
 .debug_ranges  0x00000520       0x98 ./src/user_usart.o

.debug_str      0x00000000     0x9237
 .debug_str     0x00000000      0x3c1 ./CMSIS/EFM32HG/system_efm32hg.o
                                0x420 (size before relaxing)
 .debug_str     0x000003c1     0x62d0 ./bglib/bglib_txrx.o
                               0x6611 (size before relaxing)
 .debug_str     0x00006691      0x9a5 ./emlib/em_cmu.o
                                0xd0a (size before relaxing)
 .debug_str     0x00007036      0x15f ./emlib/em_emu.o
                                0x474 (size before relaxing)
 .debug_str     0x00007195      0x326 ./emlib/em_i2c.o
                                0x71c (size before relaxing)
 .debug_str     0x000074bb      0x6fc ./emlib/em_timer.o
                                0x90d (size before relaxing)
 .debug_str     0x00007bb7      0x84b ./emlib/em_usart.o
                                0xc48 (size before relaxing)
 .debug_str     0x00008402      0x34f ./src/InitDevice.o
                               0x130c (size before relaxing)
 .debug_str     0x00008751      0x36c ./src/gestureRecognition.o
                                0x570 (size before relaxing)
 .debug_str     0x00008abd       0xe3 ./src/gesture_bt121_main.o
                               0x64be (size before relaxing)
 .debug_str     0x00008ba0       0xc6 ./src/key_input.o
                                0x3a7 (size before relaxing)
 .debug_str     0x00008c66      0x25c ./src/sensor.o
                                0x597 (size before relaxing)
 .debug_str     0x00008ec2      0x1f2 ./src/user_delay.o
                                0x5d6 (size before relaxing)
 .debug_str     0x000090b4      0x183 ./src/user_usart.o
                                0x6e5 (size before relaxing)

.debug_frame    0x00000000     0x2280
 .debug_frame   0x00000000      0x138 ./CMSIS/EFM32HG/system_efm32hg.o
 .debug_frame   0x00000138       0x70 ./bglib/bglib_txrx.o
 .debug_frame   0x000001a8      0x4f0 ./emlib/em_cmu.o
 .debug_frame   0x00000698      0x15c ./emlib/em_emu.o
 .debug_frame   0x000007f4      0x130 ./emlib/em_i2c.o
 .debug_frame   0x00000924       0xf0 ./emlib/em_timer.o
 .debug_frame   0x00000a14      0x2b4 ./emlib/em_usart.o
 .debug_frame   0x00000cc8      0x234 ./src/InitDevice.o
 .debug_frame   0x00000efc      0x1c0 ./src/gestureRecognition.o
 .debug_frame   0x000010bc       0x70 ./src/gesture_bt121_main.o
 .debug_frame   0x0000112c       0x74 ./src/key_input.o
 .debug_frame   0x000011a0       0xf0 ./src/sensor.o
 .debug_frame   0x00001290       0xac ./src/user_delay.o
 .debug_frame   0x0000133c      0x234 ./src/user_usart.o
 .debug_frame   0x00001570       0x20 c:/siliconlabs/simplicitystudio/v4/developer/toolchains/gnu_arm/4.8_2013q4/bin/../lib/gcc/arm-none-eabi/4.8.3/armv6-m\libgcc.a(_udivsi3.o)
 .debug_frame   0x00001590       0x20 c:/siliconlabs/simplicitystudio/v4/developer/toolchains/gnu_arm/4.8_2013q4/bin/../lib/gcc/arm-none-eabi/4.8.3/armv6-m\libgcc.a(_divsi3.o)
 .debug_frame   0x000015b0       0x28 c:/siliconlabs/simplicitystudio/v4/developer/toolchains/gnu_arm/4.8_2013q4/bin/../lib/gcc/arm-none-eabi/4.8.3/armv6-m\libgcc.a(_fixunssfsi.o)
 .debug_frame   0x000015d8       0x30 c:/siliconlabs/simplicitystudio/v4/developer/toolchains/gnu_arm/4.8_2013q4/bin/../lib/gcc/arm-none-eabi/4.8.3/armv6-m\libgcc.a(addsf3.o)
 .debug_frame   0x00001608       0x3c c:/siliconlabs/simplicitystudio/v4/developer/toolchains/gnu_arm/4.8_2013q4/bin/../lib/gcc/arm-none-eabi/4.8.3/armv6-m\libgcc.a(divsf3.o)
 .debug_frame   0x00001644       0x2c c:/siliconlabs/simplicitystudio/v4/developer/toolchains/gnu_arm/4.8_2013q4/bin/../lib/gcc/arm-none-eabi/4.8.3/armv6-m\libgcc.a(eqsf2.o)
 .debug_frame   0x00001670       0x30 c:/siliconlabs/simplicitystudio/v4/developer/toolchains/gnu_arm/4.8_2013q4/bin/../lib/gcc/arm-none-eabi/4.8.3/armv6-m\libgcc.a(gesf2.o)
 .debug_frame   0x000016a0       0x30 c:/siliconlabs/simplicitystudio/v4/developer/toolchains/gnu_arm/4.8_2013q4/bin/../lib/gcc/arm-none-eabi/4.8.3/armv6-m\libgcc.a(lesf2.o)
 .debug_frame   0x000016d0       0x3c c:/siliconlabs/simplicitystudio/v4/developer/toolchains/gnu_arm/4.8_2013q4/bin/../lib/gcc/arm-none-eabi/4.8.3/armv6-m\libgcc.a(mulsf3.o)
 .debug_frame   0x0000170c       0x30 c:/siliconlabs/simplicitystudio/v4/developer/toolchains/gnu_arm/4.8_2013q4/bin/../lib/gcc/arm-none-eabi/4.8.3/armv6-m\libgcc.a(subsf3.o)
 .debug_frame   0x0000173c       0x20 c:/siliconlabs/simplicitystudio/v4/developer/toolchains/gnu_arm/4.8_2013q4/bin/../lib/gcc/arm-none-eabi/4.8.3/armv6-m\libgcc.a(fixsfsi.o)
 .debug_frame   0x0000175c       0x2c c:/siliconlabs/simplicitystudio/v4/developer/toolchains/gnu_arm/4.8_2013q4/bin/../lib/gcc/arm-none-eabi/4.8.3/armv6-m\libgcc.a(floatsisf.o)
 .debug_frame   0x00001788       0x3c c:/siliconlabs/simplicitystudio/v4/developer/toolchains/gnu_arm/4.8_2013q4/bin/../lib/gcc/arm-none-eabi/4.8.3/armv6-m\libgcc.a(adddf3.o)
 .debug_frame   0x000017c4       0x3c c:/siliconlabs/simplicitystudio/v4/developer/toolchains/gnu_arm/4.8_2013q4/bin/../lib/gcc/arm-none-eabi/4.8.3/armv6-m\libgcc.a(divdf3.o)
 .debug_frame   0x00001800       0x3c c:/siliconlabs/simplicitystudio/v4/developer/toolchains/gnu_arm/4.8_2013q4/bin/../lib/gcc/arm-none-eabi/4.8.3/armv6-m\libgcc.a(eqdf2.o)
 .debug_frame   0x0000183c       0x38 c:/siliconlabs/simplicitystudio/v4/developer/toolchains/gnu_arm/4.8_2013q4/bin/../lib/gcc/arm-none-eabi/4.8.3/armv6-m\libgcc.a(gedf2.o)
 .debug_frame   0x00001874       0x3c c:/siliconlabs/simplicitystudio/v4/developer/toolchains/gnu_arm/4.8_2013q4/bin/../lib/gcc/arm-none-eabi/4.8.3/armv6-m\libgcc.a(ledf2.o)
 .debug_frame   0x000018b0       0x3c c:/siliconlabs/simplicitystudio/v4/developer/toolchains/gnu_arm/4.8_2013q4/bin/../lib/gcc/arm-none-eabi/4.8.3/armv6-m\libgcc.a(muldf3.o)
 .debug_frame   0x000018ec       0x28 c:/siliconlabs/simplicitystudio/v4/developer/toolchains/gnu_arm/4.8_2013q4/bin/../lib/gcc/arm-none-eabi/4.8.3/armv6-m\libgcc.a(floatunsidf.o)
 .debug_frame   0x00001914       0x2c c:/siliconlabs/simplicitystudio/v4/developer/toolchains/gnu_arm/4.8_2013q4/bin/../lib/gcc/arm-none-eabi/4.8.3/armv6-m\libgcc.a(extendsfdf2.o)
 .debug_frame   0x00001940       0x30 c:/siliconlabs/simplicitystudio/v4/developer/toolchains/gnu_arm/4.8_2013q4/bin/../lib/gcc/arm-none-eabi/4.8.3/armv6-m\libgcc.a(truncdfsf2.o)
 .debug_frame   0x00001970       0x20 c:/siliconlabs/simplicitystudio/v4/developer/toolchains/gnu_arm/4.8_2013q4/bin/../lib/gcc/arm-none-eabi/4.8.3/../../../../arm-none-eabi/lib/armv6-m\libc_s.a(lib_a-abs.o)
 .debug_frame   0x00001990       0x28 c:/siliconlabs/simplicitystudio/v4/developer/toolchains/gnu_arm/4.8_2013q4/bin/../lib/gcc/arm-none-eabi/4.8.3/../../../../arm-none-eabi/lib/armv6-m\libc_s.a(lib_a-exit.o)
 .debug_frame   0x000019b8       0x2c c:/siliconlabs/simplicitystudio/v4/developer/toolchains/gnu_arm/4.8_2013q4/bin/../lib/gcc/arm-none-eabi/4.8.3/../../../../arm-none-eabi/lib/armv6-m\libc_s.a(lib_a-init.o)
 .debug_frame   0x000019e4       0x28 c:/siliconlabs/simplicitystudio/v4/developer/toolchains/gnu_arm/4.8_2013q4/bin/../lib/gcc/arm-none-eabi/4.8.3/../../../../arm-none-eabi/lib/armv6-m\libc_s.a(lib_a-memcpy-stub.o)
 .debug_frame   0x00001a0c       0x20 c:/siliconlabs/simplicitystudio/v4/developer/toolchains/gnu_arm/4.8_2013q4/bin/../lib/gcc/arm-none-eabi/4.8.3/../../../../arm-none-eabi/lib/armv6-m\libc_s.a(lib_a-memset.o)
 .debug_frame   0x00001a2c       0x50 c:/siliconlabs/simplicitystudio/v4/developer/toolchains/gnu_arm/4.8_2013q4/bin/../lib/gcc/arm-none-eabi/4.8.3/../../../../arm-none-eabi/lib/armv6-m\libc_s.a(lib_a-printf.o)
 .debug_frame   0x00001a7c       0x4c c:/siliconlabs/simplicitystudio/v4/developer/toolchains/gnu_arm/4.8_2013q4/bin/../lib/gcc/arm-none-eabi/4.8.3/../../../../arm-none-eabi/lib/armv6-m\libc_s.a(lib_a-sprintf.o)
 .debug_frame   0x00001ac8       0x20 c:/siliconlabs/simplicitystudio/v4/developer/toolchains/gnu_arm/4.8_2013q4/bin/../lib/gcc/arm-none-eabi/4.8.3/../../../../arm-none-eabi/lib/armv6-m\libc_s.a(lib_a-strlen.o)
 .debug_frame   0x00001ae8       0x74 c:/siliconlabs/simplicitystudio/v4/developer/toolchains/gnu_arm/4.8_2013q4/bin/../lib/gcc/arm-none-eabi/4.8.3/../../../../arm-none-eabi/lib/armv6-m\libc_s.a(lib_a-svfprintf.o)
 .debug_frame   0x00001b5c       0xa0 c:/siliconlabs/simplicitystudio/v4/developer/toolchains/gnu_arm/4.8_2013q4/bin/../lib/gcc/arm-none-eabi/4.8.3/../../../../arm-none-eabi/lib/armv6-m\libc_s.a(lib_a-vfprintf.o)
 .debug_frame   0x00001bfc       0x54 c:/siliconlabs/simplicitystudio/v4/developer/toolchains/gnu_arm/4.8_2013q4/bin/../lib/gcc/arm-none-eabi/4.8.3/../../../../arm-none-eabi/lib/armv6-m\libc_s.a(lib_a-vfprintf_i.o)
 .debug_frame   0x00001c50       0x44 c:/siliconlabs/simplicitystudio/v4/developer/toolchains/gnu_arm/4.8_2013q4/bin/../lib/gcc/arm-none-eabi/4.8.3/../../../../arm-none-eabi/lib/armv6-m\libc_s.a(lib_a-wbuf.o)
 .debug_frame   0x00001c94       0x2c c:/siliconlabs/simplicitystudio/v4/developer/toolchains/gnu_arm/4.8_2013q4/bin/../lib/gcc/arm-none-eabi/4.8.3/../../../../arm-none-eabi/lib/armv6-m\libc_s.a(lib_a-wsetup.o)
 .debug_frame   0x00001cc0       0x68 c:/siliconlabs/simplicitystudio/v4/developer/toolchains/gnu_arm/4.8_2013q4/bin/../lib/gcc/arm-none-eabi/4.8.3/../../../../arm-none-eabi/lib/armv6-m\libc_s.a(lib_a-fflush.o)
 .debug_frame   0x00001d28      0x148 c:/siliconlabs/simplicitystudio/v4/developer/toolchains/gnu_arm/4.8_2013q4/bin/../lib/gcc/arm-none-eabi/4.8.3/../../../../arm-none-eabi/lib/armv6-m\libc_s.a(lib_a-findfp.o)
 .debug_frame   0x00001e70       0x30 c:/siliconlabs/simplicitystudio/v4/developer/toolchains/gnu_arm/4.8_2013q4/bin/../lib/gcc/arm-none-eabi/4.8.3/../../../../arm-none-eabi/lib/armv6-m\libc_s.a(lib_a-makebuf.o)
 .debug_frame   0x00001ea0       0x20 c:/siliconlabs/simplicitystudio/v4/developer/toolchains/gnu_arm/4.8_2013q4/bin/../lib/gcc/arm-none-eabi/4.8.3/../../../../arm-none-eabi/lib/armv6-m\libc_s.a(lib_a-memchr-stub.o)
 .debug_frame   0x00001ec0       0x2c c:/siliconlabs/simplicitystudio/v4/developer/toolchains/gnu_arm/4.8_2013q4/bin/../lib/gcc/arm-none-eabi/4.8.3/../../../../arm-none-eabi/lib/armv6-m\libc_s.a(lib_a-memmove.o)
 .debug_frame   0x00001eec       0x2c c:/siliconlabs/simplicitystudio/v4/developer/toolchains/gnu_arm/4.8_2013q4/bin/../lib/gcc/arm-none-eabi/4.8.3/../../../../arm-none-eabi/lib/armv6-m\libc_s.a(lib_a-nano-freer.o)
 .debug_frame   0x00001f18       0x2c c:/siliconlabs/simplicitystudio/v4/developer/toolchains/gnu_arm/4.8_2013q4/bin/../lib/gcc/arm-none-eabi/4.8.3/../../../../arm-none-eabi/lib/armv6-m\libc_s.a(lib_a-nano-mallocr.o)
 .debug_frame   0x00001f44       0x30 c:/siliconlabs/simplicitystudio/v4/developer/toolchains/gnu_arm/4.8_2013q4/bin/../lib/gcc/arm-none-eabi/4.8.3/../../../../arm-none-eabi/lib/armv6-m\libc_s.a(lib_a-nano-reallocr.o)
 .debug_frame   0x00001f74       0x2c c:/siliconlabs/simplicitystudio/v4/developer/toolchains/gnu_arm/4.8_2013q4/bin/../lib/gcc/arm-none-eabi/4.8.3/../../../../arm-none-eabi/lib/armv6-m\libc_s.a(lib_a-sbrkr.o)
 .debug_frame   0x00001fa0       0x90 c:/siliconlabs/simplicitystudio/v4/developer/toolchains/gnu_arm/4.8_2013q4/bin/../lib/gcc/arm-none-eabi/4.8.3/../../../../arm-none-eabi/lib/armv6-m\libc_s.a(lib_a-stdio.o)
 .debug_frame   0x00002030       0x2c c:/siliconlabs/simplicitystudio/v4/developer/toolchains/gnu_arm/4.8_2013q4/bin/../lib/gcc/arm-none-eabi/4.8.3/../../../../arm-none-eabi/lib/armv6-m\libc_s.a(lib_a-writer.o)
 .debug_frame   0x0000205c       0x2c c:/siliconlabs/simplicitystudio/v4/developer/toolchains/gnu_arm/4.8_2013q4/bin/../lib/gcc/arm-none-eabi/4.8.3/../../../../arm-none-eabi/lib/armv6-m\libc_s.a(lib_a-closer.o)
 .debug_frame   0x00002088       0x2c c:/siliconlabs/simplicitystudio/v4/developer/toolchains/gnu_arm/4.8_2013q4/bin/../lib/gcc/arm-none-eabi/4.8.3/../../../../arm-none-eabi/lib/armv6-m\libc_s.a(lib_a-fstatr.o)
 .debug_frame   0x000020b4       0x2c c:/siliconlabs/simplicitystudio/v4/developer/toolchains/gnu_arm/4.8_2013q4/bin/../lib/gcc/arm-none-eabi/4.8.3/../../../../arm-none-eabi/lib/armv6-m\libc_s.a(lib_a-isattyr.o)
 .debug_frame   0x000020e0       0x2c c:/siliconlabs/simplicitystudio/v4/developer/toolchains/gnu_arm/4.8_2013q4/bin/../lib/gcc/arm-none-eabi/4.8.3/../../../../arm-none-eabi/lib/armv6-m\libc_s.a(lib_a-lseekr.o)
 .debug_frame   0x0000210c       0x20 c:/siliconlabs/simplicitystudio/v4/developer/toolchains/gnu_arm/4.8_2013q4/bin/../lib/gcc/arm-none-eabi/4.8.3/../../../../arm-none-eabi/lib/armv6-m\libc_s.a(lib_a-nano-msizer.o)
 .debug_frame   0x0000212c       0x2c c:/siliconlabs/simplicitystudio/v4/developer/toolchains/gnu_arm/4.8_2013q4/bin/../lib/gcc/arm-none-eabi/4.8.3/../../../../arm-none-eabi/lib/armv6-m\libc_s.a(lib_a-readr.o)
 .debug_frame   0x00002158       0x48 c:/siliconlabs/simplicitystudio/v4/developer/toolchains/gnu_arm/4.8_2013q4/bin/../lib/gcc/arm-none-eabi/4.8.3/../../../../arm-none-eabi/lib/armv6-m\libc_s.a(lib_a-reent.o)
 .debug_frame   0x000021a0       0x20 c:/siliconlabs/simplicitystudio/v4/developer/toolchains/gnu_arm/4.8_2013q4/bin/../lib/gcc/arm-none-eabi/4.8.3/../../../../arm-none-eabi/lib/armv6-m\libnosys.a(close.o)
 .debug_frame   0x000021c0       0x20 c:/siliconlabs/simplicitystudio/v4/developer/toolchains/gnu_arm/4.8_2013q4/bin/../lib/gcc/arm-none-eabi/4.8.3/../../../../arm-none-eabi/lib/armv6-m\libnosys.a(fstat.o)
 .debug_frame   0x000021e0       0x20 c:/siliconlabs/simplicitystudio/v4/developer/toolchains/gnu_arm/4.8_2013q4/bin/../lib/gcc/arm-none-eabi/4.8.3/../../../../arm-none-eabi/lib/armv6-m\libnosys.a(isatty.o)
 .debug_frame   0x00002200       0x20 c:/siliconlabs/simplicitystudio/v4/developer/toolchains/gnu_arm/4.8_2013q4/bin/../lib/gcc/arm-none-eabi/4.8.3/../../../../arm-none-eabi/lib/armv6-m\libnosys.a(lseek.o)
 .debug_frame   0x00002220       0x20 c:/siliconlabs/simplicitystudio/v4/developer/toolchains/gnu_arm/4.8_2013q4/bin/../lib/gcc/arm-none-eabi/4.8.3/../../../../arm-none-eabi/lib/armv6-m\libnosys.a(read.o)
 .debug_frame   0x00002240       0x20 c:/siliconlabs/simplicitystudio/v4/developer/toolchains/gnu_arm/4.8_2013q4/bin/../lib/gcc/arm-none-eabi/4.8.3/../../../../arm-none-eabi/lib/armv6-m\libnosys.a(sbrk.o)
 .debug_frame   0x00002260       0x20 c:/siliconlabs/simplicitystudio/v4/developer/toolchains/gnu_arm/4.8_2013q4/bin/../lib/gcc/arm-none-eabi/4.8.3/../../../../arm-none-eabi/lib/armv6-m\libnosys.a(_exit.o)

.stab           0x00000000       0x84
 .stab          0x00000000       0x24 c:/siliconlabs/simplicitystudio/v4/developer/toolchains/gnu_arm/4.8_2013q4/bin/../lib/gcc/arm-none-eabi/4.8.3/../../../../arm-none-eabi/lib/armv6-m\libnosys.a(close.o)
 .stab          0x00000024       0x18 c:/siliconlabs/simplicitystudio/v4/developer/toolchains/gnu_arm/4.8_2013q4/bin/../lib/gcc/arm-none-eabi/4.8.3/../../../../arm-none-eabi/lib/armv6-m\libnosys.a(fstat.o)
                                 0x24 (size before relaxing)
 .stab          0x0000003c       0x18 c:/siliconlabs/simplicitystudio/v4/developer/toolchains/gnu_arm/4.8_2013q4/bin/../lib/gcc/arm-none-eabi/4.8.3/../../../../arm-none-eabi/lib/armv6-m\libnosys.a(isatty.o)
                                 0x24 (size before relaxing)
 .stab          0x00000054       0x18 c:/siliconlabs/simplicitystudio/v4/developer/toolchains/gnu_arm/4.8_2013q4/bin/../lib/gcc/arm-none-eabi/4.8.3/../../../../arm-none-eabi/lib/armv6-m\libnosys.a(lseek.o)
                                 0x24 (size before relaxing)
 .stab          0x0000006c       0x18 c:/siliconlabs/simplicitystudio/v4/developer/toolchains/gnu_arm/4.8_2013q4/bin/../lib/gcc/arm-none-eabi/4.8.3/../../../../arm-none-eabi/lib/armv6-m\libnosys.a(read.o)
                                 0x24 (size before relaxing)

.stabstr        0x00000000      0x117
 .stabstr       0x00000000      0x117 c:/siliconlabs/simplicitystudio/v4/developer/toolchains/gnu_arm/4.8_2013q4/bin/../lib/gcc/arm-none-eabi/4.8.3/../../../../arm-none-eabi/lib/armv6-m\libnosys.a(close.o)
